stm32f4xx_hal_rtc_ex.c:157:19:HAL_RTCEx_SetTimeStamp	8	static
stm32f4xx_hal_rtc_ex.c:217:19:HAL_RTCEx_SetTimeStamp_IT	8	static
stm32f4xx_hal_rtc_ex.c:274:19:HAL_RTCEx_DeactivateTimeStamp	0	static
stm32f4xx_hal_rtc_ex.c:318:19:HAL_RTCEx_GetTimeStamp	24	static
stm32f4xx_hal_rtc_ex.c:370:19:HAL_RTCEx_SetTamper	4	static
stm32f4xx_hal_rtc_ex.c:420:19:HAL_RTCEx_SetTamper_IT	8	static
stm32f4xx_hal_rtc_ex.c:490:19:HAL_RTCEx_DeactivateTamper	4	static
stm32f4xx_hal_rtc_ex.c:571:13:HAL_RTCEx_TimeStampEventCallback	0	static
stm32f4xx_hal_rtc_ex.c:586:13:HAL_RTCEx_Tamper1EventCallback	0	static
stm32f4xx_hal_rtc_ex.c:601:13:HAL_RTCEx_Tamper2EventCallback	0	static
stm32f4xx_hal_rtc_ex.c:516:6:HAL_RTCEx_TamperTimeStampIRQHandler	8	static
stm32f4xx_hal_rtc_ex.c:617:19:HAL_RTCEx_PollForTimeStampEvent	16	static
stm32f4xx_hal_rtc_ex.c:660:19:HAL_RTCEx_PollForTamper1Event	16	static
stm32f4xx_hal_rtc_ex.c:696:19:HAL_RTCEx_PollForTamper2Event	16	static
stm32f4xx_hal_rtc_ex.c:751:19:HAL_RTCEx_SetWakeUpTimer	24	static
stm32f4xx_hal_rtc_ex.c:842:19:HAL_RTCEx_SetWakeUpTimer_IT	16	static
stm32f4xx_hal_rtc_ex.c:942:10:HAL_RTCEx_DeactivateWakeUpTimer	16	static
stm32f4xx_hal_rtc_ex.c:997:10:HAL_RTCEx_GetWakeUpTimer	0	static
stm32f4xx_hal_rtc_ex.c:1037:13:HAL_RTCEx_WakeUpTimerEventCallback	0	static
stm32f4xx_hal_rtc_ex.c:1009:6:HAL_RTCEx_WakeUpTimerIRQHandler	8	static
stm32f4xx_hal_rtc_ex.c:1053:19:HAL_RTCEx_PollForWakeUpTimerEvent	16	static
stm32f4xx_hal_rtc_ex.c:1123:6:HAL_RTCEx_BKUPWrite	0	static
stm32f4xx_hal_rtc_ex.c:1146:10:HAL_RTCEx_BKUPRead	0	static
stm32f4xx_hal_rtc_ex.c:1177:19:HAL_RTCEx_SetCoarseCalib	16	static
stm32f4xx_hal_rtc_ex.c:1235:19:HAL_RTCEx_DeactivateCoarseCalib	8	static
stm32f4xx_hal_rtc_ex.c:1300:19:HAL_RTCEx_SetSmoothCalib	24	static
stm32f4xx_hal_rtc_ex.c:1370:19:HAL_RTCEx_SetSynchroShift	24	static
stm32f4xx_hal_rtc_ex.c:1465:19:HAL_RTCEx_SetCalibrationOutPut	4	static
stm32f4xx_hal_rtc_ex.c:1504:19:HAL_RTCEx_DeactivateCalibrationOutPut	0	static
stm32f4xx_hal_rtc_ex.c:1534:19:HAL_RTCEx_SetRefClock	8	static
stm32f4xx_hal_rtc_ex.c:1584:19:HAL_RTCEx_DeactivateRefClock	8	static
stm32f4xx_hal_rtc_ex.c:1636:19:HAL_RTCEx_EnableBypassShadow	0	static
stm32f4xx_hal_rtc_ex.c:1669:19:HAL_RTCEx_DisableBypassShadow	0	static
stm32f4xx_hal_rtc_ex.c:1719:13:HAL_RTCEx_AlarmBEventCallback	0	static
stm32f4xx_hal_rtc_ex.c:1735:19:HAL_RTCEx_PollForAlarmBEvent	16	static
