stm32f4xx_hal_rtc.c:390:13:HAL_RTC_MspInit	0	static
stm32f4xx_hal_rtc.c:405:13:HAL_RTC_MspDeInit	0	static
stm32f4xx_hal_rtc.c:1157:19:HAL_RTC_DeactivateAlarm	16	static
stm32f4xx_hal_rtc.c:1346:13:HAL_RTC_AlarmAEventCallback	0	static
stm32f4xx_hal_rtc.c:1305:6:HAL_RTC_AlarmIRQHandler	8	static
stm32f4xx_hal_rtc.c:1362:19:HAL_RTC_PollForAlarmAEvent	16	static
stm32f4xx_hal_rtc.c:1424:19:HAL_RTC_WaitForSynchro	16	static
stm32f4xx_hal_rtc.c:1470:21:HAL_RTC_GetState	0	static
stm32f4xx_hal_rtc.c:1487:19:RTC_EnterInitMode	16	static
stm32f4xx_hal_rtc.c:201:19:HAL_RTC_Init	16	static
stm32f4xx_hal_rtc.c:290:19:HAL_RTC_DeInit	16	static
stm32f4xx_hal_rtc.c:1519:9:RTC_ByteToBcd2	0	static
stm32f4xx_hal_rtc.c:620:19:HAL_RTC_SetDate	16	static
stm32f4xx_hal_rtc.c:443:19:HAL_RTC_SetTime	24	static
stm32f4xx_hal_rtc.c:785:19:HAL_RTC_SetAlarm	24	static
stm32f4xx_hal_rtc.c:971:19:HAL_RTC_SetAlarm_IT	32	static
stm32f4xx_hal_rtc.c:1537:9:RTC_Bcd2ToByte	0	static
stm32f4xx_hal_rtc.c:575:19:HAL_RTC_GetTime	16	static
stm32f4xx_hal_rtc.c:730:19:HAL_RTC_GetDate	16	static
stm32f4xx_hal_rtc.c:1254:19:HAL_RTC_GetAlarm	24	static
