stm32f4xx_ll_fsmc.c:145:20:FSMC_NORSRAM_Init	12	static
stm32f4xx_ll_fsmc.c:254:19:FSMC_NORSRAM_DeInit	4	static
stm32f4xx_ll_fsmc.c:291:19:FSMC_NORSRAM_Timing_Init	8	static
stm32f4xx_ll_fsmc.c:346:20:FSMC_NORSRAM_Extended_Timing_Init	8	static
stm32f4xx_ll_fsmc.c:412:19:FSMC_NORSRAM_WriteOperation_Enable	0	static
stm32f4xx_ll_fsmc.c:430:19:FSMC_NORSRAM_WriteOperation_Disable	0	static
stm32f4xx_ll_fsmc.c:499:19:FSMC_NAND_Init	8	static
stm32f4xx_ll_fsmc.c:559:19:FSMC_NAND_CommonSpace_Timing_Init	4	static
stm32f4xx_ll_fsmc.c:613:19:FSMC_NAND_AttributeSpace_Timing_Init	4	static
stm32f4xx_ll_fsmc.c:665:19:FSMC_NAND_DeInit	0	static
stm32f4xx_ll_fsmc.c:716:20:FSMC_NAND_ECC_Enable	0	static
stm32f4xx_ll_fsmc.c:737:19:FSMC_NAND_ECC_Disable	0	static
stm32f4xx_ll_fsmc.c:760:19:FSMC_NAND_GetECC	24	static
stm32f4xx_ll_fsmc.c:854:19:FSMC_PCCARD_Init	4	static
stm32f4xx_ll_fsmc.c:888:19:FSMC_PCCARD_CommonSpace_Timing_Init	0	static
stm32f4xx_ll_fsmc.c:922:19:FSMC_PCCARD_AttributeSpace_Timing_Init	0	static
stm32f4xx_ll_fsmc.c:956:19:FSMC_PCCARD_IOSpace_Timing_Init	0	static
stm32f4xx_ll_fsmc.c:989:19:FSMC_PCCARD_DeInit	0	static
