stm32f4xx_hal_tim.c:4792:13:TIM_OC1_SetConfig	8	static
stm32f4xx_hal_tim.c:4857:13:TIM_OC3_SetConfig	8	static
stm32f4xx_hal_tim.c:4925:13:TIM_OC4_SetConfig	8	static
stm32f4xx_hal_tim.c:5120:13:TIM_TI1_ConfigInputStage	4	static
stm32f4xx_hal_tim.c:5163:13:TIM_TI2_SetConfig	8	static
stm32f4xx_hal_tim.c:5203:13:TIM_TI2_ConfigInputStage	4	static
stm32f4xx_hal_tim.c:5246:13:TIM_TI3_SetConfig	8	static
stm32f4xx_hal_tim.c:5294:13:TIM_TI4_SetConfig	8	static
stm32f4xx_hal_tim.c:5337:13:TIM_ITRx_SetConfig	0	static
stm32f4xx_hal_tim.c:5368:13:TIM_ETR_SetConfig	4	static
stm32f4xx_hal_tim.c:4983:13:TIM_SlaveTimer_SetConfig	8	static
stm32f4xx_hal_tim.c:273:13:HAL_TIM_Base_MspInit	0	static
stm32f4xx_hal_tim.c:288:13:HAL_TIM_Base_MspDeInit	0	static
stm32f4xx_hal_tim.c:245:19:HAL_TIM_Base_DeInit	8	static
stm32f4xx_hal_tim.c:303:19:HAL_TIM_Base_Start	0	static
stm32f4xx_hal_tim.c:327:19:HAL_TIM_Base_Stop	0	static
stm32f4xx_hal_tim.c:351:19:HAL_TIM_Base_Start_IT	0	static
stm32f4xx_hal_tim.c:372:19:HAL_TIM_Base_Stop_IT	0	static
stm32f4xx_hal_tim.c:394:19:HAL_TIM_Base_Start_DMA	16	static
stm32f4xx_hal_tim.c:439:19:HAL_TIM_Base_Stop_DMA	0	static
stm32f4xx_hal_tim.c:555:13:HAL_TIM_OC_MspInit	0	static
stm32f4xx_hal_tim.c:570:13:HAL_TIM_OC_MspDeInit	0	static
stm32f4xx_hal_tim.c:527:19:HAL_TIM_OC_DeInit	8	static
stm32f4xx_hal_tim.c:1067:13:HAL_TIM_PWM_MspInit	0	static
stm32f4xx_hal_tim.c:1082:13:HAL_TIM_PWM_MspDeInit	0	static
stm32f4xx_hal_tim.c:1039:19:HAL_TIM_PWM_DeInit	8	static
stm32f4xx_hal_tim.c:1582:13:HAL_TIM_IC_MspInit	0	static
stm32f4xx_hal_tim.c:1597:13:HAL_TIM_IC_MspDeInit	0	static
stm32f4xx_hal_tim.c:1554:19:HAL_TIM_IC_DeInit	8	static
stm32f4xx_hal_tim.c:2071:13:HAL_TIM_OnePulse_MspInit	0	static
stm32f4xx_hal_tim.c:2086:13:HAL_TIM_OnePulse_MspDeInit	0	static
stm32f4xx_hal_tim.c:2043:19:HAL_TIM_OnePulse_DeInit	8	static
stm32f4xx_hal_tim.c:2402:13:HAL_TIM_Encoder_MspInit	0	static
stm32f4xx_hal_tim.c:2417:13:HAL_TIM_Encoder_MspDeInit	0	static
stm32f4xx_hal_tim.c:2374:19:HAL_TIM_Encoder_DeInit	8	static
stm32f4xx_hal_tim.c:3377:19:HAL_TIM_DMABurst_WriteStart	24	static
stm32f4xx_hal_tim.c:3509:19:HAL_TIM_DMABurst_WriteStop	16	static
stm32f4xx_hal_tim.c:3602:19:HAL_TIM_DMABurst_ReadStart	24	static
stm32f4xx_hal_tim.c:3735:19:HAL_TIM_DMABurst_ReadStop	16	static
stm32f4xx_hal_tim.c:3808:19:HAL_TIM_GenerateEvent	0	static
stm32f4xx_hal_tim.c:3846:19:HAL_TIM_ConfigOCrefClear	16	static
stm32f4xx_hal_tim.c:3949:19:HAL_TIM_ConfigClockSource	8	static
stm32f4xx_hal_tim.c:4110:19:HAL_TIM_ConfigTI1Input	0	static
stm32f4xx_hal_tim.c:4143:19:HAL_TIM_SlaveConfigSynchronization	16	static
stm32f4xx_hal_tim.c:4178:19:HAL_TIM_SlaveConfigSynchronization_IT	16	static
stm32f4xx_hal_tim.c:4217:10:HAL_TIM_ReadCapturedValue	0	static
stm32f4xx_hal_tim.c:4304:13:HAL_TIM_PeriodElapsedCallback	0	static
stm32f4xx_hal_tim.c:4762:13:TIM_DMAPeriodElapsedCplt	8	static
stm32f4xx_hal_tim.c:4319:13:HAL_TIM_OC_DelayElapsedCallback	0	static
stm32f4xx_hal_tim.c:4334:13:HAL_TIM_IC_CaptureCallback	0	static
stm32f4xx_hal_tim.c:4698:6:TIM_DMACaptureCplt	8	static
stm32f4xx_hal_tim.c:4349:13:HAL_TIM_PWM_PulseFinishedCallback	0	static
stm32f4xx_hal_tim.c:4649:6:TIM_DMADelayPulseCplt	8	static
stm32f4xx_hal_tim.c:4364:13:HAL_TIM_TriggerCallback	0	static
stm32f4xx_hal_tim.c:2809:6:HAL_TIM_IRQHandler	8	static
stm32f4xx_hal_tim.c:4777:13:TIM_DMATriggerCplt	8	static
stm32f4xx_hal_tim.c:4379:13:HAL_TIM_ErrorCallback	0	static
stm32f4xx_hal_tim.c:4683:6:TIM_DMAError	8	static
stm32f4xx_hal_tim.c:4412:22:HAL_TIM_Base_GetState	0	static
stm32f4xx_hal_tim.c:4423:22:HAL_TIM_OC_GetState	0	static
stm32f4xx_hal_tim.c:4434:22:HAL_TIM_PWM_GetState	0	static
stm32f4xx_hal_tim.c:4445:22:HAL_TIM_IC_GetState	0	static
stm32f4xx_hal_tim.c:4456:22:HAL_TIM_OnePulse_GetState	0	static
stm32f4xx_hal_tim.c:4467:22:HAL_TIM_Encoder_GetState	0	static
stm32f4xx_hal_tim.c:4481:6:TIM_Base_SetConfig	0	static
stm32f4xx_hal_tim.c:206:19:HAL_TIM_Base_Init	8	static
stm32f4xx_hal_tim.c:488:19:HAL_TIM_OC_Init	8	static
stm32f4xx_hal_tim.c:1000:19:HAL_TIM_PWM_Init	8	static
stm32f4xx_hal_tim.c:1515:19:HAL_TIM_IC_Init	8	static
stm32f4xx_hal_tim.c:1997:19:HAL_TIM_OnePulse_Init	16	static
stm32f4xx_hal_tim.c:2285:19:HAL_TIM_Encoder_Init	24	static
stm32f4xx_hal_tim.c:4540:6:TIM_TI1_SetConfig	12	static
stm32f4xx_hal_tim.c:3042:19:HAL_TIM_IC_ConfigChannel	16	static
stm32f4xx_hal_tim.c:4582:6:TIM_OC2_SetConfig	8	static
stm32f4xx_hal_tim.c:2972:19:HAL_TIM_OC_ConfigChannel	8	static
stm32f4xx_hal_tim.c:3139:19:HAL_TIM_PWM_ConfigChannel	16	static
stm32f4xx_hal_tim.c:3240:19:HAL_TIM_OnePulse_ConfigChannel	48	static
stm32f4xx_hal_tim.c:4739:6:TIM_CCxChannelCmd	4	static
stm32f4xx_hal_tim.c:591:19:HAL_TIM_OC_Start	8	static
stm32f4xx_hal_tim.c:624:19:HAL_TIM_OC_Stop	8	static
stm32f4xx_hal_tim.c:657:19:HAL_TIM_OC_Start_IT	8	static
stm32f4xx_hal_tim.c:724:19:HAL_TIM_OC_Stop_IT	8	static
stm32f4xx_hal_tim.c:793:19:HAL_TIM_OC_Start_DMA	16	static
stm32f4xx_hal_tim.c:911:19:HAL_TIM_OC_Stop_DMA	8	static
stm32f4xx_hal_tim.c:1103:19:HAL_TIM_PWM_Start	8	static
stm32f4xx_hal_tim.c:1136:19:HAL_TIM_PWM_Stop	8	static
stm32f4xx_hal_tim.c:1172:19:HAL_TIM_PWM_Start_IT	8	static
stm32f4xx_hal_tim.c:1239:19:HAL_TIM_PWM_Stop_IT	8	static
stm32f4xx_hal_tim.c:1308:19:HAL_TIM_PWM_Start_DMA	16	static
stm32f4xx_hal_tim.c:1426:19:HAL_TIM_PWM_Stop_DMA	8	static
stm32f4xx_hal_tim.c:1618:19:HAL_TIM_IC_Start	8	static
stm32f4xx_hal_tim.c:1645:19:HAL_TIM_IC_Stop	8	static
stm32f4xx_hal_tim.c:1672:19:HAL_TIM_IC_Start_IT	8	static
stm32f4xx_hal_tim.c:1732:19:HAL_TIM_IC_Stop_IT	8	static
stm32f4xx_hal_tim.c:1795:19:HAL_TIM_IC_Start_DMA	16	static
stm32f4xx_hal_tim.c:1909:19:HAL_TIM_IC_Stop_DMA	8	static
stm32f4xx_hal_tim.c:2105:19:HAL_TIM_OnePulse_Start	8	static
stm32f4xx_hal_tim.c:2142:19:HAL_TIM_OnePulse_Stop	8	static
stm32f4xx_hal_tim.c:2179:19:HAL_TIM_OnePulse_Start_IT	8	static
stm32f4xx_hal_tim.c:2222:19:HAL_TIM_OnePulse_Stop_IT	8	static
stm32f4xx_hal_tim.c:2437:19:HAL_TIM_Encoder_Start	8	static
stm32f4xx_hal_tim.c:2480:19:HAL_TIM_Encoder_Stop	8	static
stm32f4xx_hal_tim.c:2524:19:HAL_TIM_Encoder_Start_IT	8	static
stm32f4xx_hal_tim.c:2573:19:HAL_TIM_Encoder_Stop_IT	8	static
stm32f4xx_hal_tim.c:2628:19:HAL_TIM_Encoder_Start_DMA	24	static
stm32f4xx_hal_tim.c:2746:19:HAL_TIM_Encoder_Stop_DMA	8	static
