port.c:259:13:prvTaskExitError	0	static
port.c:292:13:prvPortStartFirstTask	0	static
port.c:689:13:vPortEnableVFP	0	static
port.c:229:14:pxPortInitialiseStack	0	static
port.c:273:6:SVC_Handler	0	static
port.c:399:6:vPortEndScheduler	0	static
port.c:407:6:vPortEnterCritical	0	static
port.c:424:6:vPortExitCritical	0	static
port.c:435:6:PendSV_Handler	0	static
port.c:493:6:xPortSysTickHandler	8	static
port.c:671:30:vPortSetupTimerInterrupt	0	static
port.c:312:12:xPortStartScheduler	16	static
port.c:705:7:vPortValidateInterruptPriority	0	static
