ili9325.c:387:10:ili9325_GetLcdPixelWidth	0	static
ili9325.c:402:10:ili9325_GetLcdPixelHeight	0	static
ili9325.c:742:6:ili9325_ts_GetXY	0	static
ili9325.c:663:6:ili9325_ts_Init	8	static
ili9325.c:258:6:ili9325_Init	8	static
ili9325.c:327:6:ili9325_DisplayOn	8	static
ili9325.c:361:6:ili9325_DisplayOff	8	static
ili9325.c:440:6:ili9325_SetCursor	16	static
ili9325.c:455:6:ili9325_WritePixel	16	static
ili9325.c:489:6:ili9325_SetDisplayWindow	24	static
ili9325.c:417:10:ili9325_ReadID	16	static
ili9325.c:469:10:ili9325_ReadPixel	24	static
ili9325.c:639:6:ili9325_ReadRGBImage	32	static
ili9325.c:517:6:ili9325_DrawHLine	24	static
ili9325.c:534:6:ili9325_DrawVLine	24	static
ili9325.c:554:6:ili9325_FillRect	24	static
ili9325.c:576:6:ili9325_DrawBitmap	24	static
ili9325.c:614:6:ili9325_DrawRGBImage	24	static
ili9325.c:671:9:ili9325_ts_DetectTouch	56	static
