stm32_adafruit_lcd.c:1035:13:SetDisplayWindow	8	static
stm32_adafruit_lcd.c:180:10:BSP_LCD_GetXSize	8	static
stm32_adafruit_lcd.c:190:10:BSP_LCD_GetYSize	8	static
stm32_adafruit_lcd.c:200:10:BSP_LCD_GetTextColor	0	static
stm32_adafruit_lcd.c:210:10:BSP_LCD_GetBackColor	0	static
stm32_adafruit_lcd.c:220:6:BSP_LCD_SetTextColor	0	static
stm32_adafruit_lcd.c:230:6:BSP_LCD_SetBackColor	0	static
stm32_adafruit_lcd.c:240:6:BSP_LCD_SetFont	0	static
stm32_adafruit_lcd.c:250:8:BSP_LCD_GetFont	0	static
stm32_adafruit_lcd.c:260:6:BSP_LCD_Clear	24	static
stm32_adafruit_lcd.c:152:9:BSP_LCD_Init	8	static
stm32_adafruit_lcd.c:399:6:BSP_LCD_DrawPixel	8	static
stm32_adafruit_lcd.c:414:6:BSP_LCD_DrawHLine	24	static
stm32_adafruit_lcd.c:438:6:BSP_LCD_DrawVLine	24	static
stm32_adafruit_lcd.c:463:6:BSP_LCD_DrawLine	56	static
stm32_adafruit_lcd.c:958:13:FillTriangle	64	static
stm32_adafruit_lcd.c:538:6:BSP_LCD_DrawRect	24	static
stm32_adafruit_lcd.c:556:6:BSP_LCD_DrawCircle	64	static
stm32_adafruit_lcd.c:603:6:BSP_LCD_DrawPolygon	16	static
stm32_adafruit_lcd.c:631:6:BSP_LCD_DrawEllipse	64	static
stm32_adafruit_lcd.c:664:6:BSP_LCD_DrawBitmap	24	static
stm32_adafruit_lcd.c:885:13:DrawChar	48	static
stm32_adafruit_lcd.c:308:6:BSP_LCD_DisplayChar	16	static
stm32_adafruit_lcd.c:326:6:BSP_LCD_DisplayStringAt	24	static
stm32_adafruit_lcd.c:387:6:BSP_LCD_DisplayStringAtLine	16	static
stm32_adafruit_lcd.c:692:6:BSP_LCD_FillRect	24	static
stm32_adafruit_lcd.c:288:6:BSP_LCD_ClearStringLine	16	static
stm32_adafruit_lcd.c:713:6:BSP_LCD_FillCircle	48	static
stm32_adafruit_lcd.c:760:6:BSP_LCD_FillPolygon	72	static
stm32_adafruit_lcd.c:828:6:BSP_LCD_FillEllipse	56	static
stm32_adafruit_lcd.c:859:6:BSP_LCD_DisplayOn	8	static
stm32_adafruit_lcd.c:869:6:BSP_LCD_DisplayOff	8	static
stm32_adafruit_lcd.c:1044:10:BSP_LCD_ReadID	8	static
stm32_adafruit_lcd.c:1052:10:BSP_LCD_ReadPixel	8	static
stm32_adafruit_lcd.c:1060:6:BSP_LCD_DrawRGB16Image	24	static
stm32_adafruit_lcd.c:1065:6:BSP_LCD_ReadRGB16Image	24	static
