appLcdSpeedTest.c:83:10:ClearTest	8	static
appLcdSpeedTest.c:91:10:PixelTest	32	static
appLcdSpeedTest.c:107:10:LineTest	40	static
appLcdSpeedTest.c:125:10:FillRectTest	40	static
appLcdSpeedTest.c:143:10:CharTest	32	static
appLcdSpeedTest.c:177:10:CircleTest	40	static
appLcdSpeedTest.c:203:10:FillCircleTest	40	static
appLcdSpeedTest.c:229:10:ColorTest	40	static
appLcdSpeedTest.c:260:10:BitmapTest	32	static
appLcdSpeedTest.c:276:10:ReadPixelTest	56	static
appLcdSpeedTest.c:313:10:ReadImageTest	40	static
appLcdSpeedTest.c:351:6:mainApp	8	static
