ili9325.c:388:10:ili9325_GetLcdPixelWidth	0	static
ili9325.c:403:10:ili9325_GetLcdPixelHeight	0	static
ili9325.c:743:6:ili9325_ts_GetXY	0	static
ili9325.c:664:6:ili9325_ts_Init	8	static
ili9325.c:259:6:ili9325_Init	8	static
ili9325.c:328:6:ili9325_DisplayOn	8	static
ili9325.c:362:6:ili9325_DisplayOff	8	static
ili9325.c:441:6:ili9325_SetCursor	16	static
ili9325.c:456:6:ili9325_WritePixel	16	static
ili9325.c:490:6:ili9325_SetDisplayWindow	24	static
ili9325.c:418:10:ili9325_ReadID	16	static
ili9325.c:470:10:ili9325_ReadPixel	24	static
ili9325.c:640:6:ili9325_ReadRGBImage	32	static
ili9325.c:518:6:ili9325_DrawHLine	24	static
ili9325.c:535:6:ili9325_DrawVLine	24	static
ili9325.c:555:6:ili9325_FillRect	24	static
ili9325.c:577:6:ili9325_DrawBitmap	24	static
ili9325.c:615:6:ili9325_DrawRGBImage	24	static
ili9325.c:672:9:ili9325_ts_DetectTouch	56	static
