ili9488.c:318:10:ili9488_GetLcdPixelWidth	0	static
ili9488.c:329:10:ili9488_GetLcdPixelHeight	0	static
ili9488.c:674:6:ili9488_ts_GetXY	0	static
ili9488.c:594:6:ili9488_ts_Init	8	static
ili9488.c:243:6:ili9488_Init	8	static
ili9488.c:290:6:ili9488_DisplayOn	8	static
ili9488.c:304:6:ili9488_DisplayOff	8	static
ili9488.c:340:10:ili9488_ReadID	16	static
ili9488.c:367:6:ili9488_SetCursor	16	static
ili9488.c:382:6:ili9488_WritePixel	16	static
ili9488.c:416:6:ili9488_SetDisplayWindow	24	static
ili9488.c:396:10:ili9488_ReadPixel	24	static
ili9488.c:581:6:ili9488_ReadRGBImage	8	static
ili9488.c:446:6:ili9488_DrawHLine	24	static
ili9488.c:477:6:ili9488_DrawVLine	24	static
ili9488.c:510:6:ili9488_FillRect	16	static
ili9488.c:527:6:ili9488_DrawBitmap	16	static
ili9488.c:558:6:ili9488_DrawRGBImage	8	static
ili9488.c:602:9:ili9488_ts_DetectTouch	56	static
