lcdts_io8p_fsmc.c:445:6:DMA2_Stream7_IRQHandler	8	static
lcdts_io8p_fsmc.c:458:6:LCD_IO_Delay	16	static
lcdts_io8p_fsmc.c:465:6:LCD_Delay	8	static
lcdts_io8p_fsmc.c:471:6:LCD_IO_Bl_OnOff	0	static
lcdts_io8p_fsmc.c:482:6:LCD_IO_Init	32	static
lcdts_io8p_fsmc.c:551:6:LCD_IO_WriteCmd8	0	static
lcdts_io8p_fsmc.c:557:6:LCD_IO_WriteCmd16	0	static
lcdts_io8p_fsmc.c:563:6:LCD_IO_WriteData8	0	static
lcdts_io8p_fsmc.c:569:6:LCD_IO_WriteData16	0	static
lcdts_io8p_fsmc.c:575:6:LCD_IO_WriteCmd8DataFill16	16	static
lcdts_io8p_fsmc.c:592:6:LCD_IO_WriteCmd8MultipleData8	16	static
lcdts_io8p_fsmc.c:609:6:LCD_IO_WriteCmd8MultipleData16	16	static
lcdts_io8p_fsmc.c:626:6:LCD_IO_WriteCmd16DataFill16	16	static
lcdts_io8p_fsmc.c:641:6:LCD_IO_WriteCmd16MultipleData8	16	static
lcdts_io8p_fsmc.c:658:6:LCD_IO_WriteCmd16MultipleData16	16	static
lcdts_io8p_fsmc.c:675:6:LCD_IO_ReadCmd8MultipleData8	16	static
lcdts_io8p_fsmc.c:700:6:LCD_IO_ReadCmd8MultipleData16	16	static
lcdts_io8p_fsmc.c:728:6:LCD_IO_ReadCmd8MultipleData24to16	4	static
lcdts_io8p_fsmc.c:758:6:LCD_IO_ReadCmd16MultipleData8	16	static
lcdts_io8p_fsmc.c:783:6:LCD_IO_ReadCmd16MultipleData16	16	static
lcdts_io8p_fsmc.c:809:6:LCD_IO_ReadCmd16MultipleData24to16	4	static
lcdts_io8p_fsmc.c:1000:18:TS_IO_DetectToch	0	static
lcdts_io8p_fsmc.c:1001:18:TS_IO_GetX	0	static
lcdts_io8p_fsmc.c:1002:18:TS_IO_GetY	0	static
lcdts_io8p_fsmc.c:1003:18:TS_IO_GetZ1	0	static
lcdts_io8p_fsmc.c:1004:18:TS_IO_GetZ2	0	static
