event_groups.c:682:19:prvTestWaitCondition	0	static
event_groups.c:174:21:xEventGroupCreate	8	static
event_groups.c:324:13:xEventGroupWaitBits	32	static
event_groups.c:472:13:xEventGroupClearBits	16	static
event_groups.c:514:13:xEventGroupGetBitsFromISR	0	static
event_groups.c:530:13:xEventGroupSetBits	24	static
event_groups.c:208:13:xEventGroupSync	24	static
event_groups.c:624:6:vEventGroupDelete	8	static
event_groups.c:668:6:vEventGroupSetBitsCallback	8	static
event_groups.c:676:6:vEventGroupClearBitsCallback	8	static
