tasks.c:1656:20:prvTaskIsTaskSuspended	0	static
tasks.c:3635:13:prvResetNextTaskUnblockTime	0	static
tasks.c:3581:14:prvDeleteTCB	8	static
tasks.c:767:13:prvInitialiseNewTask	32	static
tasks.c:3333:13:prvInitialiseTaskLists	16	static
tasks.c:963:13:prvAddNewTaskToReadyList	8	static
tasks.c:4692:13:prvAddCurrentTaskToDelayedList	16	static
tasks.c:676:13:xTaskCreate	48	static
tasks.c:1048:7:vTaskDelete	16	static
tasks.c:1340:14:uxTaskPriorityGet	8	static
tasks.c:1362:14:uxTaskPriorityGetFromISR	8	static
tasks.c:1402:7:vTaskPrioritySet	24	static
tasks.c:1702:7:vTaskResume	16	static
tasks.c:1756:13:xTaskResumeFromISR	24	static
tasks.c:1826:6:vTaskStartScheduler	16	static
tasks.c:1933:6:vTaskEndScheduler	8	static
tasks.c:1944:6:vTaskSuspendAll	0	static
tasks.c:2127:12:xTaskGetTickCount	0	static
tasks.c:2142:12:xTaskGetTickCountFromISR	8	static
tasks.c:2173:13:uxTaskGetNumberOfTasks	0	static
tasks.c:2181:7:pcTaskGetName	0	static
tasks.c:2499:12:xTaskIncrementTick	24	static
tasks.c:2017:12:xTaskResumeAll	16	static
tasks.c:1224:7:vTaskDelay	8	static
tasks.c:3365:13:prvCheckTasksWaitingTermination	8	static
tasks.c:3131:8:prvIdleTask	8	static
tasks.c:2761:6:vTaskSwitchContext	4	static
tasks.c:1566:7:vTaskSuspend	16	static
tasks.c:2820:6:vTaskPlaceOnEventList	8	static
tasks.c:2837:6:vTaskPlaceOnUnorderedEventList	8	static
tasks.c:2863:7:vTaskPlaceOnEventListRestricted	16	static
tasks.c:2894:12:xTaskRemoveFromEventList	16	static
tasks.c:2962:12:xTaskRemoveFromUnorderedEventList	16	static
tasks.c:3007:6:vTaskSetTimeOutState	0	static
tasks.c:3015:12:xTaskCheckForTimeOut	16	static
tasks.c:3076:6:vTaskMissedYield	0	static
tasks.c:3661:15:xTaskGetCurrentTaskHandle	0	static
tasks.c:3678:13:xTaskGetSchedulerState	0	static
tasks.c:3706:7:vTaskPriorityInherit	16	static
tasks.c:3772:13:xTaskPriorityDisinherit	16	static
tasks.c:4162:12:uxTaskResetEventItemValue	0	static
tasks.c:4178:8:pvTaskIncrementMutexHeldCount	0	static
tasks.c:4195:11:ulTaskNotifyTake	16	static
tasks.c:4263:13:xTaskNotifyWait	24	static
tasks.c:4343:13:xTaskGenericNotify	24	static
tasks.c:4449:13:xTaskGenericNotifyFromISR	32	static
tasks.c:4573:7:vTaskNotifyGiveFromISR	24	static
tasks.c:4662:13:xTaskNotifyStateClear	8	static
