timers.c:634:19:prvGetNextExpireTime	0	static
timers.c:683:19:prvInsertTimerInActiveList	8	static
timers.c:930:13:prvCheckForValidListAndQueue	16	static
timers.c:388:13:prvInitialiseNewTimer	24	static
timers.c:259:12:xTimerCreateTimerTask	16	static
timers.c:314:16:xTimerCreate	32	static
timers.c:417:12:xTimerGenericCommand	32	static
timers.c:871:13:prvSwitchTimerLists	24	static
timers.c:660:19:prvSampleTimeNow	16	static
timers.c:498:13:prvProcessExpiredTimer	24	static
timers.c:574:13:prvProcessTimerOrBlockTask	24	static
timers.c:724:13:prvProcessReceivedCommands	40	static
timers.c:538:13:prvTimerTask	16	static
timers.c:460:14:xTimerGetTimerDaemonTaskHandle	0	static
timers.c:469:12:xTimerGetPeriod	0	static
timers.c:478:12:xTimerGetExpiryTime	0	static
timers.c:489:14:pcTimerGetName	0	static
timers.c:981:12:xTimerIsTimerActive	8	static
timers.c:1002:7:pvTimerGetTimerID	8	static
timers.c:1019:6:vTimerSetTimerID	16	static
