stm32_adafruit_lcd.c:180:10:BSP_LCD_GetXSize	0	static
stm32_adafruit_lcd.c:190:10:BSP_LCD_GetYSize	0	static
stm32_adafruit_lcd.c:200:10:BSP_LCD_GetTextColor	0	static
stm32_adafruit_lcd.c:210:10:BSP_LCD_GetBackColor	0	static
stm32_adafruit_lcd.c:220:6:BSP_LCD_SetTextColor	0	static
stm32_adafruit_lcd.c:230:6:BSP_LCD_SetBackColor	0	static
stm32_adafruit_lcd.c:240:6:BSP_LCD_SetFont	0	static
stm32_adafruit_lcd.c:250:8:BSP_LCD_GetFont	0	static
stm32_adafruit_lcd.c:394:6:BSP_LCD_DrawPixel	0	static
stm32_adafruit_lcd.c:409:6:BSP_LCD_DrawHLine	24	static
stm32_adafruit_lcd.c:260:6:BSP_LCD_Clear	16	static
stm32_adafruit_lcd.c:152:9:BSP_LCD_Init	16	static
stm32_adafruit_lcd.c:433:6:BSP_LCD_DrawVLine	24	static
stm32_adafruit_lcd.c:458:6:BSP_LCD_DrawLine	56	static
stm32_adafruit_lcd.c:949:13:FillTriangle	64	static
stm32_adafruit_lcd.c:533:6:BSP_LCD_DrawRect	24	static
stm32_adafruit_lcd.c:551:6:BSP_LCD_DrawCircle	64	static
stm32_adafruit_lcd.c:598:6:BSP_LCD_DrawPolygon	16	static
stm32_adafruit_lcd.c:626:6:BSP_LCD_DrawEllipse	56	static
stm32_adafruit_lcd.c:659:6:BSP_LCD_DrawBitmap	24	static
stm32_adafruit_lcd.c:303:6:BSP_LCD_DisplayChar	80	static
stm32_adafruit_lcd.c:321:6:BSP_LCD_DisplayStringAt	32	static
stm32_adafruit_lcd.c:382:6:BSP_LCD_DisplayStringAtLine	0	static
stm32_adafruit_lcd.c:687:6:BSP_LCD_FillRect	24	static
stm32_adafruit_lcd.c:283:6:BSP_LCD_ClearStringLine	16	static
stm32_adafruit_lcd.c:704:6:BSP_LCD_FillCircle	48	static
stm32_adafruit_lcd.c:751:6:BSP_LCD_FillPolygon	72	static
stm32_adafruit_lcd.c:819:6:BSP_LCD_FillEllipse	48	static
stm32_adafruit_lcd.c:850:6:BSP_LCD_DisplayOn	0	static
stm32_adafruit_lcd.c:860:6:BSP_LCD_DisplayOff	0	static
stm32_adafruit_lcd.c:1035:10:BSP_LCD_ReadID	0	static
stm32_adafruit_lcd.c:1043:10:BSP_LCD_ReadPixel	0	static
stm32_adafruit_lcd.c:1051:6:BSP_LCD_DrawRGB16Image	4	static
stm32_adafruit_lcd.c:1056:6:BSP_LCD_ReadRGB16Image	4	static
