Archive member included to satisfy reference by file (symbol)

c:/programok/st/truestudio for stm32 9.0.0/armtools/bin/../lib/gcc/arm-atollic-eabi/6.3.1/../../../../arm-atollic-eabi/lib/armv7-m\libc_nano.a(lib_a-impure.o)
                              Src\appLcdSpeedTest.o (_impure_ptr)
c:/programok/st/truestudio for stm32 9.0.0/armtools/bin/../lib/gcc/arm-atollic-eabi/6.3.1/../../../../arm-atollic-eabi/lib/armv7-m\libc_nano.a(lib_a-init.o)
                              startup\startup_stm32f103xb.o (__libc_init_array)
c:/programok/st/truestudio for stm32 9.0.0/armtools/bin/../lib/gcc/arm-atollic-eabi/6.3.1/../../../../arm-atollic-eabi/lib/armv7-m\libc_nano.a(lib_a-memset.o)
                              Drivers\STM32F1xx_HAL_Driver\Src\stm32f1xx_hal_rcc.o (memset)
c:/programok/st/truestudio for stm32 9.0.0/armtools/bin/../lib/gcc/arm-atollic-eabi/6.3.1/../../../../arm-atollic-eabi/lib/armv7-m\libc_nano.a(lib_a-printf.o)
                              Src\appLcdSpeedTest.o (printf)
c:/programok/st/truestudio for stm32 9.0.0/armtools/bin/../lib/gcc/arm-atollic-eabi/6.3.1/../../../../arm-atollic-eabi/lib/armv7-m\libc_nano.a(lib_a-puts.o)
                              Src\appLcdSpeedTest.o (puts)
c:/programok/st/truestudio for stm32 9.0.0/armtools/bin/../lib/gcc/arm-atollic-eabi/6.3.1/../../../../arm-atollic-eabi/lib/armv7-m\libc_nano.a(lib_a-random.o)
                              Src\appLcdSpeedTest.o (random)
c:/programok/st/truestudio for stm32 9.0.0/armtools/bin/../lib/gcc/arm-atollic-eabi/6.3.1/../../../../arm-atollic-eabi/lib/armv7-m\libc_nano.a(lib_a-reent.o)
                              Src\syscalls.o (errno)
c:/programok/st/truestudio for stm32 9.0.0/armtools/bin/../lib/gcc/arm-atollic-eabi/6.3.1/../../../../arm-atollic-eabi/lib/armv7-m\libc_nano.a(lib_a-wbuf.o)
                              c:/programok/st/truestudio for stm32 9.0.0/armtools/bin/../lib/gcc/arm-atollic-eabi/6.3.1/../../../../arm-atollic-eabi/lib/armv7-m\libc_nano.a(lib_a-puts.o) (__swbuf_r)
c:/programok/st/truestudio for stm32 9.0.0/armtools/bin/../lib/gcc/arm-atollic-eabi/6.3.1/../../../../arm-atollic-eabi/lib/armv7-m\libc_nano.a(lib_a-wsetup.o)
                              c:/programok/st/truestudio for stm32 9.0.0/armtools/bin/../lib/gcc/arm-atollic-eabi/6.3.1/../../../../arm-atollic-eabi/lib/armv7-m\libc_nano.a(lib_a-puts.o) (__swsetup_r)
c:/programok/st/truestudio for stm32 9.0.0/armtools/bin/../lib/gcc/arm-atollic-eabi/6.3.1/../../../../arm-atollic-eabi/lib/armv7-m\libc_nano.a(lib_a-fflush.o)
                              c:/programok/st/truestudio for stm32 9.0.0/armtools/bin/../lib/gcc/arm-atollic-eabi/6.3.1/../../../../arm-atollic-eabi/lib/armv7-m\libc_nano.a(lib_a-wbuf.o) (_fflush_r)
c:/programok/st/truestudio for stm32 9.0.0/armtools/bin/../lib/gcc/arm-atollic-eabi/6.3.1/../../../../arm-atollic-eabi/lib/armv7-m\libc_nano.a(lib_a-findfp.o)
                              c:/programok/st/truestudio for stm32 9.0.0/armtools/bin/../lib/gcc/arm-atollic-eabi/6.3.1/../../../../arm-atollic-eabi/lib/armv7-m\libc_nano.a(lib_a-printf.o) (__sinit)
c:/programok/st/truestudio for stm32 9.0.0/armtools/bin/../lib/gcc/arm-atollic-eabi/6.3.1/../../../../arm-atollic-eabi/lib/armv7-m\libc_nano.a(lib_a-fwalk.o)
                              c:/programok/st/truestudio for stm32 9.0.0/armtools/bin/../lib/gcc/arm-atollic-eabi/6.3.1/../../../../arm-atollic-eabi/lib/armv7-m\libc_nano.a(lib_a-findfp.o) (_fwalk)
c:/programok/st/truestudio for stm32 9.0.0/armtools/bin/../lib/gcc/arm-atollic-eabi/6.3.1/../../../../arm-atollic-eabi/lib/armv7-m\libc_nano.a(lib_a-makebuf.o)
                              c:/programok/st/truestudio for stm32 9.0.0/armtools/bin/../lib/gcc/arm-atollic-eabi/6.3.1/../../../../arm-atollic-eabi/lib/armv7-m\libc_nano.a(lib_a-wsetup.o) (__smakebuf_r)
c:/programok/st/truestudio for stm32 9.0.0/armtools/bin/../lib/gcc/arm-atollic-eabi/6.3.1/../../../../arm-atollic-eabi/lib/armv7-m\libc_nano.a(lib_a-malloc.o)
                              c:/programok/st/truestudio for stm32 9.0.0/armtools/bin/../lib/gcc/arm-atollic-eabi/6.3.1/../../../../arm-atollic-eabi/lib/armv7-m\libc_nano.a(lib_a-random.o) (malloc)
c:/programok/st/truestudio for stm32 9.0.0/armtools/bin/../lib/gcc/arm-atollic-eabi/6.3.1/../../../../arm-atollic-eabi/lib/armv7-m\libc_nano.a(lib_a-nano-freer.o)
                              c:/programok/st/truestudio for stm32 9.0.0/armtools/bin/../lib/gcc/arm-atollic-eabi/6.3.1/../../../../arm-atollic-eabi/lib/armv7-m\libc_nano.a(lib_a-reent.o) (_free_r)
c:/programok/st/truestudio for stm32 9.0.0/armtools/bin/../lib/gcc/arm-atollic-eabi/6.3.1/../../../../arm-atollic-eabi/lib/armv7-m\libc_nano.a(lib_a-nano-mallocr.o)
                              c:/programok/st/truestudio for stm32 9.0.0/armtools/bin/../lib/gcc/arm-atollic-eabi/6.3.1/../../../../arm-atollic-eabi/lib/armv7-m\libc_nano.a(lib_a-findfp.o) (_malloc_r)
[...]
Memory Configuration

Name             Origin             Length             Attributes
RAM              0x20000000         0x00005000         xrw
FLASH            0x08000000         0x00010000         xr
*default*        0x00000000         0xffffffff

Linker script and memory map

LOAD c:/programok/st/truestudio for stm32 9.0.0/armtools/bin/../lib/gcc/arm-atollic-eabi/6.3.1/armv7-m/crti.o
LOAD c:/programok/st/truestudio for stm32 9.0.0/armtools/bin/../lib/gcc/arm-atollic-eabi/6.3.1/armv7-m/crtbegin.o
LOAD Drivers\STM32F1xx_HAL_Driver\Src\stm32f1xx_hal.o
LOAD Drivers\STM32F1xx_HAL_Driver\Src\stm32f1xx_hal_cortex.o
LOAD Drivers\STM32F1xx_HAL_Driver\Src\stm32f1xx_hal_dma.o
LOAD Drivers\STM32F1xx_HAL_Driver\Src\stm32f1xx_hal_flash.o
LOAD Drivers\STM32F1xx_HAL_Driver\Src\stm32f1xx_hal_flash_ex.o
LOAD Drivers\STM32F1xx_HAL_Driver\Src\stm32f1xx_hal_gpio.o
LOAD Drivers\STM32F1xx_HAL_Driver\Src\stm32f1xx_hal_gpio_ex.o
LOAD Drivers\STM32F1xx_HAL_Driver\Src\stm32f1xx_hal_pwr.o
LOAD Drivers\STM32F1xx_HAL_Driver\Src\stm32f1xx_hal_rcc.o
LOAD Drivers\STM32F1xx_HAL_Driver\Src\stm32f1xx_hal_rcc_ex.o
LOAD Drivers\STM32F1xx_HAL_Driver\Src\stm32f1xx_hal_tim.o
LOAD Drivers\STM32F1xx_HAL_Driver\Src\stm32f1xx_hal_tim_ex.o
LOAD Src\Lcd\Fonts\font12.o
LOAD Src\Lcd\Fonts\font16.o
LOAD Src\Lcd\Fonts\font20.o
LOAD Src\Lcd\Fonts\font24.o
LOAD Src\Lcd\Fonts\font8.o
LOAD Src\Lcd\lcd_io_spi.o
LOAD Src\Lcd\st7735.o
LOAD Src\Lcd\stm32_adafruit_lcd.o
LOAD Src\appLcdSpeedTest.o
LOAD Src\beer_60x100_16.o
LOAD Src\main.o
LOAD Src\stm32f1xx_hal_msp.o
LOAD Src\stm32f1xx_hal_timebase_TIM.o
LOAD Src\stm32f1xx_it.o
LOAD Src\syscalls.o
LOAD Src\system_stm32f1xx.o
LOAD startup\startup_stm32f103xb.o
                0x00000080                malloc_getpagesize_P = 0x80
START GROUP
LOAD c:/programok/st/truestudio for stm32 9.0.0/armtools/bin/../lib/gcc/arm-atollic-eabi/6.3.1/../../../../arm-atollic-eabi/lib/armv7-m\libc_nano.a
LOAD c:/programok/st/truestudio for stm32 9.0.0/armtools/bin/../lib/gcc/arm-atollic-eabi/6.3.1/../../../../arm-atollic-eabi/lib/armv7-m\libm.a
END GROUP
START GROUP
LOAD c:/programok/st/truestudio for stm32 9.0.0/armtools/bin/../lib/gcc/arm-atollic-eabi/6.3.1/armv7-m\libgcc.a
LOAD c:/programok/st/truestudio for stm32 9.0.0/armtools/bin/../lib/gcc/arm-atollic-eabi/6.3.1/../../../../arm-atollic-eabi/lib/armv7-m\libc_nano.a
END GROUP
START GROUP
LOAD c:/programok/st/truestudio for stm32 9.0.0/armtools/bin/../lib/gcc/arm-atollic-eabi/6.3.1/armv7-m\libgcc.a
LOAD c:/programok/st/truestudio for stm32 9.0.0/armtools/bin/../lib/gcc/arm-atollic-eabi/6.3.1/../../../../arm-atollic-eabi/lib/armv7-m\libc_nano.a
LOAD c:/programok/st/truestudio for stm32 9.0.0/armtools/bin/../lib/gcc/arm-atollic-eabi/6.3.1/../../../../arm-atollic-eabi/lib/armv7-m\libnosys.a
END GROUP
START GROUP
LOAD c:/programok/st/truestudio for stm32 9.0.0/armtools/bin/../lib/gcc/arm-atollic-eabi/6.3.1/armv7-m\libgcc.a
LOAD c:/programok/st/truestudio for stm32 9.0.0/armtools/bin/../lib/gcc/arm-atollic-eabi/6.3.1/../../../../arm-atollic-eabi/lib/armv7-m\libc_nano.a
LOAD c:/programok/st/truestudio for stm32 9.0.0/armtools/bin/../lib/gcc/arm-atollic-eabi/6.3.1/../../../../arm-atollic-eabi/lib/armv7-m\libnosys.a
END GROUP
LOAD c:/programok/st/truestudio for stm32 9.0.0/armtools/bin/../lib/gcc/arm-atollic-eabi/6.3.1/armv7-m/crtend.o
LOAD c:/programok/st/truestudio for stm32 9.0.0/armtools/bin/../lib/gcc/arm-atollic-eabi/6.3.1/armv7-m/crtn.o
                0x20005000                _estack = 0x20005000
                0x00000200                _Min_Heap_Size = 0x200
                0x00000800                _Min_Stack_Size = 0x800

.isr_vector     0x08000000      0x10c
                0x08000000                . = ALIGN (0x4)
 *(.isr_vector)
 .isr_vector    0x08000000      0x10c startup\startup_stm32f103xb.o
                0x08000000                g_pfnVectors
                0x0800010c                . = ALIGN (0x4)

.text           0x0800010c     0x31a4
                0x0800010c                . = ALIGN (0x4)
 *(.text)
 .text          0x0800010c       0x40 c:/programok/st/truestudio for stm32 9.0.0/armtools/bin/../lib/gcc/arm-atollic-eabi/6.3.1/armv7-m/crtbegin.o
 *(.text*)
 .text.HAL_Init
                0x0800014c       0x24 Drivers\STM32F1xx_HAL_Driver\Src\stm32f1xx_hal.o
                0x0800014c                HAL_Init
 .text.HAL_IncTick
                0x08000170       0x18 Drivers\STM32F1xx_HAL_Driver\Src\stm32f1xx_hal.o
                0x08000170                HAL_IncTick
 .text.HAL_GetTick
                0x08000188        0xc Drivers\STM32F1xx_HAL_Driver\Src\stm32f1xx_hal.o
                0x08000188                HAL_GetTick
 .text.HAL_Delay
                0x08000194       0x24 Drivers\STM32F1xx_HAL_Driver\Src\stm32f1xx_hal.o
                0x08000194                HAL_Delay
 .text.HAL_NVIC_SetPriorityGrouping
                0x080001b8       0x24 Drivers\STM32F1xx_HAL_Driver\Src\stm32f1xx_hal_cortex.o
                0x080001b8                HAL_NVIC_SetPriorityGrouping
 .text.HAL_NVIC_SetPriority
                0x080001dc       0x68 Drivers\STM32F1xx_HAL_Driver\Src\stm32f1xx_hal_cortex.o
                0x080001dc                HAL_NVIC_SetPriority
 .text.HAL_NVIC_EnableIRQ
                0x08000244       0x18 Drivers\STM32F1xx_HAL_Driver\Src\stm32f1xx_hal_cortex.o
                0x08000244                HAL_NVIC_EnableIRQ
 .text.HAL_SYSTICK_Config
                0x0800025c       0x2c Drivers\STM32F1xx_HAL_Driver\Src\stm32f1xx_hal_cortex.o
                0x0800025c                HAL_SYSTICK_Config
 .text.HAL_SYSTICK_CLKSourceConfig
                0x08000288       0x18 Drivers\STM32F1xx_HAL_Driver\Src\stm32f1xx_hal_cortex.o
                0x08000288                HAL_SYSTICK_CLKSourceConfig
 .text.HAL_SYSTICK_Callback
                0x080002a0        0x2 Drivers\STM32F1xx_HAL_Driver\Src\stm32f1xx_hal_cortex.o
                0x080002a0                HAL_SYSTICK_Callback
 .text.HAL_SYSTICK_IRQHandler
                0x080002a2        0x8 Drivers\STM32F1xx_HAL_Driver\Src\stm32f1xx_hal_cortex.o
                0x080002a2                HAL_SYSTICK_IRQHandler
 *fill*         0x080002aa        0x2 
 .text.HAL_RCC_OscConfig
                0x080002ac      0x318 Drivers\STM32F1xx_HAL_Driver\Src\stm32f1xx_hal_rcc.o
                0x080002ac                HAL_RCC_OscConfig
 .text.HAL_RCC_GetSysClockFreq
                0x080005c4       0x78 Drivers\STM32F1xx_HAL_Driver\Src\stm32f1xx_hal_rcc.o
                0x080005c4                HAL_RCC_GetSysClockFreq
 .text.HAL_RCC_ClockConfig
                0x0800063c      0x148 Drivers\STM32F1xx_HAL_Driver\Src\stm32f1xx_hal_rcc.o
                0x0800063c                HAL_RCC_ClockConfig
 .text.HAL_RCC_GetHCLKFreq
                0x08000784        0xc Drivers\STM32F1xx_HAL_Driver\Src\stm32f1xx_hal_rcc.o
                0x08000784                HAL_RCC_GetHCLKFreq
 .text.HAL_RCC_GetPCLK1Freq
                0x08000790       0x20 Drivers\STM32F1xx_HAL_Driver\Src\stm32f1xx_hal_rcc.o
                0x08000790                HAL_RCC_GetPCLK1Freq
 .text.HAL_RCC_GetClockConfig
                0x080007b0       0x3c Drivers\STM32F1xx_HAL_Driver\Src\stm32f1xx_hal_rcc.o
                0x080007b0                HAL_RCC_GetClockConfig
 .text.HAL_TIM_Base_MspInit
                0x080007ec        0x2 Drivers\STM32F1xx_HAL_Driver\Src\stm32f1xx_hal_tim.o
                0x080007ec                HAL_TIM_Base_MspInit
 .text.HAL_TIM_Base_Start_IT
                0x080007ee       0x16 Drivers\STM32F1xx_HAL_Driver\Src\stm32f1xx_hal_tim.o
                0x080007ee                HAL_TIM_Base_Start_IT
 .text.HAL_TIM_OC_DelayElapsedCallback
                0x08000804        0x2 Drivers\STM32F1xx_HAL_Driver\Src\stm32f1xx_hal_tim.o
                0x08000804                HAL_TIM_OC_DelayElapsedCallback
 .text.HAL_TIM_IC_CaptureCallback
                0x08000806        0x2 Drivers\STM32F1xx_HAL_Driver\Src\stm32f1xx_hal_tim.o
                0x08000806                HAL_TIM_IC_CaptureCallback
 .text.HAL_TIM_PWM_PulseFinishedCallback
                0x08000808        0x2 Drivers\STM32F1xx_HAL_Driver\Src\stm32f1xx_hal_tim.o
                0x08000808                HAL_TIM_PWM_PulseFinishedCallback
 .text.HAL_TIM_TriggerCallback
                0x0800080a        0x2 Drivers\STM32F1xx_HAL_Driver\Src\stm32f1xx_hal_tim.o
                0x0800080a                HAL_TIM_TriggerCallback
 .text.HAL_TIM_IRQHandler
                0x0800080c      0x144 Drivers\STM32F1xx_HAL_Driver\Src\stm32f1xx_hal_tim.o
                0x0800080c                HAL_TIM_IRQHandler
 .text.TIM_Base_SetConfig
                0x08000950       0x70 Drivers\STM32F1xx_HAL_Driver\Src\stm32f1xx_hal_tim.o
                0x08000950                TIM_Base_SetConfig
 .text.HAL_TIM_Base_Init
                0x080009c0       0x34 Drivers\STM32F1xx_HAL_Driver\Src\stm32f1xx_hal_tim.o
                0x080009c0                HAL_TIM_Base_Init
 .text.HAL_TIMEx_CommutationCallback
                0x080009f4        0x2 Drivers\STM32F1xx_HAL_Driver\Src\stm32f1xx_hal_tim_ex.o
                0x080009f4                HAL_TIMEx_CommutationCallback
 .text.HAL_TIMEx_BreakCallback
                0x080009f6        0x2 Drivers\STM32F1xx_HAL_Driver\Src\stm32f1xx_hal_tim_ex.o
                0x080009f6                HAL_TIMEx_BreakCallback
 .text.LCD_IO_Delay
                0x080009f8       0x1e Src\Lcd\lcd_io_spi.o
                0x080009f8                LCD_IO_Delay
 .text.LCD_Delay
                0x08000a16        0x4 Src\Lcd\lcd_io_spi.o
                0x08000a16                LCD_Delay
 *fill*         0x08000a1a        0x2 
 .text.LCD_IO_Bl_OnOff
                0x08000a1c       0x14 Src\Lcd\lcd_io_spi.o
                0x08000a1c                LCD_IO_Bl_OnOff
 .text.LCD_IO_Init
                0x08000a30       0xc8 Src\Lcd\lcd_io_spi.o
                0x08000a30                LCD_IO_Init
 .text.LCD_IO_WriteCmd8
                0x08000af8       0x34 Src\Lcd\lcd_io_spi.o
                0x08000af8                LCD_IO_WriteCmd8
 .text.LCD_IO_WriteData8
                0x08000b2c       0x38 Src\Lcd\lcd_io_spi.o
                0x08000b2c                LCD_IO_WriteData8
 .text.LCD_IO_WriteData16
                0x08000b64       0x48 Src\Lcd\lcd_io_spi.o
                0x08000b64                LCD_IO_WriteData16
 .text.LCD_IO_WriteDataFill16
                0x08000bac       0x74 Src\Lcd\lcd_io_spi.o
                0x08000bac                LCD_IO_WriteDataFill16
 .text.LCD_IO_WriteMultipleData8
                0x08000c20       0x6c Src\Lcd\lcd_io_spi.o
                0x08000c20                LCD_IO_WriteMultipleData8
 .text.LCD_IO_WriteMultipleData16
                0x08000c8c       0x78 Src\Lcd\lcd_io_spi.o
                0x08000c8c                LCD_IO_WriteMultipleData16
 .text.LCD_IO_ReadMultipleData8
                0x08000d04       0xec Src\Lcd\lcd_io_spi.o
                0x08000d04                LCD_IO_ReadMultipleData8
 .text.LCD_IO_ReadMultipleData24to16
                0x08000df0      0x100 Src\Lcd\lcd_io_spi.o
                0x08000df0                LCD_IO_ReadMultipleData24to16
 .text.st7735_GetLcdPixelWidth
                0x08000ef0        0x4 Src\Lcd\st7735.o
                0x08000ef0                st7735_GetLcdPixelWidth
 .text.st7735_GetLcdPixelHeight
                0x08000ef4        0x4 Src\Lcd\st7735.o
                0x08000ef4                st7735_GetLcdPixelHeight
 .text.st7735_Init
                0x08000ef8       0xfc Src\Lcd\st7735.o
                0x08000ef8                st7735_Init
 .text.st7735_DisplayOn
                0x08000ff4       0x12 Src\Lcd\st7735.o
                0x08000ff4                st7735_DisplayOn
 .text.st7735_DisplayOff
                0x08001006       0x12 Src\Lcd\st7735.o
                0x08001006                st7735_DisplayOff
 .text.st7735_ReadID
                0x08001018       0x2c Src\Lcd\st7735.o
                0x08001018                st7735_ReadID
 .text.st7735_SetCursor
                0x08001044       0x1c Src\Lcd\st7735.o
                0x08001044                st7735_SetCursor
 .text.st7735_WritePixel
                0x08001060       0x2a Src\Lcd\st7735.o
                0x08001060                st7735_WritePixel
 *fill*         0x0800108a        0x2 
 .text.st7735_SetDisplayWindow
                0x0800108c       0x4c Src\Lcd\st7735.o
                0x0800108c                st7735_SetDisplayWindow
 .text.st7735_DrawHLine
                0x080010d8       0x40 Src\Lcd\st7735.o
                0x080010d8                st7735_DrawHLine
 .text.st7735_DrawVLine
                0x08001118       0x40 Src\Lcd\st7735.o
                0x08001118                st7735_DrawVLine
 .text.st7735_ReadPixel
                0x08001158       0x2c Src\Lcd\st7735.o
                0x08001158                st7735_ReadPixel
 .text.st7735_ReadRGBImage
                0x08001184       0x1c Src\Lcd\st7735.o
                0x08001184                st7735_ReadRGBImage
 .text.st7735_DrawBitmap
                0x080011a0       0x6c Src\Lcd\st7735.o
                0x080011a0                st7735_DrawBitmap
 .text.st7735_DrawRGBImage
                0x0800120c       0x1c Src\Lcd\st7735.o
                0x0800120c                st7735_DrawRGBImage
 .text.BSP_LCD_GetXSize
                0x08001228        0xc Src\Lcd\stm32_adafruit_lcd.o
                0x08001228                BSP_LCD_GetXSize
 .text.BSP_LCD_GetYSize
                0x08001234        0xc Src\Lcd\stm32_adafruit_lcd.o
                0x08001234                BSP_LCD_GetYSize
 .text.BSP_LCD_SetTextColor
                0x08001240        0xc Src\Lcd\stm32_adafruit_lcd.o
                0x08001240                BSP_LCD_SetTextColor
 .text.BSP_LCD_SetBackColor
                0x0800124c        0xc Src\Lcd\stm32_adafruit_lcd.o
                0x0800124c                BSP_LCD_SetBackColor
 .text.BSP_LCD_SetFont
                0x08001258        0xc Src\Lcd\stm32_adafruit_lcd.o
                0x08001258                BSP_LCD_SetFont
 .text.BSP_LCD_GetFont
                0x08001264        0xc Src\Lcd\stm32_adafruit_lcd.o
                0x08001264                BSP_LCD_GetFont
 .text.BSP_LCD_DrawPixel
                0x08001270       0x10 Src\Lcd\stm32_adafruit_lcd.o
                0x08001270                BSP_LCD_DrawPixel
 .text.BSP_LCD_DrawHLine
                0x08001280       0x4c Src\Lcd\stm32_adafruit_lcd.o
                0x08001280                BSP_LCD_DrawHLine
 .text.BSP_LCD_Clear
                0x080012cc       0x30 Src\Lcd\stm32_adafruit_lcd.o
                0x080012cc                BSP_LCD_Clear
 .text.BSP_LCD_Init
                0x080012fc       0x38 Src\Lcd\stm32_adafruit_lcd.o
                0x080012fc                BSP_LCD_Init
 .text.BSP_LCD_DrawVLine
                0x08001334       0x4c Src\Lcd\stm32_adafruit_lcd.o
                0x08001334                BSP_LCD_DrawVLine
 .text.BSP_LCD_DrawLine
                0x08001380       0xc4 Src\Lcd\stm32_adafruit_lcd.o
                0x08001380                BSP_LCD_DrawLine
 .text.BSP_LCD_DrawCircle
                0x08001444       0xe0 Src\Lcd\stm32_adafruit_lcd.o
                0x08001444                BSP_LCD_DrawCircle
 .text.BSP_LCD_DrawBitmap
                0x08001524       0x68 Src\Lcd\stm32_adafruit_lcd.o
                0x08001524                BSP_LCD_DrawBitmap
 .text.BSP_LCD_DisplayChar
                0x0800158c      0x134 Src\Lcd\stm32_adafruit_lcd.o
                0x0800158c                BSP_LCD_DisplayChar
 .text.BSP_LCD_FillRect
                0x080016c0       0x30 Src\Lcd\stm32_adafruit_lcd.o
                0x080016c0                BSP_LCD_FillRect
 .text.BSP_LCD_FillCircle
                0x080016f0       0xb4 Src\Lcd\stm32_adafruit_lcd.o
                0x080016f0                BSP_LCD_FillCircle
 .text.BSP_LCD_DisplayOn
                0x080017a4        0xc Src\Lcd\stm32_adafruit_lcd.o
                0x080017a4                BSP_LCD_DisplayOn
 .text.BSP_LCD_DisplayOff
                0x080017b0        0xc Src\Lcd\stm32_adafruit_lcd.o
                0x080017b0                BSP_LCD_DisplayOff
 .text.BSP_LCD_ReadID
                0x080017bc       0x10 Src\Lcd\stm32_adafruit_lcd.o
                0x080017bc                BSP_LCD_ReadID
 .text.BSP_LCD_ReadPixel
                0x080017cc       0x14 Src\Lcd\stm32_adafruit_lcd.o
                0x080017cc                BSP_LCD_ReadPixel
 .text.BSP_LCD_DrawRGB16Image
                0x080017e0       0x14 Src\Lcd\stm32_adafruit_lcd.o
                0x080017e0                BSP_LCD_DrawRGB16Image
 .text.BSP_LCD_ReadRGB16Image
                0x080017f4       0x14 Src\Lcd\stm32_adafruit_lcd.o
                0x080017f4                BSP_LCD_ReadRGB16Image
 .text.ClearTest
                0x08001808       0x16 Src\appLcdSpeedTest.o
                0x08001808                ClearTest
 .text.PixelTest
                0x0800181e       0x60 Src\appLcdSpeedTest.o
                0x0800181e                PixelTest
 .text.LineTest
                0x0800187e       0x9c Src\appLcdSpeedTest.o
                0x0800187e                LineTest
 .text.FillRectTest
                0x0800191a       0xa6 Src\appLcdSpeedTest.o
                0x0800191a                FillRectTest
 .text.CharTest
                0x080019c0       0xf8 Src\appLcdSpeedTest.o
                0x080019c0                CharTest
 .text.CircleTest
                0x08001ab8       0xb0 Src\appLcdSpeedTest.o
                0x08001ab8                CircleTest
 .text.FillCircleTest
                0x08001b68       0xb0 Src\appLcdSpeedTest.o
                0x08001b68                FillCircleTest
 .text.ColorTest
                0x08001c18       0xb0 Src\appLcdSpeedTest.o
                0x08001c18                ColorTest
 .text.BitmapTest
                0x08001cc8       0x68 Src\appLcdSpeedTest.o
                0x08001cc8                BitmapTest
 .text.LcdReadPixelTest
                0x08001d30       0x68 Src\appLcdSpeedTest.o
                0x08001d30                LcdReadPixelTest
 .text.LcdReadImageTest
                0x08001d98       0x48 Src\appLcdSpeedTest.o
                0x08001d98                LcdReadImageTest
 .text.mainApp  0x08001de0      0x1c4 Src\appLcdSpeedTest.o
                0x08001de0                mainApp
 .text.SystemClock_Config
                0x08001fa4       0x64 Src\main.o
                0x08001fa4                SystemClock_Config
 .text.startup.main
                0x08002008       0x60 Src\main.o
                0x08002008                main
 .text.HAL_TIM_PeriodElapsedCallback
                0x08002068       0x14 Src\main.o
                0x08002068                HAL_TIM_PeriodElapsedCallback
 .text.HAL_MspInit
                0x0800207c       0xa0 Src\stm32f1xx_hal_msp.o
                0x0800207c                HAL_MspInit
 .text.HAL_InitTick
                0x0800211c       0x78 Src\stm32f1xx_hal_timebase_TIM.o
                0x0800211c                HAL_InitTick
 .text.NMI_Handler
                0x08002194        0x2 Src\stm32f1xx_it.o
                0x08002194                NMI_Handler
 .text.HardFault_Handler
                0x08002196        0x2 Src\stm32f1xx_it.o
                0x08002196                HardFault_Handler
 .text.MemManage_Handler
                0x08002198        0x2 Src\stm32f1xx_it.o
                0x08002198                MemManage_Handler
 .text.BusFault_Handler
                0x0800219a        0x2 Src\stm32f1xx_it.o
                0x0800219a                BusFault_Handler
 .text.UsageFault_Handler
                0x0800219c        0x2 Src\stm32f1xx_it.o
                0x0800219c                UsageFault_Handler
 .text.SVC_Handler
                0x0800219e        0x2 Src\stm32f1xx_it.o
                0x0800219e                SVC_Handler
 .text.DebugMon_Handler
                0x080021a0        0x2 Src\stm32f1xx_it.o
                0x080021a0                DebugMon_Handler
 .text.PendSV_Handler
                0x080021a2        0x2 Src\stm32f1xx_it.o
                0x080021a2                PendSV_Handler
 .text.SysTick_Handler
                0x080021a4        0x4 Src\stm32f1xx_it.o
                0x080021a4                SysTick_Handler
 .text.TIM4_IRQHandler
                0x080021a8        0xc Src\stm32f1xx_it.o
                0x080021a8                TIM4_IRQHandler
 .text._write   0x080021b4       0x32 Src\syscalls.o
                0x080021b4                _write
 *fill*         0x080021e6        0x2 
 .text._sbrk    0x080021e8       0x1c Src\syscalls.o
                0x080021e8                _sbrk
 .text._close   0x08002204       0x10 Src\syscalls.o
                0x08002204                _close
 .text._fstat   0x08002214       0x10 Src\syscalls.o
                0x08002214                _fstat
 .text._isatty  0x08002224       0x10 Src\syscalls.o
                0x08002224                _isatty
 .text._lseek   0x08002234       0x10 Src\syscalls.o
                0x08002234                _lseek
 .text._read    0x08002244       0x10 Src\syscalls.o
                0x08002244                _read
 .text.SystemInit
                0x08002254       0x4c Src\system_stm32f1xx.o
                0x08002254                SystemInit
 .text.Reset_Handler
                0x080022a0       0x48 startup\startup_stm32f103xb.o
                0x080022a0                Reset_Handler
 .text.Default_Handler
                0x080022e8        0x2 startup\startup_stm32f103xb.o
                0x080022e8                RTC_Alarm_IRQHandler
                0x080022e8                EXTI2_IRQHandler
                0x080022e8                TIM1_CC_IRQHandler
                0x080022e8                PVD_IRQHandler
                0x080022e8                EXTI3_IRQHandler
                0x080022e8                EXTI0_IRQHandler
                0x080022e8                I2C2_EV_IRQHandler
                0x080022e8                ADC1_2_IRQHandler
                0x080022e8                SPI1_IRQHandler
                0x080022e8                TAMPER_IRQHandler
                0x080022e8                DMA1_Channel4_IRQHandler
                0x080022e8                USART3_IRQHandler
                0x080022e8                RTC_IRQHandler
                0x080022e8                DMA1_Channel7_IRQHandler
                0x080022e8                CAN1_RX1_IRQHandler
                0x080022e8                I2C1_EV_IRQHandler
                0x080022e8                DMA1_Channel6_IRQHandler
                0x080022e8                TIM3_IRQHandler
                0x080022e8                RCC_IRQHandler
                0x080022e8                TIM1_TRG_COM_IRQHandler
                0x080022e8                DMA1_Channel1_IRQHandler
                0x080022e8                Default_Handler
                0x080022e8                EXTI15_10_IRQHandler
                0x080022e8                EXTI9_5_IRQHandler
                0x080022e8                SPI2_IRQHandler
                0x080022e8                DMA1_Channel5_IRQHandler
                0x080022e8                EXTI4_IRQHandler
                0x080022e8                USB_LP_CAN1_RX0_IRQHandler
                0x080022e8                USB_HP_CAN1_TX_IRQHandler
                0x080022e8                DMA1_Channel3_IRQHandler
                0x080022e8                TIM1_UP_IRQHandler
                0x080022e8                WWDG_IRQHandler
                0x080022e8                TIM2_IRQHandler
                0x080022e8                TIM1_BRK_IRQHandler
                0x080022e8                EXTI1_IRQHandler
                0x080022e8                USART2_IRQHandler
                0x080022e8                I2C2_ER_IRQHandler
                0x080022e8                DMA1_Channel2_IRQHandler
                0x080022e8                CAN1_SCE_IRQHandler
                0x080022e8                FLASH_IRQHandler
                0x080022e8                USART1_IRQHandler
                0x080022e8                I2C1_ER_IRQHandler
                0x080022e8                USBWakeUp_IRQHandler
 *fill*         0x080022ea        0x2 
 .text.__libc_init_array
                0x080022ec       0x48 c:/programok/st/truestudio for stm32 9.0.0/armtools/bin/../lib/gcc/arm-atollic-eabi/6.3.1/../../../../arm-atollic-eabi/lib/armv7-m\libc_nano.a(lib_a-init.o)
                0x080022ec                __libc_init_array
 .text.memset   0x08002334       0x10 c:/programok/st/truestudio for stm32 9.0.0/armtools/bin/../lib/gcc/arm-atollic-eabi/6.3.1/../../../../arm-atollic-eabi/lib/armv7-m\libc_nano.a(lib_a-memset.o)
                0x08002334                memset
 .text.printf   0x08002344       0x30 c:/programok/st/truestudio for stm32 9.0.0/armtools/bin/../lib/gcc/arm-atollic-eabi/6.3.1/../../../../arm-atollic-eabi/lib/armv7-m\libc_nano.a(lib_a-printf.o)
                0x08002344                iprintf
                0x08002344                printf
 .text._puts_r  0x08002374       0xb8 c:/programok/st/truestudio for stm32 9.0.0/armtools/bin/../lib/gcc/arm-atollic-eabi/6.3.1/../../../../arm-atollic-eabi/lib/armv7-m\libc_nano.a(lib_a-puts.o)
                0x08002374                _puts_r
 .text.puts     0x0800242c       0x10 c:/programok/st/truestudio for stm32 9.0.0/armtools/bin/../lib/gcc/arm-atollic-eabi/6.3.1/../../../../arm-atollic-eabi/lib/armv7-m\libc_nano.a(lib_a-puts.o)
                0x0800242c                puts
 .text.random   0x0800243c       0x74 c:/programok/st/truestudio for stm32 9.0.0/armtools/bin/../lib/gcc/arm-atollic-eabi/6.3.1/../../../../arm-atollic-eabi/lib/armv7-m\libc_nano.a(lib_a-random.o)
                0x0800243c                random
 .text.__swbuf_r
                0x080024b0       0xa4 c:/programok/st/truestudio for stm32 9.0.0/armtools/bin/../lib/gcc/arm-atollic-eabi/6.3.1/../../../../arm-atollic-eabi/lib/armv7-m\libc_nano.a(lib_a-wbuf.o)
                0x080024b0                __swbuf_r
 .text.__swsetup_r
                0x08002554       0xdc c:/programok/st/truestudio for stm32 9.0.0/armtools/bin/../lib/gcc/arm-atollic-eabi/6.3.1/../../../../arm-atollic-eabi/lib/armv7-m\libc_nano.a(lib_a-wsetup.o)
                0x08002554                __swsetup_r
 .text.__sflush_r
                0x08002630      0x110 c:/programok/st/truestudio for stm32 9.0.0/armtools/bin/../lib/gcc/arm-atollic-eabi/6.3.1/../../../../arm-atollic-eabi/lib/armv7-m\libc_nano.a(lib_a-fflush.o)
                0x08002630                __sflush_r
 .text._fflush_r
                0x08002740       0x54 c:/programok/st/truestudio for stm32 9.0.0/armtools/bin/../lib/gcc/arm-atollic-eabi/6.3.1/../../../../arm-atollic-eabi/lib/armv7-m\libc_nano.a(lib_a-fflush.o)
                0x08002740                _fflush_r
 .text._cleanup_r
                0x08002794        0xc c:/programok/st/truestudio for stm32 9.0.0/armtools/bin/../lib/gcc/arm-atollic-eabi/6.3.1/../../../../arm-atollic-eabi/lib/armv7-m\libc_nano.a(lib_a-findfp.o)
                0x08002794                _cleanup_r
 .text.std.isra.0
                0x080027a0       0x48 c:/programok/st/truestudio for stm32 9.0.0/armtools/bin/../lib/gcc/arm-atollic-eabi/6.3.1/../../../../arm-atollic-eabi/lib/armv7-m\libc_nano.a(lib_a-findfp.o)
 .text.__sfmoreglue
                0x080027e8       0x2c c:/programok/st/truestudio for stm32 9.0.0/armtools/bin/../lib/gcc/arm-atollic-eabi/6.3.1/../../../../arm-atollic-eabi/lib/armv7-m\libc_nano.a(lib_a-findfp.o)
                0x080027e8                __sfmoreglue
 .text.__sinit  0x08002814       0x60 c:/programok/st/truestudio for stm32 9.0.0/armtools/bin/../lib/gcc/arm-atollic-eabi/6.3.1/../../../../arm-atollic-eabi/lib/armv7-m\libc_nano.a(lib_a-findfp.o)
                0x08002814                __sinit
 .text.__sfp    0x08002874       0x78 c:/programok/st/truestudio for stm32 9.0.0/armtools/bin/../lib/gcc/arm-atollic-eabi/6.3.1/../../../../arm-atollic-eabi/lib/armv7-m\libc_nano.a(lib_a-findfp.o)
                0x08002874                __sfp
 .text._fwalk_reent
                0x080028ec       0x3c c:/programok/st/truestudio for stm32 9.0.0/armtools/bin/../lib/gcc/arm-atollic-eabi/6.3.1/../../../../arm-atollic-eabi/lib/armv7-m\libc_nano.a(lib_a-fwalk.o)
                0x080028ec                _fwalk_reent
 .text.__swhatbuf_r
                0x08002928       0x48 c:/programok/st/truestudio for stm32 9.0.0/armtools/bin/../lib/gcc/arm-atollic-eabi/6.3.1/../../../../arm-atollic-eabi/lib/armv7-m\libc_nano.a(lib_a-makebuf.o)
                0x08002928                __swhatbuf_r
 .text.__smakebuf_r
                0x08002970       0x80 c:/programok/st/truestudio for stm32 9.0.0/armtools/bin/../lib/gcc/arm-atollic-eabi/6.3.1/../../../../arm-atollic-eabi/lib/armv7-m\libc_nano.a(lib_a-makebuf.o)
                0x08002970                __smakebuf_r
 .text.malloc   0x080029f0       0x10 c:/programok/st/truestudio for stm32 9.0.0/armtools/bin/../lib/gcc/arm-atollic-eabi/6.3.1/../../../../arm-atollic-eabi/lib/armv7-m\libc_nano.a(lib_a-malloc.o)
                0x080029f0                malloc
 .text._free_r  0x08002a00       0x98 c:/programok/st/truestudio for stm32 9.0.0/armtools/bin/../lib/gcc/arm-atollic-eabi/6.3.1/../../../../arm-atollic-eabi/lib/armv7-m\libc_nano.a(lib_a-nano-freer.o)
                0x08002a00                _free_r
 .text._malloc_r
                0x08002a98       0xbc c:/programok/st/truestudio for stm32 9.0.0/armtools/bin/../lib/gcc/arm-atollic-eabi/6.3.1/../../../../arm-atollic-eabi/lib/armv7-m\libc_nano.a(lib_a-nano-mallocr.o)
                0x08002a98                _malloc_r
 .text.__sfputc_r
                0x08002b54       0x2c c:/programok/st/truestudio for stm32 9.0.0/armtools/bin/../lib/gcc/arm-atollic-eabi/6.3.1/../../../../arm-atollic-eabi/lib/armv7-m\libc_nano.a(lib_a-nano-vfprintf.o)
 .text.__sfputs_r
                0x08002b80       0x24 c:/programok/st/truestudio for stm32 9.0.0/armtools/bin/../lib/gcc/arm-atollic-eabi/6.3.1/../../../../arm-atollic-eabi/lib/armv7-m\libc_nano.a(lib_a-nano-vfprintf.o)
                0x08002b80                __sfputs_r
 .text._vfprintf_r
                0x08002ba4      0x22c c:/programok/st/truestudio for stm32 9.0.0/armtools/bin/../lib/gcc/arm-atollic-eabi/6.3.1/../../../../arm-atollic-eabi/lib/armv7-m\libc_nano.a(lib_a-nano-vfprintf.o)
                0x08002ba4                _vfprintf_r
                0x08002ba4                _vfiprintf_r
 .text._printf_common
                0x08002dd0       0xee c:/programok/st/truestudio for stm32 9.0.0/armtools/bin/../lib/gcc/arm-atollic-eabi/6.3.1/../../../../arm-atollic-eabi/lib/armv7-m\libc_nano.a(lib_a-nano-vfprintf_i.o)
                0x08002dd0                _printf_common
 *fill*         0x08002ebe        0x2 
 .text._printf_i
                0x08002ec0      0x240 c:/programok/st/truestudio for stm32 9.0.0/armtools/bin/../lib/gcc/arm-atollic-eabi/6.3.1/../../../../arm-atollic-eabi/lib/armv7-m\libc_nano.a(lib_a-nano-vfprintf_i.o)
                0x08002ec0                _printf_i
 .text._sbrk_r  0x08003100       0x20 c:/programok/st/truestudio for stm32 9.0.0/armtools/bin/../lib/gcc/arm-atollic-eabi/6.3.1/../../../../arm-atollic-eabi/lib/armv7-m\libc_nano.a(lib_a-sbrkr.o)
                0x08003100                _sbrk_r
 .text.__sread  0x08003120       0x22 c:/programok/st/truestudio for stm32 9.0.0/armtools/bin/../lib/gcc/arm-atollic-eabi/6.3.1/../../../../arm-atollic-eabi/lib/armv7-m\libc_nano.a(lib_a-stdio.o)
                0x08003120                __sread
 .text.__swrite
                0x08003142       0x38 c:/programok/st/truestudio for stm32 9.0.0/armtools/bin/../lib/gcc/arm-atollic-eabi/6.3.1/../../../../arm-atollic-eabi/lib/armv7-m\libc_nano.a(lib_a-stdio.o)
                0x08003142                __swrite
 .text.__sseek  0x0800317a       0x24 c:/programok/st/truestudio for stm32 9.0.0/armtools/bin/../lib/gcc/arm-atollic-eabi/6.3.1/../../../../arm-atollic-eabi/lib/armv7-m\libc_nano.a(lib_a-stdio.o)
                0x0800317a                __sseek
 .text.__sclose
                0x0800319e        0x8 c:/programok/st/truestudio for stm32 9.0.0/armtools/bin/../lib/gcc/arm-atollic-eabi/6.3.1/../../../../arm-atollic-eabi/lib/armv7-m\libc_nano.a(lib_a-stdio.o)
                0x0800319e                __sclose
 *fill*         0x080031a6        0x2 
 .text._write_r
                0x080031a8       0x24 c:/programok/st/truestudio for stm32 9.0.0/armtools/bin/../lib/gcc/arm-atollic-eabi/6.3.1/../../../../arm-atollic-eabi/lib/armv7-m\libc_nano.a(lib_a-writer.o)
                0x080031a8                _write_r
 .text._close_r
                0x080031cc       0x20 c:/programok/st/truestudio for stm32 9.0.0/armtools/bin/../lib/gcc/arm-atollic-eabi/6.3.1/../../../../arm-atollic-eabi/lib/armv7-m\libc_nano.a(lib_a-closer.o)
                0x080031cc                _close_r
 .text._fstat_r
                0x080031ec       0x24 c:/programok/st/truestudio for stm32 9.0.0/armtools/bin/../lib/gcc/arm-atollic-eabi/6.3.1/../../../../arm-atollic-eabi/lib/armv7-m\libc_nano.a(lib_a-fstatr.o)
                0x080031ec                _fstat_r
 .text._isatty_r
                0x08003210       0x20 c:/programok/st/truestudio for stm32 9.0.0/armtools/bin/../lib/gcc/arm-atollic-eabi/6.3.1/../../../../arm-atollic-eabi/lib/armv7-m\libc_nano.a(lib_a-isattyr.o)
                0x08003210                _isatty_r
 .text._lseek_r
                0x08003230       0x24 c:/programok/st/truestudio for stm32 9.0.0/armtools/bin/../lib/gcc/arm-atollic-eabi/6.3.1/../../../../arm-atollic-eabi/lib/armv7-m\libc_nano.a(lib_a-lseekr.o)
                0x08003230                _lseek_r
 .text.memchr   0x08003254       0x1c c:/programok/st/truestudio for stm32 9.0.0/armtools/bin/../lib/gcc/arm-atollic-eabi/6.3.1/../../../../arm-atollic-eabi/lib/armv7-m\libc_nano.a(lib_a-memchr-stub.o)
                0x08003254                memchr
 .text.__malloc_lock
                0x08003270        0x2 c:/programok/st/truestudio for stm32 9.0.0/armtools/bin/../lib/gcc/arm-atollic-eabi/6.3.1/../../../../arm-atollic-eabi/lib/armv7-m\libc_nano.a(lib_a-mlock.o)
                0x08003270                __malloc_lock
 .text.__malloc_unlock
                0x08003272        0x2 c:/programok/st/truestudio for stm32 9.0.0/armtools/bin/../lib/gcc/arm-atollic-eabi/6.3.1/../../../../arm-atollic-eabi/lib/armv7-m\libc_nano.a(lib_a-mlock.o)
                0x08003272                __malloc_unlock
 .text._read_r  0x08003274       0x24 c:/programok/st/truestudio for stm32 9.0.0/armtools/bin/../lib/gcc/arm-atollic-eabi/6.3.1/../../../../arm-atollic-eabi/lib/armv7-m\libc_nano.a(lib_a-readr.o)
                0x08003274                _read_r
 *(.glue_7)
 .glue_7        0x08003298        0x0 linker stubs
 *(.glue_7t)
 .glue_7t       0x08003298        0x0 linker stubs
 *(.eh_frame)
 .eh_frame      0x08003298        0x0 c:/programok/st/truestudio for stm32 9.0.0/armtools/bin/../lib/gcc/arm-atollic-eabi/6.3.1/armv7-m/crtbegin.o
 *(.init)
 .init          0x08003298        0x4 c:/programok/st/truestudio for stm32 9.0.0/armtools/bin/../lib/gcc/arm-atollic-eabi/6.3.1/armv7-m/crti.o
                0x08003298                _init
 .init          0x0800329c        0x8 c:/programok/st/truestudio for stm32 9.0.0/armtools/bin/../lib/gcc/arm-atollic-eabi/6.3.1/armv7-m/crtn.o
 *(.fini)
 .fini          0x080032a4        0x4 c:/programok/st/truestudio for stm32 9.0.0/armtools/bin/../lib/gcc/arm-atollic-eabi/6.3.1/armv7-m/crti.o
                0x080032a4                _fini
 .fini          0x080032a8        0x8 c:/programok/st/truestudio for stm32 9.0.0/armtools/bin/../lib/gcc/arm-atollic-eabi/6.3.1/armv7-m/crtn.o
                0x080032b0                . = ALIGN (0x4)
                0x080032b0                _etext = .

.vfp11_veneer   0x080032b0        0x0
 .vfp11_veneer  0x080032b0        0x0 linker stubs

.v4_bx          0x080032b0        0x0
 .v4_bx         0x080032b0        0x0 linker stubs

.iplt           0x080032b0        0x0
 .iplt          0x080032b0        0x0 c:/programok/st/truestudio for stm32 9.0.0/armtools/bin/../lib/gcc/arm-atollic-eabi/6.3.1/armv7-m/crtbegin.o

.rodata         0x080032b0     0x6dac
                0x080032b0                . = ALIGN (0x4)
 *(.rodata)
 .rodata        0x080032b0       0x10 Drivers\STM32F1xx_HAL_Driver\Src\stm32f1xx_hal_rcc.o
 .rodata        0x080032c0        0x6 Src\Lcd\st7735.o
 *(.rodata*)
 .rodata.Font12_Table
                0x080032c6      0x474 Src\Lcd\Fonts\font12.o
                0x080032c6                Font12_Table
 .rodata.Font16_Table
                0x0800373a      0xbe0 Src\Lcd\Fonts\font16.o
                0x0800373a                Font16_Table
 .rodata.Font20_Table
                0x0800431a      0xed8 Src\Lcd\Fonts\font20.o
                0x0800431a                Font20_Table
 .rodata.Font24_Table
                0x080051f2     0x1ab8 Src\Lcd\Fonts\font24.o
                0x080051f2                Font24_Table
 .rodata.Font8_Table
                0x08006caa      0x2f8 Src\Lcd\Fonts\font8.o
                0x08006caa                Font8_Table
 .rodata.st7735_Init.str1.1
                0x08006fa2       0x35 Src\Lcd\st7735.o
                                 0x37 (size before relaxing)
 .rodata.mainApp.str1.1
                0x08006fd7       0xbd Src\appLcdSpeedTest.o
                                 0xd2 (size before relaxing)
 .rodata.beer_60x100_16
                0x08007094     0x2f16 Src\beer_60x100_16.o
                0x08007094                beer_60x100_16
 .rodata.AHBPrescTable
                0x08009faa       0x10 Src\system_stm32f1xx.o
                0x08009faa                AHBPrescTable
 .rodata.APBPrescTable
                0x08009fba        0x8 Src\system_stm32f1xx.o
                0x08009fba                APBPrescTable
 *fill*         0x08009fc2        0x2 
 .rodata._global_impure_ptr
                0x08009fc4        0x4 c:/programok/st/truestudio for stm32 9.0.0/armtools/bin/../lib/gcc/arm-atollic-eabi/6.3.1/../../../../arm-atollic-eabi/lib/armv7-m\libc_nano.a(lib_a-impure.o)
                0x08009fc4                _global_impure_ptr
 .rodata.__sf_fake_stderr
                0x08009fc8       0x20 c:/programok/st/truestudio for stm32 9.0.0/armtools/bin/../lib/gcc/arm-atollic-eabi/6.3.1/../../../../arm-atollic-eabi/lib/armv7-m\libc_nano.a(lib_a-findfp.o)
                0x08009fc8                __sf_fake_stderr
 .rodata.__sf_fake_stdin
                0x08009fe8       0x20 c:/programok/st/truestudio for stm32 9.0.0/armtools/bin/../lib/gcc/arm-atollic-eabi/6.3.1/../../../../arm-atollic-eabi/lib/armv7-m\libc_nano.a(lib_a-findfp.o)
                0x08009fe8                __sf_fake_stdin
 .rodata.__sf_fake_stdout
                0x0800a008       0x20 c:/programok/st/truestudio for stm32 9.0.0/armtools/bin/../lib/gcc/arm-atollic-eabi/6.3.1/../../../../arm-atollic-eabi/lib/armv7-m\libc_nano.a(lib_a-findfp.o)
                0x0800a008                __sf_fake_stdout
 .rodata._vfprintf_r.str1.1
                0x0800a028       0x11 c:/programok/st/truestudio for stm32 9.0.0/armtools/bin/../lib/gcc/arm-atollic-eabi/6.3.1/../../../../arm-atollic-eabi/lib/armv7-m\libc_nano.a(lib_a-nano-vfprintf.o)
 .rodata._printf_i.str1.1
                0x0800a039       0x22 c:/programok/st/truestudio for stm32 9.0.0/armtools/bin/../lib/gcc/arm-atollic-eabi/6.3.1/../../../../arm-atollic-eabi/lib/armv7-m\libc_nano.a(lib_a-nano-vfprintf_i.o)
                0x0800a05c                . = ALIGN (0x4)
 *fill*         0x0800a05b        0x1 

.rel.dyn        0x0800a05c        0x0
 .rel.iplt      0x0800a05c        0x0 c:/programok/st/truestudio for stm32 9.0.0/armtools/bin/../lib/gcc/arm-atollic-eabi/6.3.1/armv7-m/crtbegin.o

.ARM.extab
 *(.ARM.extab* .gnu.linkonce.armextab.*)

.ARM            0x0800a05c        0x0
                0x0800a05c                __exidx_start = .
 *(.ARM.exidx*)
                0x0800a05c                __exidx_end = .

.preinit_array  0x0800a05c        0x0
                0x0800a05c                PROVIDE (__preinit_array_start, .)
 *(.preinit_array*)
                0x0800a05c                PROVIDE (__preinit_array_end, .)

.init_array     0x0800a05c        0x4
                0x0800a05c                PROVIDE (__init_array_start, .)
 *(SORT(.init_array.*))
 *(.init_array*)
 .init_array    0x0800a05c        0x4 c:/programok/st/truestudio for stm32 9.0.0/armtools/bin/../lib/gcc/arm-atollic-eabi/6.3.1/armv7-m/crtbegin.o
                0x0800a060                PROVIDE (__init_array_end, .)

.fini_array     0x0800a060        0x4
                [!provide]                PROVIDE (__fini_array_start, .)
 *(SORT(.fini_array.*))
 *(.fini_array*)
 .fini_array    0x0800a060        0x4 c:/programok/st/truestudio for stm32 9.0.0/armtools/bin/../lib/gcc/arm-atollic-eabi/6.3.1/armv7-m/crtbegin.o
                [!provide]                PROVIDE (__fini_array_end, .)
                0x0800a064                _sidata = LOADADDR (.data)

.data           0x20000000       0xd4 load address 0x0800a064
                0x20000000                . = ALIGN (0x4)
                0x20000000                _sdata = .
 *(.data)
 *(.data*)
 .data.uwTickFreq
                0x20000000        0x1 Drivers\STM32F1xx_HAL_Driver\Src\stm32f1xx_hal.o
                0x20000000                uwTickFreq
 *fill*         0x20000001        0x3 
 .data.Font12   0x20000004        0x8 Src\Lcd\Fonts\font12.o
                0x20000004                Font12
 .data.Font16   0x2000000c        0x8 Src\Lcd\Fonts\font16.o
                0x2000000c                Font16
 .data.Font20   0x20000014        0x8 Src\Lcd\Fonts\font20.o
                0x20000014                Font20
 .data.Font24   0x2000001c        0x8 Src\Lcd\Fonts\font24.o
                0x2000001c                Font24
 .data.Font8    0x20000024        0x8 Src\Lcd\Fonts\font8.o
                0x20000024                Font8
 .data.lcd_drv  0x2000002c        0x4 Src\Lcd\st7735.o
                0x2000002c                lcd_drv
 .data.st7735_drv
                0x20000030       0x3c Src\Lcd\st7735.o
                0x20000030                st7735_drv
 .data.SystemCoreClock
                0x2000006c        0x4 Src\system_stm32f1xx.o
                0x2000006c                SystemCoreClock
 .data._impure_ptr
                0x20000070        0x4 c:/programok/st/truestudio for stm32 9.0.0/armtools/bin/../lib/gcc/arm-atollic-eabi/6.3.1/../../../../arm-atollic-eabi/lib/armv7-m\libc_nano.a(lib_a-impure.o)
                0x20000070                _impure_ptr
 .data.impure_data
                0x20000074       0x60 c:/programok/st/truestudio for stm32 9.0.0/armtools/bin/../lib/gcc/arm-atollic-eabi/6.3.1/../../../../arm-atollic-eabi/lib/armv7-m\libc_nano.a(lib_a-impure.o)
                0x200000d4                . = ALIGN (0x4)
                0x200000d4                _edata = .

.igot.plt       0x200000d4        0x0 load address 0x0800a138
 .igot.plt      0x200000d4        0x0 c:/programok/st/truestudio for stm32 9.0.0/armtools/bin/../lib/gcc/arm-atollic-eabi/6.3.1/armv7-m/crtbegin.o
                0x200000d4                . = ALIGN (0x4)

.bss            0x200000d4      0x5e8 load address 0x0800a138
                0x200000d4                _sbss = .
                0x200000d4                __bss_start__ = _sbss
 *(.bss)
 .bss           0x200000d4       0x1c c:/programok/st/truestudio for stm32 9.0.0/armtools/bin/../lib/gcc/arm-atollic-eabi/6.3.1/armv7-m/crtbegin.o
 *(.bss*)
 .bss.Is_st7735_Initialized
                0x200000f0        0x1 Src\Lcd\st7735.o
 *fill*         0x200000f1        0x1 
 .bss.yEnd      0x200000f2        0x2 Src\Lcd\st7735.o
 .bss.yStart    0x200000f4        0x2 Src\Lcd\st7735.o
 .bss.bitmap    0x200000f6      0x366 Src\Lcd\stm32_adafruit_lcd.o
 .bss.heap_end.7547
                0x2000045c        0x4 Src\syscalls.o
 .bss.__malloc_free_list
                0x20000460        0x4 c:/programok/st/truestudio for stm32 9.0.0/armtools/bin/../lib/gcc/arm-atollic-eabi/6.3.1/../../../../arm-atollic-eabi/lib/armv7-m\libc_nano.a(lib_a-nano-mallocr.o)
                0x20000460                __malloc_free_list
 .bss.__malloc_sbrk_start
                0x20000464        0x4 c:/programok/st/truestudio for stm32 9.0.0/armtools/bin/../lib/gcc/arm-atollic-eabi/6.3.1/../../../../arm-atollic-eabi/lib/armv7-m\libc_nano.a(lib_a-nano-mallocr.o)
                0x20000464                __malloc_sbrk_start
 *(COMMON)
 COMMON         0x20000468        0x4 Drivers\STM32F1xx_HAL_Driver\Src\stm32f1xx_hal.o
                0x20000468                uwTick
 COMMON         0x2000046c        0xc Src\Lcd\stm32_adafruit_lcd.o
                0x2000046c                DrawProp
 COMMON         0x20000478      0x200 Src\appLcdSpeedTest.o
                0x20000478                bitmap
 COMMON         0x20000678       0x40 Src\stm32f1xx_hal_timebase_TIM.o
                0x20000678                htim4
 COMMON         0x200006b8        0x4 c:/programok/st/truestudio for stm32 9.0.0/armtools/bin/../lib/gcc/arm-atollic-eabi/6.3.1/../../../../arm-atollic-eabi/lib/armv7-m\libc_nano.a(lib_a-reent.o)
                0x200006b8                errno
                0x200006bc                . = ALIGN (0x4)
                0x200006bc                _ebss = .
                0x200006bc                __bss_end__ = _ebss

._user_heap_stack
                0x200006bc      0xa00 load address 0x0800a138
                0x200006bc                . = ALIGN (0x4)
                0x200006bc                PROVIDE (end, .)
                [!provide]                PROVIDE (_end, .)
                0x200008bc                . = (. + _Min_Heap_Size)
 *fill*         0x200006bc      0x200 
                0x200010bc                . = (. + _Min_Stack_Size)
 *fill*         0x200008bc      0x800 
                0x200010bc                . = ALIGN (0x4)

/DISCARD/
 libc.a(*)
 libm.a(*)
 libgcc.a(*)

.ARM.attributes
                0x00000000       0x29
 *(.ARM.attributes)
 .ARM.attributes
                0x00000000       0x1d c:/programok/st/truestudio for stm32 9.0.0/armtools/bin/../lib/gcc/arm-atollic-eabi/6.3.1/armv7-m/crti.o
 .ARM.attributes
                0x0000001d       0x2d c:/programok/st/truestudio for stm32 9.0.0/armtools/bin/../lib/gcc/arm-atollic-eabi/6.3.1/armv7-m/crtbegin.o
 .ARM.attributes
                0x0000004a       0x33 Drivers\STM32F1xx_HAL_Driver\Src\stm32f1xx_hal.o
 .ARM.attributes
                0x0000007d       0x33 Drivers\STM32F1xx_HAL_Driver\Src\stm32f1xx_hal_cortex.o
 .ARM.attributes
                0x000000b0       0x33 Drivers\STM32F1xx_HAL_Driver\Src\stm32f1xx_hal_rcc.o
 .ARM.attributes
                0x000000e3       0x33 Drivers\STM32F1xx_HAL_Driver\Src\stm32f1xx_hal_tim.o
 .ARM.attributes
                0x00000116       0x33 Drivers\STM32F1xx_HAL_Driver\Src\stm32f1xx_hal_tim_ex.o
 .ARM.attributes
                0x00000149       0x33 Src\Lcd\Fonts\font12.o
 .ARM.attributes
                0x0000017c       0x33 Src\Lcd\Fonts\font16.o
 .ARM.attributes
                0x000001af       0x33 Src\Lcd\Fonts\font20.o
 .ARM.attributes
                0x000001e2       0x33 Src\Lcd\Fonts\font24.o
 .ARM.attributes
                0x00000215       0x33 Src\Lcd\Fonts\font8.o
 .ARM.attributes
                0x00000248       0x33 Src\Lcd\lcd_io_spi.o
 .ARM.attributes
                0x0000027b       0x33 Src\Lcd\st7735.o
 .ARM.attributes
                0x000002ae       0x33 Src\Lcd\stm32_adafruit_lcd.o
 .ARM.attributes
                0x000002e1       0x33 Src\appLcdSpeedTest.o
 .ARM.attributes
                0x00000314       0x33 Src\beer_60x100_16.o
 .ARM.attributes
                0x00000347       0x33 Src\main.o
 .ARM.attributes
                0x0000037a       0x33 Src\stm32f1xx_hal_msp.o
 .ARM.attributes
                0x000003ad       0x33 Src\stm32f1xx_hal_timebase_TIM.o
 .ARM.attributes
                0x000003e0       0x33 Src\stm32f1xx_it.o
 .ARM.attributes
                0x00000413       0x33 Src\syscalls.o
 .ARM.attributes
                0x00000446       0x33 Src\system_stm32f1xx.o
 .ARM.attributes
                0x00000479       0x21 startup\startup_stm32f103xb.o
 .ARM.attributes
                0x0000049a       0x2d c:/programok/st/truestudio for stm32 9.0.0/armtools/bin/../lib/gcc/arm-atollic-eabi/6.3.1/../../../../arm-atollic-eabi/lib/armv7-m\libc_nano.a(lib_a-impure.o)
 .ARM.attributes
                0x000004c7       0x2d c:/programok/st/truestudio for stm32 9.0.0/armtools/bin/../lib/gcc/arm-atollic-eabi/6.3.1/../../../../arm-atollic-eabi/lib/armv7-m\libc_nano.a(lib_a-init.o)
 .ARM.attributes
                0x000004f4       0x2d c:/programok/st/truestudio for stm32 9.0.0/armtools/bin/../lib/gcc/arm-atollic-eabi/6.3.1/../../../../arm-atollic-eabi/lib/armv7-m\libc_nano.a(lib_a-memset.o)
 .ARM.attributes
                0x00000521       0x2d c:/programok/st/truestudio for stm32 9.0.0/armtools/bin/../lib/gcc/arm-atollic-eabi/6.3.1/../../../../arm-atollic-eabi/lib/armv7-m\libc_nano.a(lib_a-printf.o)
 .ARM.attributes
                0x0000054e       0x2d c:/programok/st/truestudio for stm32 9.0.0/armtools/bin/../lib/gcc/arm-atollic-eabi/6.3.1/../../../../arm-atollic-eabi/lib/armv7-m\libc_nano.a(lib_a-puts.o)
 .ARM.attributes
                0x0000057b       0x2d c:/programok/st/truestudio for stm32 9.0.0/armtools/bin/../lib/gcc/arm-atollic-eabi/6.3.1/../../../../arm-atollic-eabi/lib/armv7-m\libc_nano.a(lib_a-random.o)
 .ARM.attributes
                0x000005a8       0x2d c:/programok/st/truestudio for stm32 9.0.0/armtools/bin/../lib/gcc/arm-atollic-eabi/6.3.1/../../../../arm-atollic-eabi/lib/armv7-m\libc_nano.a(lib_a-reent.o)
 .ARM.attributes
                0x000005d5       0x2d c:/programok/st/truestudio for stm32 9.0.0/armtools/bin/../lib/gcc/arm-atollic-eabi/6.3.1/../../../../arm-atollic-eabi/lib/armv7-m\libc_nano.a(lib_a-wbuf.o)
 .ARM.attributes
                0x00000602       0x2d c:/programok/st/truestudio for stm32 9.0.0/armtools/bin/../lib/gcc/arm-atollic-eabi/6.3.1/../../../../arm-atollic-eabi/lib/armv7-m\libc_nano.a(lib_a-wsetup.o)
 .ARM.attributes
                0x0000062f       0x2d c:/programok/st/truestudio for stm32 9.0.0/armtools/bin/../lib/gcc/arm-atollic-eabi/6.3.1/../../../../arm-atollic-eabi/lib/armv7-m\libc_nano.a(lib_a-fflush.o)
 .ARM.attributes
                0x0000065c       0x2d c:/programok/st/truestudio for stm32 9.0.0/armtools/bin/../lib/gcc/arm-atollic-eabi/6.3.1/../../../../arm-atollic-eabi/lib/armv7-m\libc_nano.a(lib_a-findfp.o)
 .ARM.attributes
                0x00000689       0x2d c:/programok/st/truestudio for stm32 9.0.0/armtools/bin/../lib/gcc/arm-atollic-eabi/6.3.1/../../../../arm-atollic-eabi/lib/armv7-m\libc_nano.a(lib_a-fwalk.o)
 .ARM.attributes
                0x000006b6       0x2d c:/programok/st/truestudio for stm32 9.0.0/armtools/bin/../lib/gcc/arm-atollic-eabi/6.3.1/../../../../arm-atollic-eabi/lib/armv7-m\libc_nano.a(lib_a-makebuf.o)
 .ARM.attributes
                0x000006e3       0x2d c:/programok/st/truestudio for stm32 9.0.0/armtools/bin/../lib/gcc/arm-atollic-eabi/6.3.1/../../../../arm-atollic-eabi/lib/armv7-m\libc_nano.a(lib_a-malloc.o)
 .ARM.attributes
                0x00000710       0x2d c:/programok/st/truestudio for stm32 9.0.0/armtools/bin/../lib/gcc/arm-atollic-eabi/6.3.1/../../../../arm-atollic-eabi/lib/armv7-m\libc_nano.a(lib_a-nano-freer.o)
 .ARM.attributes
                0x0000073d       0x2d c:/programok/st/truestudio for stm32 9.0.0/armtools/bin/../lib/gcc/arm-atollic-eabi/6.3.1/../../../../arm-atollic-eabi/lib/armv7-m\libc_nano.a(lib_a-nano-mallocr.o)
 .ARM.attributes
                0x0000076a       0x2d c:/programok/st/truestudio for stm32 9.0.0/armtools/bin/../lib/gcc/arm-atollic-eabi/6.3.1/../../../../arm-atollic-eabi/lib/armv7-m\libc_nano.a(lib_a-nano-vfprintf.o)
 .ARM.attributes
                0x00000797       0x2d c:/programok/st/truestudio for stm32 9.0.0/armtools/bin/../lib/gcc/arm-atollic-eabi/6.3.1/../../../../arm-atollic-eabi/lib/armv7-m\libc_nano.a(lib_a-nano-vfprintf_i.o)
 .ARM.attributes
                0x000007c4       0x2d c:/programok/st/truestudio for stm32 9.0.0/armtools/bin/../lib/gcc/arm-atollic-eabi/6.3.1/../../../../arm-atollic-eabi/lib/armv7-m\libc_nano.a(lib_a-sbrkr.o)
 .ARM.attributes
                0x000007f1       0x2d c:/programok/st/truestudio for stm32 9.0.0/armtools/bin/../lib/gcc/arm-atollic-eabi/6.3.1/../../../../arm-atollic-eabi/lib/armv7-m\libc_nano.a(lib_a-stdio.o)
 .ARM.attributes
                0x0000081e       0x2d c:/programok/st/truestudio for stm32 9.0.0/armtools/bin/../lib/gcc/arm-atollic-eabi/6.3.1/../../../../arm-atollic-eabi/lib/armv7-m\libc_nano.a(lib_a-writer.o)
 .ARM.attributes
                0x0000084b       0x2d c:/programok/st/truestudio for stm32 9.0.0/armtools/bin/../lib/gcc/arm-atollic-eabi/6.3.1/../../../../arm-atollic-eabi/lib/armv7-m\libc_nano.a(lib_a-closer.o)
 .ARM.attributes
                0x00000878       0x2d c:/programok/st/truestudio for stm32 9.0.0/armtools/bin/../lib/gcc/arm-atollic-eabi/6.3.1/../../../../arm-atollic-eabi/lib/armv7-m\libc_nano.a(lib_a-fstatr.o)
 .ARM.attributes
                0x000008a5       0x2d c:/programok/st/truestudio for stm32 9.0.0/armtools/bin/../lib/gcc/arm-atollic-eabi/6.3.1/../../../../arm-atollic-eabi/lib/armv7-m\libc_nano.a(lib_a-isattyr.o)
 .ARM.attributes
                0x000008d2       0x2d c:/programok/st/truestudio for stm32 9.0.0/armtools/bin/../lib/gcc/arm-atollic-eabi/6.3.1/../../../../arm-atollic-eabi/lib/armv7-m\libc_nano.a(lib_a-lseekr.o)
 .ARM.attributes
                0x000008ff       0x2d c:/programok/st/truestudio for stm32 9.0.0/armtools/bin/../lib/gcc/arm-atollic-eabi/6.3.1/../../../../arm-atollic-eabi/lib/armv7-m\libc_nano.a(lib_a-memchr-stub.o)
 .ARM.attributes
                0x0000092c       0x2d c:/programok/st/truestudio for stm32 9.0.0/armtools/bin/../lib/gcc/arm-atollic-eabi/6.3.1/../../../../arm-atollic-eabi/lib/armv7-m\libc_nano.a(lib_a-mlock.o)
 .ARM.attributes
                0x00000959       0x2d c:/programok/st/truestudio for stm32 9.0.0/armtools/bin/../lib/gcc/arm-atollic-eabi/6.3.1/../../../../arm-atollic-eabi/lib/armv7-m\libc_nano.a(lib_a-readr.o)
 .ARM.attributes
                0x00000986       0x1d c:/programok/st/truestudio for stm32 9.0.0/armtools/bin/../lib/gcc/arm-atollic-eabi/6.3.1/armv7-m/crtn.o
OUTPUT(f103c8t-st7735.elf elf32-littlearm)

.debug_info     0x00000000    0x14d77
 .debug_info    0x00000000      0xfba Drivers\STM32F1xx_HAL_Driver\Src\stm32f1xx_hal.o
 .debug_info    0x00000fba     0x1463 Drivers\STM32F1xx_HAL_Driver\Src\stm32f1xx_hal_cortex.o
 .debug_info    0x0000241d     0x11f7 Drivers\STM32F1xx_HAL_Driver\Src\stm32f1xx_hal_rcc.o
 .debug_info    0x00003614     0x3b73 Drivers\STM32F1xx_HAL_Driver\Src\stm32f1xx_hal_tim.o
 .debug_info    0x00007187     0x1943 Drivers\STM32F1xx_HAL_Driver\Src\stm32f1xx_hal_tim_ex.o
 .debug_info    0x00008aca      0x14a Src\Lcd\Fonts\font12.o
 .debug_info    0x00008c14      0x14a Src\Lcd\Fonts\font16.o
 .debug_info    0x00008d5e      0x14a Src\Lcd\Fonts\font20.o
 .debug_info    0x00008ea8      0x14a Src\Lcd\Fonts\font24.o
 .debug_info    0x00008ff2      0x14a Src\Lcd\Fonts\font8.o
 .debug_info    0x0000913c      0xfc7 Src\Lcd\lcd_io_spi.o
 .debug_info    0x0000a103     0x1537 Src\Lcd\st7735.o
 .debug_info    0x0000b63a     0x1860 Src\Lcd\stm32_adafruit_lcd.o
 .debug_info    0x0000ce9a     0x1ca6 Src\appLcdSpeedTest.o
 .debug_info    0x0000eb40      0x1e8 Src\beer_60x100_16.o
 .debug_info    0x0000ed28     0x13ba Src\main.o
 .debug_info    0x000100e2      0xcda Src\stm32f1xx_hal_msp.o
 .debug_info    0x00010dbc     0x1187 Src\stm32f1xx_hal_timebase_TIM.o
 .debug_info    0x00011f43      0xe7c Src\stm32f1xx_it.o
 .debug_info    0x00012dbf     0x132b Src\syscalls.o
 .debug_info    0x000140ea      0xc07 Src\system_stm32f1xx.o
 .debug_info    0x00014cf1       0x86 startup\startup_stm32f103xb.o

.debug_abbrev   0x00000000     0x2f5d
 .debug_abbrev  0x00000000      0x308 Drivers\STM32F1xx_HAL_Driver\Src\stm32f1xx_hal.o
 .debug_abbrev  0x00000308      0x399 Drivers\STM32F1xx_HAL_Driver\Src\stm32f1xx_hal_cortex.o
 .debug_abbrev  0x000006a1      0x367 Drivers\STM32F1xx_HAL_Driver\Src\stm32f1xx_hal_rcc.o
 .debug_abbrev  0x00000a08      0x3bb Drivers\STM32F1xx_HAL_Driver\Src\stm32f1xx_hal_tim.o
 .debug_abbrev  0x00000dc3      0x30d Drivers\STM32F1xx_HAL_Driver\Src\stm32f1xx_hal_tim_ex.o
 .debug_abbrev  0x000010d0       0xa2 Src\Lcd\Fonts\font12.o
 .debug_abbrev  0x00001172       0xa2 Src\Lcd\Fonts\font16.o
 .debug_abbrev  0x00001214       0xa2 Src\Lcd\Fonts\font20.o
 .debug_abbrev  0x000012b6       0xa2 Src\Lcd\Fonts\font24.o
 .debug_abbrev  0x00001358       0xa2 Src\Lcd\Fonts\font8.o
 .debug_abbrev  0x000013fa      0x2cb Src\Lcd\lcd_io_spi.o
 .debug_abbrev  0x000016c5      0x2a3 Src\Lcd\st7735.o
 .debug_abbrev  0x00001968      0x438 Src\Lcd\stm32_adafruit_lcd.o
 .debug_abbrev  0x00001da0      0x27c Src\appLcdSpeedTest.o
 .debug_abbrev  0x0000201c       0x79 Src\beer_60x100_16.o
 .debug_abbrev  0x00002095      0x2e3 Src\main.o
 .debug_abbrev  0x00002378      0x200 Src\stm32f1xx_hal_msp.o
 .debug_abbrev  0x00002578      0x258 Src\stm32f1xx_hal_timebase_TIM.o
 .debug_abbrev  0x000027d0      0x215 Src\stm32f1xx_it.o
 .debug_abbrev  0x000029e5      0x37b Src\syscalls.o
 .debug_abbrev  0x00002d60      0x1eb Src\system_stm32f1xx.o
 .debug_abbrev  0x00002f4b       0x12 startup\startup_stm32f103xb.o

.debug_loc      0x00000000     0x7276
 .debug_loc     0x00000000      0x11b Drivers\STM32F1xx_HAL_Driver\Src\stm32f1xx_hal.o
 .debug_loc     0x0000011b      0x46b Drivers\STM32F1xx_HAL_Driver\Src\stm32f1xx_hal_cortex.o
 .debug_loc     0x00000586      0x4c3 Drivers\STM32F1xx_HAL_Driver\Src\stm32f1xx_hal_rcc.o
 .debug_loc     0x00000a49     0x300c Drivers\STM32F1xx_HAL_Driver\Src\stm32f1xx_hal_tim.o
 .debug_loc     0x00003a55      0x822 Drivers\STM32F1xx_HAL_Driver\Src\stm32f1xx_hal_tim_ex.o
 .debug_loc     0x00004277      0x49d Src\Lcd\lcd_io_spi.o
 .debug_loc     0x00004714      0x4b5 Src\Lcd\st7735.o
 .debug_loc     0x00004bc9     0x1c8e Src\Lcd\stm32_adafruit_lcd.o
 .debug_loc     0x00006857      0x5f2 Src\appLcdSpeedTest.o
 .debug_loc     0x00006e49       0x2c Src\main.o
 .debug_loc     0x00006e75       0xa5 Src\stm32f1xx_hal_timebase_TIM.o
 .debug_loc     0x00006f1a      0x28f Src\syscalls.o
 .debug_loc     0x000071a9       0xcd Src\system_stm32f1xx.o

.debug_aranges  0x00000000      0xa18
 .debug_aranges
                0x00000000       0xc8 Drivers\STM32F1xx_HAL_Driver\Src\stm32f1xx_hal.o
 .debug_aranges
                0x000000c8       0x90 Drivers\STM32F1xx_HAL_Driver\Src\stm32f1xx_hal_cortex.o
 .debug_aranges
                0x00000158       0x88 Drivers\STM32F1xx_HAL_Driver\Src\stm32f1xx_hal_rcc.o
 .debug_aranges
                0x000001e0      0x250 Drivers\STM32F1xx_HAL_Driver\Src\stm32f1xx_hal_tim.o
 .debug_aranges
                0x00000430       0xe8 Drivers\STM32F1xx_HAL_Driver\Src\stm32f1xx_hal_tim_ex.o
 .debug_aranges
                0x00000518       0x18 Src\Lcd\Fonts\font12.o
 .debug_aranges
                0x00000530       0x18 Src\Lcd\Fonts\font16.o
 .debug_aranges
                0x00000548       0x18 Src\Lcd\Fonts\font20.o
 .debug_aranges
                0x00000560       0x18 Src\Lcd\Fonts\font24.o
 .debug_aranges
                0x00000578       0x18 Src\Lcd\Fonts\font8.o
 .debug_aranges
                0x00000590       0x80 Src\Lcd\lcd_io_spi.o
 .debug_aranges
                0x00000610       0x90 Src\Lcd\st7735.o
 .debug_aranges
                0x000006a0      0x128 Src\Lcd\stm32_adafruit_lcd.o
 .debug_aranges
                0x000007c8       0x78 Src\appLcdSpeedTest.o
 .debug_aranges
                0x00000840       0x18 Src\beer_60x100_16.o
 .debug_aranges
                0x00000858       0x38 Src\main.o
 .debug_aranges
                0x00000890       0x20 Src\stm32f1xx_hal_msp.o
 .debug_aranges
                0x000008b0       0x30 Src\stm32f1xx_hal_timebase_TIM.o
 .debug_aranges
                0x000008e0       0x50 Src\stm32f1xx_it.o
 .debug_aranges
                0x00000930       0x98 Src\syscalls.o
 .debug_aranges
                0x000009c8       0x28 Src\system_stm32f1xx.o
 .debug_aranges
                0x000009f0       0x28 startup\startup_stm32f103xb.o

.debug_ranges   0x00000000      0xd10
 .debug_ranges  0x00000000       0xb8 Drivers\STM32F1xx_HAL_Driver\Src\stm32f1xx_hal.o
 .debug_ranges  0x000000b8      0x128 Drivers\STM32F1xx_HAL_Driver\Src\stm32f1xx_hal_cortex.o
 .debug_ranges  0x000001e0       0xa0 Drivers\STM32F1xx_HAL_Driver\Src\stm32f1xx_hal_rcc.o
 .debug_ranges  0x00000280      0x340 Drivers\STM32F1xx_HAL_Driver\Src\stm32f1xx_hal_tim.o
 .debug_ranges  0x000005c0       0xd8 Drivers\STM32F1xx_HAL_Driver\Src\stm32f1xx_hal_tim_ex.o
 .debug_ranges  0x00000698       0xb8 Src\Lcd\lcd_io_spi.o
 .debug_ranges  0x00000750       0x80 Src\Lcd\st7735.o
 .debug_ranges  0x000007d0      0x208 Src\Lcd\stm32_adafruit_lcd.o
 .debug_ranges  0x000009d8      0x170 Src\appLcdSpeedTest.o
 .debug_ranges  0x00000b48       0x28 Src\main.o
 .debug_ranges  0x00000b70       0x30 Src\stm32f1xx_hal_msp.o
 .debug_ranges  0x00000ba0       0x48 Src\stm32f1xx_hal_timebase_TIM.o
 .debug_ranges  0x00000be8       0x40 Src\stm32f1xx_it.o
 .debug_ranges  0x00000c28       0xb0 Src\syscalls.o
 .debug_ranges  0x00000cd8       0x18 Src\system_stm32f1xx.o
 .debug_ranges  0x00000cf0       0x20 startup\startup_stm32f103xb.o

.debug_line     0x00000000     0x56a7
 .debug_line    0x00000000      0x432 Drivers\STM32F1xx_HAL_Driver\Src\stm32f1xx_hal.o
 .debug_line    0x00000432      0x405 Drivers\STM32F1xx_HAL_Driver\Src\stm32f1xx_hal_cortex.o
 .debug_line    0x00000837      0x606 Drivers\STM32F1xx_HAL_Driver\Src\stm32f1xx_hal_rcc.o
 .debug_line    0x00000e3d     0x111f Drivers\STM32F1xx_HAL_Driver\Src\stm32f1xx_hal_tim.o
 .debug_line    0x00001f5c      0x6c1 Drivers\STM32F1xx_HAL_Driver\Src\stm32f1xx_hal_tim_ex.o
 .debug_line    0x0000261d      0x10c Src\Lcd\Fonts\font12.o
 .debug_line    0x00002729      0x10c Src\Lcd\Fonts\font16.o
 .debug_line    0x00002835      0x10c Src\Lcd\Fonts\font20.o
 .debug_line    0x00002941      0x10c Src\Lcd\Fonts\font24.o
 .debug_line    0x00002a4d      0x10b Src\Lcd\Fonts\font8.o
 .debug_line    0x00002b58      0x53a Src\Lcd\lcd_io_spi.o
 .debug_line    0x00003092      0x356 Src\Lcd\st7735.o
 .debug_line    0x000033e8      0x698 Src\Lcd\stm32_adafruit_lcd.o
 .debug_line    0x00003a80      0x808 Src\appLcdSpeedTest.o
 .debug_line    0x00004288      0x108 Src\beer_60x100_16.o
 .debug_line    0x00004390      0x3d9 Src\main.o
 .debug_line    0x00004769      0x262 Src\stm32f1xx_hal_msp.o
 .debug_line    0x000049cb      0x306 Src\stm32f1xx_hal_timebase_TIM.o
 .debug_line    0x00004cd1      0x2f5 Src\stm32f1xx_it.o
 .debug_line    0x00004fc6      0x409 Src\syscalls.o
 .debug_line    0x000053cf      0x25b Src\system_stm32f1xx.o
 .debug_line    0x0000562a       0x7d startup\startup_stm32f103xb.o

.debug_str      0x00000000     0x36e4
 .debug_str     0x00000000      0xbc2 Drivers\STM32F1xx_HAL_Driver\Src\stm32f1xx_hal.o
                                0xc7c (size before relaxing)
 .debug_str     0x00000bc2      0x2e1 Drivers\STM32F1xx_HAL_Driver\Src\stm32f1xx_hal_cortex.o
                                0xd2a (size before relaxing)
 .debug_str     0x00000ea3      0x379 Drivers\STM32F1xx_HAL_Driver\Src\stm32f1xx_hal_rcc.o
                                0xa75 (size before relaxing)
 .debug_str     0x0000121c     0x10e3 Drivers\STM32F1xx_HAL_Driver\Src\stm32f1xx_hal_tim.o
                               0x17c6 (size before relaxing)
 .debug_str     0x000022ff      0x4f1 Drivers\STM32F1xx_HAL_Driver\Src\stm32f1xx_hal_tim_ex.o
                               0x1068 (size before relaxing)
 .debug_str     0x000027f0       0x5c Src\Lcd\Fonts\font12.o
                                0x201 (size before relaxing)
 .debug_str     0x0000284c       0x27 Src\Lcd\Fonts\font16.o
                                0x201 (size before relaxing)
 .debug_str     0x00002873       0x27 Src\Lcd\Fonts\font20.o
                                0x201 (size before relaxing)
 .debug_str     0x0000289a       0x27 Src\Lcd\Fonts\font24.o
                                0x201 (size before relaxing)
 .debug_str     0x000028c1       0x25 Src\Lcd\Fonts\font8.o
                                0x1ff (size before relaxing)
 .debug_str     0x000028e6      0x155 Src\Lcd\lcd_io_spi.o
                                0x7ef (size before relaxing)
 .debug_str     0x00002a3b      0x197 Src\Lcd\st7735.o
                                0x966 (size before relaxing)
 .debug_str     0x00002bd2      0x460 Src\Lcd\stm32_adafruit_lcd.o
                                0x794 (size before relaxing)
 .debug_str     0x00003032      0x1da Src\appLcdSpeedTest.o
                                0xafd (size before relaxing)
 .debug_str     0x0000320c       0x18 Src\beer_60x100_16.o
                                0x2f2 (size before relaxing)
 .debug_str     0x00003224       0x42 Src\main.o
                                0xf7d (size before relaxing)
 .debug_str     0x00003266       0x3f Src\stm32f1xx_hal_msp.o
                                0x9b2 (size before relaxing)
 .debug_str     0x000032a5       0x61 Src\stm32f1xx_hal_timebase_TIM.o
                                0xe8b (size before relaxing)
 .debug_str     0x00003306       0xb6 Src\stm32f1xx_it.o
                                0xaa8 (size before relaxing)
 .debug_str     0x000033bc      0x2db Src\syscalls.o
                                0x9cc (size before relaxing)
 .debug_str     0x00003697       0x4d Src\system_stm32f1xx.o
                                0x700 (size before relaxing)

.comment        0x00000000       0x7c
 .comment       0x00000000       0x7c Drivers\STM32F1xx_HAL_Driver\Src\stm32f1xx_hal.o
                                 0x7d (size before relaxing)
 .comment       0x0000007c       0x7d Drivers\STM32F1xx_HAL_Driver\Src\stm32f1xx_hal_cortex.o
 .comment       0x0000007c       0x7d Drivers\STM32F1xx_HAL_Driver\Src\stm32f1xx_hal_rcc.o
 .comment       0x0000007c       0x7d Drivers\STM32F1xx_HAL_Driver\Src\stm32f1xx_hal_tim.o
 .comment       0x0000007c       0x7d Drivers\STM32F1xx_HAL_Driver\Src\stm32f1xx_hal_tim_ex.o
 .comment       0x0000007c       0x7d Src\Lcd\Fonts\font12.o
 .comment       0x0000007c       0x7d Src\Lcd\Fonts\font16.o
 .comment       0x0000007c       0x7d Src\Lcd\Fonts\font20.o
 .comment       0x0000007c       0x7d Src\Lcd\Fonts\font24.o
 .comment       0x0000007c       0x7d Src\Lcd\Fonts\font8.o
 .comment       0x0000007c       0x7d Src\Lcd\lcd_io_spi.o
 .comment       0x0000007c       0x7d Src\Lcd\st7735.o
 .comment       0x0000007c       0x7d Src\Lcd\stm32_adafruit_lcd.o
 .comment       0x0000007c       0x7d Src\appLcdSpeedTest.o
 .comment       0x0000007c       0x7d Src\beer_60x100_16.o
 .comment       0x0000007c       0x7d Src\main.o
 .comment       0x0000007c       0x7d Src\stm32f1xx_hal_msp.o
 .comment       0x0000007c       0x7d Src\stm32f1xx_hal_timebase_TIM.o
 .comment       0x0000007c       0x7d Src\stm32f1xx_it.o
 .comment       0x0000007c       0x7d Src\syscalls.o
 .comment       0x0000007c       0x7d Src\system_stm32f1xx.o

.debug_frame    0x00000000     0x2404
 .debug_frame   0x00000000      0x1b0 Drivers\STM32F1xx_HAL_Driver\Src\stm32f1xx_hal.o
 .debug_frame   0x000001b0      0x120 Drivers\STM32F1xx_HAL_Driver\Src\stm32f1xx_hal_cortex.o
 .debug_frame   0x000002d0      0x150 Drivers\STM32F1xx_HAL_Driver\Src\stm32f1xx_hal_rcc.o
 .debug_frame   0x00000420      0x854 Drivers\STM32F1xx_HAL_Driver\Src\stm32f1xx_hal_tim.o
 .debug_frame   0x00000c74      0x320 Drivers\STM32F1xx_HAL_Driver\Src\stm32f1xx_hal_tim_ex.o
 .debug_frame   0x00000f94      0x184 Src\Lcd\lcd_io_spi.o
 .debug_frame   0x00001118      0x1e0 Src\Lcd\st7735.o
 .debug_frame   0x000012f8      0x40c Src\Lcd\stm32_adafruit_lcd.o
 .debug_frame   0x00001704      0x1d8 Src\appLcdSpeedTest.o
 .debug_frame   0x000018dc       0x68 Src\main.o
 .debug_frame   0x00001944       0x2c Src\stm32f1xx_hal_msp.o
 .debug_frame   0x00001970       0x50 Src\stm32f1xx_hal_timebase_TIM.o
 .debug_frame   0x000019c0       0xb0 Src\stm32f1xx_it.o
 .debug_frame   0x00001a70      0x178 Src\syscalls.o
 .debug_frame   0x00001be8       0x30 Src\system_stm32f1xx.o
 .debug_frame   0x00001c18       0x2c c:/programok/st/truestudio for stm32 9.0.0/armtools/bin/../lib/gcc/arm-atollic-eabi/6.3.1/../../../../arm-atollic-eabi/lib/armv7-m\libc_nano.a(lib_a-init.o)
 .debug_frame   0x00001c44       0x20 c:/programok/st/truestudio for stm32 9.0.0/armtools/bin/../lib/gcc/arm-atollic-eabi/6.3.1/../../../../arm-atollic-eabi/lib/armv7-m\libc_nano.a(lib_a-memset.o)
 .debug_frame   0x00001c64       0x74 c:/programok/st/truestudio for stm32 9.0.0/armtools/bin/../lib/gcc/arm-atollic-eabi/6.3.1/../../../../arm-atollic-eabi/lib/armv7-m\libc_nano.a(lib_a-printf.o)
 .debug_frame   0x00001cd8       0x3c c:/programok/st/truestudio for stm32 9.0.0/armtools/bin/../lib/gcc/arm-atollic-eabi/6.3.1/../../../../arm-atollic-eabi/lib/armv7-m\libc_nano.a(lib_a-puts.o)
 .debug_frame   0x00001d14       0x44 c:/programok/st/truestudio for stm32 9.0.0/armtools/bin/../lib/gcc/arm-atollic-eabi/6.3.1/../../../../arm-atollic-eabi/lib/armv7-m\libc_nano.a(lib_a-random.o)
 .debug_frame   0x00001d58       0x5c c:/programok/st/truestudio for stm32 9.0.0/armtools/bin/../lib/gcc/arm-atollic-eabi/6.3.1/../../../../arm-atollic-eabi/lib/armv7-m\libc_nano.a(lib_a-reent.o)
 .debug_frame   0x00001db4       0x40 c:/programok/st/truestudio for stm32 9.0.0/armtools/bin/../lib/gcc/arm-atollic-eabi/6.3.1/../../../../arm-atollic-eabi/lib/armv7-m\libc_nano.a(lib_a-wbuf.o)
 .debug_frame   0x00001df4       0x2c c:/programok/st/truestudio for stm32 9.0.0/armtools/bin/../lib/gcc/arm-atollic-eabi/6.3.1/../../../../arm-atollic-eabi/lib/armv7-m\libc_nano.a(lib_a-wsetup.o)
 .debug_frame   0x00001e20       0x68 c:/programok/st/truestudio for stm32 9.0.0/armtools/bin/../lib/gcc/arm-atollic-eabi/6.3.1/../../../../arm-atollic-eabi/lib/armv7-m\libc_nano.a(lib_a-fflush.o)
 .debug_frame   0x00001e88      0x11c c:/programok/st/truestudio for stm32 9.0.0/armtools/bin/../lib/gcc/arm-atollic-eabi/6.3.1/../../../../arm-atollic-eabi/lib/armv7-m\libc_nano.a(lib_a-findfp.o)
 .debug_frame   0x00001fa4       0x54 c:/programok/st/truestudio for stm32 9.0.0/armtools/bin/../lib/gcc/arm-atollic-eabi/6.3.1/../../../../arm-atollic-eabi/lib/armv7-m\libc_nano.a(lib_a-fwalk.o)
 .debug_frame   0x00001ff8       0x58 c:/programok/st/truestudio for stm32 9.0.0/armtools/bin/../lib/gcc/arm-atollic-eabi/6.3.1/../../../../arm-atollic-eabi/lib/armv7-m\libc_nano.a(lib_a-makebuf.o)
 .debug_frame   0x00002050       0x30 c:/programok/st/truestudio for stm32 9.0.0/armtools/bin/../lib/gcc/arm-atollic-eabi/6.3.1/../../../../arm-atollic-eabi/lib/armv7-m\libc_nano.a(lib_a-malloc.o)
 .debug_frame   0x00002080       0x38 c:/programok/st/truestudio for stm32 9.0.0/armtools/bin/../lib/gcc/arm-atollic-eabi/6.3.1/../../../../arm-atollic-eabi/lib/armv7-m\libc_nano.a(lib_a-nano-freer.o)
 .debug_frame   0x000020b8       0x2c c:/programok/st/truestudio for stm32 9.0.0/armtools/bin/../lib/gcc/arm-atollic-eabi/6.3.1/../../../../arm-atollic-eabi/lib/armv7-m\libc_nano.a(lib_a-nano-mallocr.o)
 .debug_frame   0x000020e4       0xac c:/programok/st/truestudio for stm32 9.0.0/armtools/bin/../lib/gcc/arm-atollic-eabi/6.3.1/../../../../arm-atollic-eabi/lib/armv7-m\libc_nano.a(lib_a-nano-vfprintf.o)
 .debug_frame   0x00002190       0x60 c:/programok/st/truestudio for stm32 9.0.0/armtools/bin/../lib/gcc/arm-atollic-eabi/6.3.1/../../../../arm-atollic-eabi/lib/armv7-m\libc_nano.a(lib_a-nano-vfprintf_i.o)
 .debug_frame   0x000021f0       0x2c c:/programok/st/truestudio for stm32 9.0.0/armtools/bin/../lib/gcc/arm-atollic-eabi/6.3.1/../../../../arm-atollic-eabi/lib/armv7-m\libc_nano.a(lib_a-sbrkr.o)
 .debug_frame   0x0000221c       0x88 c:/programok/st/truestudio for stm32 9.0.0/armtools/bin/../lib/gcc/arm-atollic-eabi/6.3.1/../../../../arm-atollic-eabi/lib/armv7-m\libc_nano.a(lib_a-stdio.o)
 .debug_frame   0x000022a4       0x2c c:/programok/st/truestudio for stm32 9.0.0/armtools/bin/../lib/gcc/arm-atollic-eabi/6.3.1/../../../../arm-atollic-eabi/lib/armv7-m\libc_nano.a(lib_a-writer.o)
 .debug_frame   0x000022d0       0x2c c:/programok/st/truestudio for stm32 9.0.0/armtools/bin/../lib/gcc/arm-atollic-eabi/6.3.1/../../../../arm-atollic-eabi/lib/armv7-m\libc_nano.a(lib_a-closer.o)
 .debug_frame   0x000022fc       0x2c c:/programok/st/truestudio for stm32 9.0.0/armtools/bin/../lib/gcc/arm-atollic-eabi/6.3.1/../../../../arm-atollic-eabi/lib/armv7-m\libc_nano.a(lib_a-fstatr.o)
 .debug_frame   0x00002328       0x2c c:/programok/st/truestudio for stm32 9.0.0/armtools/bin/../lib/gcc/arm-atollic-eabi/6.3.1/../../../../arm-atollic-eabi/lib/armv7-m\libc_nano.a(lib_a-isattyr.o)
 .debug_frame   0x00002354       0x2c c:/programok/st/truestudio for stm32 9.0.0/armtools/bin/../lib/gcc/arm-atollic-eabi/6.3.1/../../../../arm-atollic-eabi/lib/armv7-m\libc_nano.a(lib_a-lseekr.o)
 .debug_frame   0x00002380       0x28 c:/programok/st/truestudio for stm32 9.0.0/armtools/bin/../lib/gcc/arm-atollic-eabi/6.3.1/../../../../arm-atollic-eabi/lib/armv7-m\libc_nano.a(lib_a-memchr-stub.o)
 .debug_frame   0x000023a8       0x30 c:/programok/st/truestudio for stm32 9.0.0/armtools/bin/../lib/gcc/arm-atollic-eabi/6.3.1/../../../../arm-atollic-eabi/lib/armv7-m\libc_nano.a(lib_a-mlock.o)
 .debug_frame   0x000023d8       0x2c c:/programok/st/truestudio for stm32 9.0.0/armtools/bin/../lib/gcc/arm-atollic-eabi/6.3.1/../../../../arm-atollic-eabi/lib/armv7-m\libc_nano.a(lib_a-readr.o)
