stm32f1xx_hal_tim_ex.c:1743:13:TIM_CCxNChannelCmd	8	static
stm32f1xx_hal_tim_ex.c:271:13:HAL_TIMEx_HallSensor_MspInit	0	static
stm32f1xx_hal_tim_ex.c:165:19:HAL_TIMEx_HallSensor_Init	48	static
stm32f1xx_hal_tim_ex.c:285:13:HAL_TIMEx_HallSensor_MspDeInit	0	static
stm32f1xx_hal_tim_ex.c:244:19:HAL_TIMEx_HallSensor_DeInit	8	static
stm32f1xx_hal_tim_ex.c:299:19:HAL_TIMEx_HallSensor_Start	8	static
stm32f1xx_hal_tim_ex.c:320:19:HAL_TIMEx_HallSensor_Stop	8	static
stm32f1xx_hal_tim_ex.c:341:19:HAL_TIMEx_HallSensor_Start_IT	8	static
stm32f1xx_hal_tim_ex.c:365:19:HAL_TIMEx_HallSensor_Stop_IT	8	static
stm32f1xx_hal_tim_ex.c:391:19:HAL_TIMEx_HallSensor_Start_DMA	16	static
stm32f1xx_hal_tim_ex.c:438:19:HAL_TIMEx_HallSensor_Stop_DMA	8	static
stm32f1xx_hal_tim_ex.c:871:19:HAL_TIMEx_PWMN_Start	8	static
stm32f1xx_hal_tim_ex.c:497:19:HAL_TIMEx_OCN_Start	0	static
stm32f1xx_hal_tim_ex.c:928:19:HAL_TIMEx_PWMN_Start_IT	8	static
stm32f1xx_hal_tim_ex.c:555:19:HAL_TIMEx_OCN_Start_IT	0	static
stm32f1xx_hal_tim_ex.c:987:19:HAL_TIMEx_PWMN_Stop_IT	8	static
stm32f1xx_hal_tim_ex.c:614:19:HAL_TIMEx_OCN_Stop_IT	0	static
stm32f1xx_hal_tim_ex.c:1054:19:HAL_TIMEx_PWMN_Start_DMA	16	static
stm32f1xx_hal_tim_ex.c:681:19:HAL_TIMEx_OCN_Start_DMA	0	static
stm32f1xx_hal_tim_ex.c:1152:19:HAL_TIMEx_PWMN_Stop_DMA	8	static
stm32f1xx_hal_tim_ex.c:779:19:HAL_TIMEx_OCN_Stop_DMA	0	static
stm32f1xx_hal_tim_ex.c:1232:19:HAL_TIMEx_OnePulseN_Start	8	static
stm32f1xx_hal_tim_ex.c:1257:19:HAL_TIMEx_OnePulseN_Stop	8	static
stm32f1xx_hal_tim_ex.c:899:19:HAL_TIMEx_PWMN_Stop	0	static
stm32f1xx_hal_tim_ex.c:526:19:HAL_TIMEx_OCN_Stop	0	static
stm32f1xx_hal_tim_ex.c:1286:19:HAL_TIMEx_OnePulseN_Start_IT	8	static
stm32f1xx_hal_tim_ex.c:1317:19:HAL_TIMEx_OnePulseN_Stop_IT	8	static
stm32f1xx_hal_tim_ex.c:1392:19:HAL_TIMEx_ConfigCommutationEvent	8	static
stm32f1xx_hal_tim_ex.c:1441:19:HAL_TIMEx_ConfigCommutationEvent_IT	8	static
stm32f1xx_hal_tim_ex.c:1494:19:HAL_TIMEx_ConfigCommutationEvent_DMA	8	static
stm32f1xx_hal_tim_ex.c:1538:19:HAL_TIMEx_ConfigBreakDeadTime	0	static
stm32f1xx_hal_tim_ex.c:1589:19:HAL_TIMEx_MasterConfigSynchronization	8	static
stm32f1xx_hal_tim_ex.c:1642:13:HAL_TIMEx_CommutationCallback	0	static
stm32f1xx_hal_tim_ex.c:1670:6:TIMEx_DMACommutationCplt	8	static
stm32f1xx_hal_tim_ex.c:1656:13:HAL_TIMEx_BreakCallback	0	static
stm32f1xx_hal_tim_ex.c:1707:22:HAL_TIMEx_HallSensor_GetState	0	static
