stm32f1xx_hal_tim.c:4616:13:TIM_OC1_SetConfig	16	static
stm32f1xx_hal_tim.c:4766:13:TIM_OC3_SetConfig	16	static
stm32f1xx_hal_tim.c:4840:13:TIM_OC4_SetConfig	12	static
stm32f1xx_hal_tim.c:4900:13:TIM_SlaveTimer_SetConfig	12	static
stm32f1xx_hal_tim.c:271:13:HAL_TIM_Base_MspInit	0	static
stm32f1xx_hal_tim.c:285:13:HAL_TIM_Base_MspDeInit	0	static
stm32f1xx_hal_tim.c:244:19:HAL_TIM_Base_DeInit	8	static
stm32f1xx_hal_tim.c:300:19:HAL_TIM_Base_Start	0	static
stm32f1xx_hal_tim.c:323:19:HAL_TIM_Base_Stop	0	static
stm32f1xx_hal_tim.c:346:19:HAL_TIM_Base_Start_IT	0	static
stm32f1xx_hal_tim.c:366:19:HAL_TIM_Base_Stop_IT	0	static
stm32f1xx_hal_tim.c:387:19:HAL_TIM_Base_Start_DMA	8	static
stm32f1xx_hal_tim.c:431:19:HAL_TIM_Base_Stop_DMA	0	static
stm32f1xx_hal_tim.c:547:13:HAL_TIM_OC_MspInit	0	static
stm32f1xx_hal_tim.c:561:13:HAL_TIM_OC_MspDeInit	0	static
stm32f1xx_hal_tim.c:520:19:HAL_TIM_OC_DeInit	8	static
stm32f1xx_hal_tim.c:1052:13:HAL_TIM_PWM_MspInit	0	static
stm32f1xx_hal_tim.c:1066:13:HAL_TIM_PWM_MspDeInit	0	static
stm32f1xx_hal_tim.c:1025:19:HAL_TIM_PWM_DeInit	8	static
stm32f1xx_hal_tim.c:1560:13:HAL_TIM_IC_MspInit	0	static
stm32f1xx_hal_tim.c:1574:13:HAL_TIM_IC_MspDeInit	0	static
stm32f1xx_hal_tim.c:1533:19:HAL_TIM_IC_DeInit	8	static
stm32f1xx_hal_tim.c:2041:13:HAL_TIM_OnePulse_MspInit	0	static
stm32f1xx_hal_tim.c:2055:13:HAL_TIM_OnePulse_MspDeInit	0	static
stm32f1xx_hal_tim.c:2014:19:HAL_TIM_OnePulse_DeInit	8	static
stm32f1xx_hal_tim.c:2073:19:HAL_TIM_OnePulse_Start	0	static
stm32f1xx_hal_tim.c:2109:19:HAL_TIM_OnePulse_Stop	0	static
stm32f1xx_hal_tim.c:2145:19:HAL_TIM_OnePulse_Start_IT	0	static
stm32f1xx_hal_tim.c:2187:19:HAL_TIM_OnePulse_Stop_IT	0	static
stm32f1xx_hal_tim.c:2370:13:HAL_TIM_Encoder_MspInit	0	static
stm32f1xx_hal_tim.c:2384:13:HAL_TIM_Encoder_MspDeInit	0	static
stm32f1xx_hal_tim.c:2343:19:HAL_TIM_Encoder_DeInit	8	static
stm32f1xx_hal_tim.c:2403:19:HAL_TIM_Encoder_Start	0	static
stm32f1xx_hal_tim.c:2445:19:HAL_TIM_Encoder_Stop	0	static
stm32f1xx_hal_tim.c:2489:19:HAL_TIM_Encoder_Start_IT	0	static
stm32f1xx_hal_tim.c:2537:19:HAL_TIM_Encoder_Stop_IT	0	static
stm32f1xx_hal_tim.c:2591:19:HAL_TIM_Encoder_Start_DMA	24	static
stm32f1xx_hal_tim.c:2708:19:HAL_TIM_Encoder_Stop_DMA	0	static
stm32f1xx_hal_tim.c:3334:19:HAL_TIM_DMABurst_WriteStart	24	static
stm32f1xx_hal_tim.c:3557:19:HAL_TIM_DMABurst_ReadStart	24	static
stm32f1xx_hal_tim.c:3689:19:HAL_TIM_DMABurst_ReadStop	16	static
stm32f1xx_hal_tim.c:3465:19:HAL_TIM_DMABurst_WriteStop	0	static
stm32f1xx_hal_tim.c:3761:19:HAL_TIM_GenerateEvent	0	static
stm32f1xx_hal_tim.c:3798:19:HAL_TIM_ConfigOCrefClear	16	static
stm32f1xx_hal_tim.c:3919:19:HAL_TIM_ConfigClockSource	16	static
stm32f1xx_hal_tim.c:4093:19:HAL_TIM_ConfigTI1Input	0	static
stm32f1xx_hal_tim.c:4125:19:HAL_TIM_SlaveConfigSynchronization	16	static
stm32f1xx_hal_tim.c:4160:19:HAL_TIM_SlaveConfigSynchronization_IT	16	static
stm32f1xx_hal_tim.c:4198:10:HAL_TIM_ReadCapturedValue	0	static
stm32f1xx_hal_tim.c:4285:13:HAL_TIM_PeriodElapsedCallback	0	static
stm32f1xx_hal_tim.c:4538:13:TIM_DMAPeriodElapsedCplt	8	static
stm32f1xx_hal_tim.c:4299:13:HAL_TIM_OC_DelayElapsedCallback	0	static
stm32f1xx_hal_tim.c:4312:13:HAL_TIM_IC_CaptureCallback	0	static
stm32f1xx_hal_tim.c:4505:6:TIM_DMACaptureCplt	8	static
stm32f1xx_hal_tim.c:4326:13:HAL_TIM_PWM_PulseFinishedCallback	0	static
stm32f1xx_hal_tim.c:4473:6:TIM_DMADelayPulseCplt	8	static
stm32f1xx_hal_tim.c:4340:13:HAL_TIM_TriggerCallback	0	static
stm32f1xx_hal_tim.c:2770:6:HAL_TIM_IRQHandler	8	static
stm32f1xx_hal_tim.c:4552:13:TIM_DMATriggerCplt	8	static
stm32f1xx_hal_tim.c:4354:13:HAL_TIM_ErrorCallback	0	static
stm32f1xx_hal_tim.c:4459:6:TIM_DMAError	8	static
stm32f1xx_hal_tim.c:4387:22:HAL_TIM_Base_GetState	0	static
stm32f1xx_hal_tim.c:4397:22:HAL_TIM_OC_GetState	0	static
stm32f1xx_hal_tim.c:4407:22:HAL_TIM_PWM_GetState	0	static
stm32f1xx_hal_tim.c:4417:22:HAL_TIM_IC_GetState	0	static
stm32f1xx_hal_tim.c:4427:22:HAL_TIM_OnePulse_GetState	0	static
stm32f1xx_hal_tim.c:4437:22:HAL_TIM_Encoder_GetState	0	static
stm32f1xx_hal_tim.c:4567:6:TIM_Base_SetConfig	0	static
stm32f1xx_hal_tim.c:204:19:HAL_TIM_Base_Init	8	static
stm32f1xx_hal_tim.c:480:19:HAL_TIM_OC_Init	8	static
stm32f1xx_hal_tim.c:985:19:HAL_TIM_PWM_Init	8	static
stm32f1xx_hal_tim.c:1493:19:HAL_TIM_IC_Init	8	static
stm32f1xx_hal_tim.c:1967:19:HAL_TIM_OnePulse_Init	16	static
stm32f1xx_hal_tim.c:2250:19:HAL_TIM_Encoder_Init	24	static
stm32f1xx_hal_tim.c:4690:6:TIM_OC2_SetConfig	16	static
stm32f1xx_hal_tim.c:2933:19:HAL_TIM_OC_ConfigChannel	16	static
stm32f1xx_hal_tim.c:3098:19:HAL_TIM_PWM_ConfigChannel	16	static
stm32f1xx_hal_tim.c:5043:6:TIM_TI1_SetConfig	16	static
stm32f1xx_hal_tim.c:3002:19:HAL_TIM_IC_ConfigChannel	24	static
stm32f1xx_hal_tim.c:3198:19:HAL_TIM_OnePulse_ConfigChannel	48	static
stm32f1xx_hal_tim.c:5362:6:TIM_CCxChannelCmd	8	static
stm32f1xx_hal_tim.c:613:19:HAL_TIM_OC_Stop	8	static
stm32f1xx_hal_tim.c:1086:19:HAL_TIM_PWM_Start	8	static
stm32f1xx_hal_tim.c:581:19:HAL_TIM_OC_Start	0	static
stm32f1xx_hal_tim.c:1118:19:HAL_TIM_PWM_Stop	8	static
stm32f1xx_hal_tim.c:1153:19:HAL_TIM_PWM_Start_IT	8	static
stm32f1xx_hal_tim.c:645:19:HAL_TIM_OC_Start_IT	0	static
stm32f1xx_hal_tim.c:1219:19:HAL_TIM_PWM_Stop_IT	8	static
stm32f1xx_hal_tim.c:711:19:HAL_TIM_OC_Stop_IT	0	static
stm32f1xx_hal_tim.c:1287:19:HAL_TIM_PWM_Start_DMA	16	static
stm32f1xx_hal_tim.c:779:19:HAL_TIM_OC_Start_DMA	0	static
stm32f1xx_hal_tim.c:1404:19:HAL_TIM_PWM_Stop_DMA	8	static
stm32f1xx_hal_tim.c:896:19:HAL_TIM_OC_Stop_DMA	0	static
stm32f1xx_hal_tim.c:1594:19:HAL_TIM_IC_Start	8	static
stm32f1xx_hal_tim.c:1620:19:HAL_TIM_IC_Stop	8	static
stm32f1xx_hal_tim.c:1646:19:HAL_TIM_IC_Start_IT	8	static
stm32f1xx_hal_tim.c:1705:19:HAL_TIM_IC_Stop_IT	8	static
stm32f1xx_hal_tim.c:1767:19:HAL_TIM_IC_Start_DMA	16	static
stm32f1xx_hal_tim.c:1880:19:HAL_TIM_IC_Stop_DMA	8	static
