stm32f1xx_hal_pwr.c:133:13:PWR_OverloadWfe	0	static
stm32f1xx_hal_pwr.c:172:6:HAL_PWR_DeInit	0	static
stm32f1xx_hal_pwr.c:185:6:HAL_PWR_EnableBkUpAccess	0	static
stm32f1xx_hal_pwr.c:198:6:HAL_PWR_DisableBkUpAccess	0	static
stm32f1xx_hal_pwr.c:332:6:HAL_PWR_ConfigPVD	0	static
stm32f1xx_hal_pwr.c:375:6:HAL_PWR_EnablePVD	0	static
stm32f1xx_hal_pwr.c:385:6:HAL_PWR_DisablePVD	0	static
stm32f1xx_hal_pwr.c:398:6:HAL_PWR_EnableWakeUpPin	0	static
stm32f1xx_hal_pwr.c:413:6:HAL_PWR_DisableWakeUpPin	0	static
stm32f1xx_hal_pwr.c:433:6:HAL_PWR_EnterSLEEPMode	0	static
stm32f1xx_hal_pwr.c:479:6:HAL_PWR_EnterSTOPMode	8	static
stm32f1xx_hal_pwr.c:519:6:HAL_PWR_EnterSTANDBYMode	0	static
stm32f1xx_hal_pwr.c:544:6:HAL_PWR_EnableSleepOnExit	0	static
stm32f1xx_hal_pwr.c:557:6:HAL_PWR_DisableSleepOnExit	0	static
stm32f1xx_hal_pwr.c:570:6:HAL_PWR_EnableSEVOnPend	0	static
stm32f1xx_hal_pwr.c:583:6:HAL_PWR_DisableSEVOnPend	0	static
stm32f1xx_hal_pwr.c:613:13:HAL_PWR_PVDCallback	0	static
stm32f1xx_hal_pwr.c:596:6:HAL_PWR_PVD_IRQHandler	8	static
