stm32f4xx_hal_flash_ex.c:969:13:FLASH_MassErase	0	static
stm32f4xx_hal_flash_ex.c:1247:26:FLASH_OB_BOR_LevelConfig	0	static
stm32f4xx_hal_flash_ex.c:1265:16:FLASH_OB_GetUser	0	static
stm32f4xx_hal_flash_ex.c:1275:17:FLASH_OB_GetWRP	0	static
stm32f4xx_hal_flash_ex.c:1289:16:FLASH_OB_GetRDP	0	static
stm32f4xx_hal_flash_ex.c:1317:16:FLASH_OB_GetBOR	0	static
stm32f4xx_hal_flash_ex.c:1048:26:FLASH_OB_EnableWRP	8	static
stm32f4xx_hal_flash_ex.c:1084:26:FLASH_OB_DisableWRP	8	static
stm32f4xx_hal_flash_ex.c:1178:26:FLASH_OB_RDP_LevelConfig	8	static
stm32f4xx_hal_flash_ex.c:1212:26:FLASH_OB_UserConfig	16	static
stm32f4xx_hal_flash_ex.c:302:19:HAL_FLASHEx_OBProgram	8	static
stm32f4xx_hal_flash_ex.c:361:6:HAL_FLASHEx_OBGetConfig	8	static
stm32f4xx_hal_flash_ex.c:998:6:FLASH_Erase_Sector	0	static
stm32f4xx_hal_flash_ex.c:249:19:HAL_FLASHEx_Erase_IT	8	static
stm32f4xx_hal_flash_ex.c:1327:6:FLASH_FlushCaches	0	static
stm32f4xx_hal_flash_ex.c:178:19:HAL_FLASHEx_Erase	24	static
