stm32f4xx_hal_tim_ex.c:1853:13:TIM_CCxNChannelCmd	4	static
stm32f4xx_hal_tim_ex.c:258:13:HAL_TIMEx_HallSensor_MspInit	0	static
stm32f4xx_hal_tim_ex.c:157:19:HAL_TIMEx_HallSensor_Init	48	static
stm32f4xx_hal_tim_ex.c:273:13:HAL_TIMEx_HallSensor_MspDeInit	0	static
stm32f4xx_hal_tim_ex.c:230:19:HAL_TIMEx_HallSensor_DeInit	8	static
stm32f4xx_hal_tim_ex.c:288:19:HAL_TIMEx_HallSensor_Start	8	static
stm32f4xx_hal_tim_ex.c:310:19:HAL_TIMEx_HallSensor_Stop	8	static
stm32f4xx_hal_tim_ex.c:332:19:HAL_TIMEx_HallSensor_Start_IT	8	static
stm32f4xx_hal_tim_ex.c:357:19:HAL_TIMEx_HallSensor_Stop_IT	8	static
stm32f4xx_hal_tim_ex.c:384:19:HAL_TIMEx_HallSensor_Start_DMA	16	static
stm32f4xx_hal_tim_ex.c:432:19:HAL_TIMEx_HallSensor_Stop_DMA	8	static
stm32f4xx_hal_tim_ex.c:487:19:HAL_TIMEx_OCN_Start	8	static
stm32f4xx_hal_tim_ex.c:517:19:HAL_TIMEx_OCN_Stop	8	static
stm32f4xx_hal_tim_ex.c:547:19:HAL_TIMEx_OCN_Start_IT	8	static
stm32f4xx_hal_tim_ex.c:614:19:HAL_TIMEx_OCN_Stop_IT	8	static
stm32f4xx_hal_tim_ex.c:686:19:HAL_TIMEx_OCN_Start_DMA	16	static
stm32f4xx_hal_tim_ex.c:801:19:HAL_TIMEx_OCN_Stop_DMA	8	static
stm32f4xx_hal_tim_ex.c:900:19:HAL_TIMEx_PWMN_Start	8	static
stm32f4xx_hal_tim_ex.c:929:19:HAL_TIMEx_PWMN_Stop	8	static
stm32f4xx_hal_tim_ex.c:959:19:HAL_TIMEx_PWMN_Start_IT	8	static
stm32f4xx_hal_tim_ex.c:1026:19:HAL_TIMEx_PWMN_Stop_IT	8	static
stm32f4xx_hal_tim_ex.c:1098:19:HAL_TIMEx_PWMN_Start_DMA	16	static
stm32f4xx_hal_tim_ex.c:1213:19:HAL_TIMEx_PWMN_Stop_DMA	8	static
stm32f4xx_hal_tim_ex.c:1301:19:HAL_TIMEx_OnePulseN_Start	8	static
stm32f4xx_hal_tim_ex.c:1327:19:HAL_TIMEx_OnePulseN_Stop	8	static
stm32f4xx_hal_tim_ex.c:1357:19:HAL_TIMEx_OnePulseN_Start_IT	8	static
stm32f4xx_hal_tim_ex.c:1389:19:HAL_TIMEx_OnePulseN_Stop_IT	8	static
stm32f4xx_hal_tim_ex.c:1458:19:HAL_TIMEx_ConfigCommutationEvent	4	static
stm32f4xx_hal_tim_ex.c:1508:19:HAL_TIMEx_ConfigCommutationEvent_IT	4	static
stm32f4xx_hal_tim_ex.c:1562:19:HAL_TIMEx_ConfigCommutationEvent_DMA	4	static
stm32f4xx_hal_tim_ex.c:1607:19:HAL_TIMEx_MasterConfigSynchronization	8	static
stm32f4xx_hal_tim_ex.c:1644:19:HAL_TIMEx_ConfigBreakDeadTime	0	static
stm32f4xx_hal_tim_ex.c:1708:19:HAL_TIMEx_RemapConfig	0	static
stm32f4xx_hal_tim_ex.c:1766:13:HAL_TIMEx_CommutationCallback	0	static
stm32f4xx_hal_tim_ex.c:1829:6:TIMEx_DMACommutationCplt	8	static
stm32f4xx_hal_tim_ex.c:1781:13:HAL_TIMEx_BreakCallback	0	static
stm32f4xx_hal_tim_ex.c:1814:22:HAL_TIMEx_HallSensor_GetState	0	static
