stm32f4xx_hal_flash.c:628:13:FLASH_Program_DoubleWord	4	static
stm32f4xx_hal_flash.c:656:13:FLASH_Program_Word	0	static
stm32f4xx_hal_flash.c:681:13:FLASH_Program_HalfWord	0	static
stm32f4xx_hal_flash.c:706:13:FLASH_Program_Byte	0	static
stm32f4xx_hal_flash.c:723:13:FLASH_SetErrorCode	0	static
stm32f4xx_hal_flash.c:230:19:HAL_FLASH_Program_IT	16	static
stm32f4xx_hal_flash.c:400:13:HAL_FLASH_EndOfOperationCallback	0	static
stm32f4xx_hal_flash.c:417:13:HAL_FLASH_OperationErrorCallback	0	static
stm32f4xx_hal_flash.c:277:6:HAL_FLASH_IRQHandler	8	static
stm32f4xx_hal_flash.c:449:19:HAL_FLASH_Unlock	0	static
stm32f4xx_hal_flash.c:473:19:HAL_FLASH_Lock	0	static
stm32f4xx_hal_flash.c:485:19:HAL_FLASH_OB_Unlock	0	static
stm32f4xx_hal_flash.c:505:19:HAL_FLASH_OB_Lock	0	static
stm32f4xx_hal_flash.c:554:10:HAL_FLASH_GetError	0	static
stm32f4xx_hal_flash.c:568:19:FLASH_WaitForLastOperation	16	static
stm32f4xx_hal_flash.c:172:19:HAL_FLASH_Program	24	static
stm32f4xx_hal_flash.c:517:19:HAL_FLASH_OB_Launch	8	static
