Archive member included to satisfy reference by file (symbol)

c:/programok/st/truestudio for stm32 9.0.0/armtools/bin/../lib/gcc/arm-atollic-eabi/6.3.1/../../../../arm-atollic-eabi/lib/armv7e-m/fpu\libc_nano.a(lib_a-impure.o)
                              Src\App\appLcdSpeedTest.o (_impure_ptr)
c:/programok/st/truestudio for stm32 9.0.0/armtools/bin/../lib/gcc/arm-atollic-eabi/6.3.1/../../../../arm-atollic-eabi/lib/armv7e-m/fpu\libc_nano.a(lib_a-init.o)
                              startup\startup_stm32f407xx.o (__libc_init_array)
c:/programok/st/truestudio for stm32 9.0.0/armtools/bin/../lib/gcc/arm-atollic-eabi/6.3.1/../../../../arm-atollic-eabi/lib/armv7e-m/fpu\libc_nano.a(lib_a-printf.o)
                              Src\App\appLcdSpeedTest.o (printf)
c:/programok/st/truestudio for stm32 9.0.0/armtools/bin/../lib/gcc/arm-atollic-eabi/6.3.1/../../../../arm-atollic-eabi/lib/armv7e-m/fpu\libc_nano.a(lib_a-puts.o)
                              Src\App\appLcdSpeedTest.o (puts)
c:/programok/st/truestudio for stm32 9.0.0/armtools/bin/../lib/gcc/arm-atollic-eabi/6.3.1/../../../../arm-atollic-eabi/lib/armv7e-m/fpu\libc_nano.a(lib_a-random.o)
                              Src\App\appLcdSpeedTest.o (random)
c:/programok/st/truestudio for stm32 9.0.0/armtools/bin/../lib/gcc/arm-atollic-eabi/6.3.1/../../../../arm-atollic-eabi/lib/armv7e-m/fpu\libc_nano.a(lib_a-reent.o)
                              Src\syscalls.o (errno)
c:/programok/st/truestudio for stm32 9.0.0/armtools/bin/../lib/gcc/arm-atollic-eabi/6.3.1/../../../../arm-atollic-eabi/lib/armv7e-m/fpu\libc_nano.a(lib_a-wbuf.o)
                              c:/programok/st/truestudio for stm32 9.0.0/armtools/bin/../lib/gcc/arm-atollic-eabi/6.3.1/../../../../arm-atollic-eabi/lib/armv7e-m/fpu\libc_nano.a(lib_a-puts.o) (__swbuf_r)
c:/programok/st/truestudio for stm32 9.0.0/armtools/bin/../lib/gcc/arm-atollic-eabi/6.3.1/../../../../arm-atollic-eabi/lib/armv7e-m/fpu\libc_nano.a(lib_a-wsetup.o)
                              c:/programok/st/truestudio for stm32 9.0.0/armtools/bin/../lib/gcc/arm-atollic-eabi/6.3.1/../../../../arm-atollic-eabi/lib/armv7e-m/fpu\libc_nano.a(lib_a-puts.o) (__swsetup_r)
c:/programok/st/truestudio for stm32 9.0.0/armtools/bin/../lib/gcc/arm-atollic-eabi/6.3.1/../../../../arm-atollic-eabi/lib/armv7e-m/fpu\libc_nano.a(lib_a-fflush.o)
                              c:/programok/st/truestudio for stm32 9.0.0/armtools/bin/../lib/gcc/arm-atollic-eabi/6.3.1/../../../../arm-atollic-eabi/lib/armv7e-m/fpu\libc_nano.a(lib_a-wbuf.o) (_fflush_r)
c:/programok/st/truestudio for stm32 9.0.0/armtools/bin/../lib/gcc/arm-atollic-eabi/6.3.1/../../../../arm-atollic-eabi/lib/armv7e-m/fpu\libc_nano.a(lib_a-findfp.o)
                              c:/programok/st/truestudio for stm32 9.0.0/armtools/bin/../lib/gcc/arm-atollic-eabi/6.3.1/../../../../arm-atollic-eabi/lib/armv7e-m/fpu\libc_nano.a(lib_a-printf.o) (__sinit)
c:/programok/st/truestudio for stm32 9.0.0/armtools/bin/../lib/gcc/arm-atollic-eabi/6.3.1/../../../../arm-atollic-eabi/lib/armv7e-m/fpu\libc_nano.a(lib_a-fwalk.o)
                              c:/programok/st/truestudio for stm32 9.0.0/armtools/bin/../lib/gcc/arm-atollic-eabi/6.3.1/../../../../arm-atollic-eabi/lib/armv7e-m/fpu\libc_nano.a(lib_a-findfp.o) (_fwalk)
c:/programok/st/truestudio for stm32 9.0.0/armtools/bin/../lib/gcc/arm-atollic-eabi/6.3.1/../../../../arm-atollic-eabi/lib/armv7e-m/fpu\libc_nano.a(lib_a-makebuf.o)
                              c:/programok/st/truestudio for stm32 9.0.0/armtools/bin/../lib/gcc/arm-atollic-eabi/6.3.1/../../../../arm-atollic-eabi/lib/armv7e-m/fpu\libc_nano.a(lib_a-wsetup.o) (__smakebuf_r)
c:/programok/st/truestudio for stm32 9.0.0/armtools/bin/../lib/gcc/arm-atollic-eabi/6.3.1/../../../../arm-atollic-eabi/lib/armv7e-m/fpu\libc_nano.a(lib_a-malloc.o)
                              c:/programok/st/truestudio for stm32 9.0.0/armtools/bin/../lib/gcc/arm-atollic-eabi/6.3.1/../../../../arm-atollic-eabi/lib/armv7e-m/fpu\libc_nano.a(lib_a-random.o) (malloc)
c:/programok/st/truestudio for stm32 9.0.0/armtools/bin/../lib/gcc/arm-atollic-eabi/6.3.1/../../../../arm-atollic-eabi/lib/armv7e-m/fpu\libc_nano.a(lib_a-memset.o)
                              c:/programok/st/truestudio for stm32 9.0.0/armtools/bin/../lib/gcc/arm-atollic-eabi/6.3.1/../../../../arm-atollic-eabi/lib/armv7e-m/fpu\libc_nano.a(lib_a-findfp.o) (memset)
c:/programok/st/truestudio for stm32 9.0.0/armtools/bin/../lib/gcc/arm-atollic-eabi/6.3.1/../../../../arm-atollic-eabi/lib/armv7e-m/fpu\libc_nano.a(lib_a-nano-freer.o)
                              c:/programok/st/truestudio for stm32 9.0.0/armtools/bin/../lib/gcc/arm-atollic-eabi/6.3.1/../../../../arm-atollic-eabi/lib/armv7e-m/fpu\libc_nano.a(lib_a-reent.o) (_free_r)
c:/programok/st/truestudio for stm32 9.0.0/armtools/bin/../lib/gcc/arm-atollic-eabi/6.3.1/../../../../arm-atollic-eabi/lib/armv7e-m/fpu\libc_nano.a(lib_a-nano-mallocr.o)
[...]
Memory Configuration

Name             Origin             Length             Attributes
RAM              0x20018000         0x00008000         xrw
CCMRAM           0x10000000         0x00010000         rw
FLASH            0x20000000         0x00018000         xr
*default*        0x00000000         0xffffffff

Linker script and memory map

LOAD c:/programok/st/truestudio for stm32 9.0.0/armtools/bin/../lib/gcc/arm-atollic-eabi/6.3.1/armv7e-m/fpu/crti.o
LOAD c:/programok/st/truestudio for stm32 9.0.0/armtools/bin/../lib/gcc/arm-atollic-eabi/6.3.1/armv7e-m/fpu/crtbegin.o
LOAD Drivers\STM32F4xx_HAL_Driver\Src\stm32f4xx_hal.o
LOAD Drivers\STM32F4xx_HAL_Driver\Src\stm32f4xx_hal_cortex.o
LOAD Drivers\STM32F4xx_HAL_Driver\Src\stm32f4xx_hal_dma.o
LOAD Drivers\STM32F4xx_HAL_Driver\Src\stm32f4xx_hal_dma_ex.o
LOAD Drivers\STM32F4xx_HAL_Driver\Src\stm32f4xx_hal_flash.o
LOAD Drivers\STM32F4xx_HAL_Driver\Src\stm32f4xx_hal_flash_ex.o
LOAD Drivers\STM32F4xx_HAL_Driver\Src\stm32f4xx_hal_flash_ramfunc.o
LOAD Drivers\STM32F4xx_HAL_Driver\Src\stm32f4xx_hal_gpio.o
LOAD Drivers\STM32F4xx_HAL_Driver\Src\stm32f4xx_hal_pwr.o
LOAD Drivers\STM32F4xx_HAL_Driver\Src\stm32f4xx_hal_pwr_ex.o
LOAD Drivers\STM32F4xx_HAL_Driver\Src\stm32f4xx_hal_rcc.o
LOAD Drivers\STM32F4xx_HAL_Driver\Src\stm32f4xx_hal_rcc_ex.o
LOAD Drivers\STM32F4xx_HAL_Driver\Src\stm32f4xx_hal_rtc.o
LOAD Drivers\STM32F4xx_HAL_Driver\Src\stm32f4xx_hal_rtc_ex.o
LOAD Drivers\STM32F4xx_HAL_Driver\Src\stm32f4xx_hal_sram.o
LOAD Drivers\STM32F4xx_HAL_Driver\Src\stm32f4xx_hal_tim.o
LOAD Drivers\STM32F4xx_HAL_Driver\Src\stm32f4xx_hal_tim_ex.o
LOAD Drivers\STM32F4xx_HAL_Driver\Src\stm32f4xx_ll_fsmc.o
LOAD Src\App\appLcdSpeedTest.o
LOAD Src\App\beer_60x100_16.o
LOAD Src\Lcd\Fonts\font12.o
LOAD Src\Lcd\Fonts\font16.o
LOAD Src\Lcd\Fonts\font20.o
LOAD Src\Lcd\Fonts\font24.o
LOAD Src\Lcd\Fonts\font8.o
LOAD Src\Lcd\ili9325.o
LOAD Src\Lcd\lcdts_io8p_fsmc.o
LOAD Src\Lcd\stm32_adafruit_lcd.o
LOAD Src\main.o
LOAD Src\stm32f4xx_hal_msp.o
LOAD Src\stm32f4xx_hal_timebase_TIM.o
LOAD Src\stm32f4xx_it.o
LOAD Src\syscalls.o
LOAD Src\system_stm32f4xx.o
LOAD startup\startup_stm32f407xx.o
                0x00000080                malloc_getpagesize_P = 0x80
START GROUP
LOAD c:/programok/st/truestudio for stm32 9.0.0/armtools/bin/../lib/gcc/arm-atollic-eabi/6.3.1/../../../../arm-atollic-eabi/lib/armv7e-m/fpu\libc_nano.a
LOAD c:/programok/st/truestudio for stm32 9.0.0/armtools/bin/../lib/gcc/arm-atollic-eabi/6.3.1/../../../../arm-atollic-eabi/lib/armv7e-m/fpu\libm.a
END GROUP
START GROUP
LOAD c:/programok/st/truestudio for stm32 9.0.0/armtools/bin/../lib/gcc/arm-atollic-eabi/6.3.1/armv7e-m/fpu\libgcc.a
LOAD c:/programok/st/truestudio for stm32 9.0.0/armtools/bin/../lib/gcc/arm-atollic-eabi/6.3.1/../../../../arm-atollic-eabi/lib/armv7e-m/fpu\libc_nano.a
END GROUP
START GROUP
LOAD c:/programok/st/truestudio for stm32 9.0.0/armtools/bin/../lib/gcc/arm-atollic-eabi/6.3.1/armv7e-m/fpu\libgcc.a
LOAD c:/programok/st/truestudio for stm32 9.0.0/armtools/bin/../lib/gcc/arm-atollic-eabi/6.3.1/../../../../arm-atollic-eabi/lib/armv7e-m/fpu\libc_nano.a
LOAD c:/programok/st/truestudio for stm32 9.0.0/armtools/bin/../lib/gcc/arm-atollic-eabi/6.3.1/../../../../arm-atollic-eabi/lib/armv7e-m/fpu\libnosys.a
END GROUP
START GROUP
LOAD c:/programok/st/truestudio for stm32 9.0.0/armtools/bin/../lib/gcc/arm-atollic-eabi/6.3.1/armv7e-m/fpu\libgcc.a
LOAD c:/programok/st/truestudio for stm32 9.0.0/armtools/bin/../lib/gcc/arm-atollic-eabi/6.3.1/../../../../arm-atollic-eabi/lib/armv7e-m/fpu\libc_nano.a
LOAD c:/programok/st/truestudio for stm32 9.0.0/armtools/bin/../lib/gcc/arm-atollic-eabi/6.3.1/../../../../arm-atollic-eabi/lib/armv7e-m/fpu\libnosys.a
END GROUP
LOAD c:/programok/st/truestudio for stm32 9.0.0/armtools/bin/../lib/gcc/arm-atollic-eabi/6.3.1/armv7e-m/fpu/crtend.o
LOAD c:/programok/st/truestudio for stm32 9.0.0/armtools/bin/../lib/gcc/arm-atollic-eabi/6.3.1/armv7e-m/fpu/crtn.o
                0x20020000                _estack = 0x20020000
                0x00000200                _Min_Heap_Size = 0x200
                0x00000800                _Min_Stack_Size = 0x800

.isr_vector     0x20000000      0x188
                0x20000000                . = ALIGN (0x4)
 *(.isr_vector)
 .isr_vector    0x20000000      0x188 startup\startup_stm32f407xx.o
                0x20000000                g_pfnVectors
                0x20000188                . = ALIGN (0x4)

.text           0x20000190     0x4160
                0x20000190                . = ALIGN (0x4)
 *(.text)
 .text          0x20000190       0x40 c:/programok/st/truestudio for stm32 9.0.0/armtools/bin/../lib/gcc/arm-atollic-eabi/6.3.1/armv7e-m/fpu/crtbegin.o
 .text          0x200001d0       0xa0 c:/programok/st/truestudio for stm32 9.0.0/armtools/bin/../lib/gcc/arm-atollic-eabi/6.3.1/../../../../arm-atollic-eabi/lib/armv7e-m/fpu\libc_nano.a(lib_a-memchr.o)
                0x200001d0                memchr
 .text          0x20000270       0x30 c:/programok/st/truestudio for stm32 9.0.0/armtools/bin/../lib/gcc/arm-atollic-eabi/6.3.1/armv7e-m/fpu\libgcc.a(_aeabi_uldivmod.o)
                0x20000270                __aeabi_uldivmod
 .text          0x200002a0      0x2dc c:/programok/st/truestudio for stm32 9.0.0/armtools/bin/../lib/gcc/arm-atollic-eabi/6.3.1/armv7e-m/fpu\libgcc.a(_udivmoddi4.o)
                0x200002a0                __udivmoddi4
 .text          0x2000057c        0x4 c:/programok/st/truestudio for stm32 9.0.0/armtools/bin/../lib/gcc/arm-atollic-eabi/6.3.1/armv7e-m/fpu\libgcc.a(_dvmd_tls.o)
                0x2000057c                __aeabi_idiv0
                0x2000057c                __aeabi_ldiv0
 *(.text*)
 .text.HAL_Init
                0x20000580       0x34 Drivers\STM32F4xx_HAL_Driver\Src\stm32f4xx_hal.o
                0x20000580                HAL_Init
 .text.HAL_IncTick
                0x200005b4       0x18 Drivers\STM32F4xx_HAL_Driver\Src\stm32f4xx_hal.o
                0x200005b4                HAL_IncTick
 .text.HAL_GetTick
                0x200005cc        0xc Drivers\STM32F4xx_HAL_Driver\Src\stm32f4xx_hal.o
                0x200005cc                HAL_GetTick
 .text.HAL_Delay
                0x200005d8       0x28 Drivers\STM32F4xx_HAL_Driver\Src\stm32f4xx_hal.o
                0x200005d8                HAL_Delay
 .text.HAL_NVIC_SetPriorityGrouping
                0x20000600       0x24 Drivers\STM32F4xx_HAL_Driver\Src\stm32f4xx_hal_cortex.o
                0x20000600                HAL_NVIC_SetPriorityGrouping
 .text.HAL_NVIC_SetPriority
                0x20000624       0x64 Drivers\STM32F4xx_HAL_Driver\Src\stm32f4xx_hal_cortex.o
                0x20000624                HAL_NVIC_SetPriority
 .text.HAL_NVIC_EnableIRQ
                0x20000688       0x18 Drivers\STM32F4xx_HAL_Driver\Src\stm32f4xx_hal_cortex.o
                0x20000688                HAL_NVIC_EnableIRQ
 .text.HAL_SYSTICK_Config
                0x200006a0       0x2c Drivers\STM32F4xx_HAL_Driver\Src\stm32f4xx_hal_cortex.o
                0x200006a0                HAL_SYSTICK_Config
 .text.HAL_SYSTICK_CLKSourceConfig
                0x200006cc       0x20 Drivers\STM32F4xx_HAL_Driver\Src\stm32f4xx_hal_cortex.o
                0x200006cc                HAL_SYSTICK_CLKSourceConfig
 .text.HAL_SYSTICK_Callback
                0x200006ec        0x2 Drivers\STM32F4xx_HAL_Driver\Src\stm32f4xx_hal_cortex.o
                0x200006ec                HAL_SYSTICK_Callback
 .text.HAL_SYSTICK_IRQHandler
                0x200006ee        0x8 Drivers\STM32F4xx_HAL_Driver\Src\stm32f4xx_hal_cortex.o
                0x200006ee                HAL_SYSTICK_IRQHandler
 *fill*         0x200006f6        0x2 
 .text.HAL_GPIO_Init
                0x200006f8      0x1cc Drivers\STM32F4xx_HAL_Driver\Src\stm32f4xx_hal_gpio.o
                0x200006f8                HAL_GPIO_Init
 .text.HAL_RCC_OscConfig
                0x200008c4      0x398 Drivers\STM32F4xx_HAL_Driver\Src\stm32f4xx_hal_rcc.o
                0x200008c4                HAL_RCC_OscConfig
 .text.HAL_RCC_GetSysClockFreq
                0x20000c5c       0xd4 Drivers\STM32F4xx_HAL_Driver\Src\stm32f4xx_hal_rcc.o
                0x20000c5c                HAL_RCC_GetSysClockFreq
 .text.HAL_RCC_ClockConfig
                0x20000d30      0x158 Drivers\STM32F4xx_HAL_Driver\Src\stm32f4xx_hal_rcc.o
                0x20000d30                HAL_RCC_ClockConfig
 .text.HAL_RCC_GetHCLKFreq
                0x20000e88        0xc Drivers\STM32F4xx_HAL_Driver\Src\stm32f4xx_hal_rcc.o
                0x20000e88                HAL_RCC_GetHCLKFreq
 .text.HAL_RCC_GetPCLK1Freq
                0x20000e94       0x20 Drivers\STM32F4xx_HAL_Driver\Src\stm32f4xx_hal_rcc.o
                0x20000e94                HAL_RCC_GetPCLK1Freq
 .text.HAL_RCC_GetClockConfig
                0x20000eb4       0x3c Drivers\STM32F4xx_HAL_Driver\Src\stm32f4xx_hal_rcc.o
                0x20000eb4                HAL_RCC_GetClockConfig
 .text.HAL_RCCEx_PeriphCLKConfig
                0x20000ef0      0x154 Drivers\STM32F4xx_HAL_Driver\Src\stm32f4xx_hal_rcc_ex.o
                0x20000ef0                HAL_RCCEx_PeriphCLKConfig
 .text.HAL_RTC_WaitForSynchro
                0x20001044       0x32 Drivers\STM32F4xx_HAL_Driver\Src\stm32f4xx_hal_rtc.o
                0x20001044                HAL_RTC_WaitForSynchro
 .text.RTC_EnterInitMode
                0x20001076       0x3c Drivers\STM32F4xx_HAL_Driver\Src\stm32f4xx_hal_rtc.o
                0x20001076                RTC_EnterInitMode
 .text.HAL_RTC_Init
                0x200010b2       0xc4 Drivers\STM32F4xx_HAL_Driver\Src\stm32f4xx_hal_rtc.o
                0x200010b2                HAL_RTC_Init
 .text.HAL_SRAM_Init
                0x20001176       0x52 Drivers\STM32F4xx_HAL_Driver\Src\stm32f4xx_hal_sram.o
                0x20001176                HAL_SRAM_Init
 .text.HAL_TIM_Base_MspInit
                0x200011c8        0x2 Drivers\STM32F4xx_HAL_Driver\Src\stm32f4xx_hal_tim.o
                0x200011c8                HAL_TIM_Base_MspInit
 .text.HAL_TIM_Base_Start_IT
                0x200011ca       0x18 Drivers\STM32F4xx_HAL_Driver\Src\stm32f4xx_hal_tim.o
                0x200011ca                HAL_TIM_Base_Start_IT
 .text.HAL_TIM_OC_DelayElapsedCallback
                0x200011e2        0x2 Drivers\STM32F4xx_HAL_Driver\Src\stm32f4xx_hal_tim.o
                0x200011e2                HAL_TIM_OC_DelayElapsedCallback
 .text.HAL_TIM_IC_CaptureCallback
                0x200011e4        0x2 Drivers\STM32F4xx_HAL_Driver\Src\stm32f4xx_hal_tim.o
                0x200011e4                HAL_TIM_IC_CaptureCallback
 .text.HAL_TIM_PWM_PulseFinishedCallback
                0x200011e6        0x2 Drivers\STM32F4xx_HAL_Driver\Src\stm32f4xx_hal_tim.o
                0x200011e6                HAL_TIM_PWM_PulseFinishedCallback
 .text.HAL_TIM_TriggerCallback
                0x200011e8        0x2 Drivers\STM32F4xx_HAL_Driver\Src\stm32f4xx_hal_tim.o
                0x200011e8                HAL_TIM_TriggerCallback
 .text.HAL_TIM_IRQHandler
                0x200011ea      0x17a Drivers\STM32F4xx_HAL_Driver\Src\stm32f4xx_hal_tim.o
                0x200011ea                HAL_TIM_IRQHandler
 .text.TIM_Base_SetConfig
                0x20001364      0x11c Drivers\STM32F4xx_HAL_Driver\Src\stm32f4xx_hal_tim.o
                0x20001364                TIM_Base_SetConfig
 .text.HAL_TIM_Base_Init
                0x20001480       0x32 Drivers\STM32F4xx_HAL_Driver\Src\stm32f4xx_hal_tim.o
                0x20001480                HAL_TIM_Base_Init
 .text.HAL_TIMEx_CommutationCallback
                0x200014b2        0x2 Drivers\STM32F4xx_HAL_Driver\Src\stm32f4xx_hal_tim_ex.o
                0x200014b2                HAL_TIMEx_CommutationCallback
 .text.HAL_TIMEx_BreakCallback
                0x200014b4        0x2 Drivers\STM32F4xx_HAL_Driver\Src\stm32f4xx_hal_tim_ex.o
                0x200014b4                HAL_TIMEx_BreakCallback
 *fill*         0x200014b6        0x2 
 .text.FSMC_NORSRAM_Init
                0x200014b8       0x58 Drivers\STM32F4xx_HAL_Driver\Src\stm32f4xx_ll_fsmc.o
                0x200014b8                FSMC_NORSRAM_Init
 .text.FSMC_NORSRAM_Timing_Init
                0x20001510       0x40 Drivers\STM32F4xx_HAL_Driver\Src\stm32f4xx_ll_fsmc.o
                0x20001510                FSMC_NORSRAM_Timing_Init
 .text.FSMC_NORSRAM_Extended_Timing_Init
                0x20001550       0x44 Drivers\STM32F4xx_HAL_Driver\Src\stm32f4xx_ll_fsmc.o
                0x20001550                FSMC_NORSRAM_Extended_Timing_Init
 .text.ClearTest
                0x20001594       0x16 Src\App\appLcdSpeedTest.o
                0x20001594                ClearTest
 *fill*         0x200015aa        0x2 
 .text.PixelTest
                0x200015ac       0x70 Src\App\appLcdSpeedTest.o
                0x200015ac                PixelTest
 .text.LineTest
                0x2000161c       0xa8 Src\App\appLcdSpeedTest.o
                0x2000161c                LineTest
 .text.FillRectTest
                0x200016c4       0xb4 Src\App\appLcdSpeedTest.o
                0x200016c4                FillRectTest
 .text.CharTest
                0x20001778      0x130 Src\App\appLcdSpeedTest.o
                0x20001778                CharTest
 .text.CircleTest
                0x200018a8       0xbc Src\App\appLcdSpeedTest.o
                0x200018a8                CircleTest
 .text.FillCircleTest
                0x20001964       0xbc Src\App\appLcdSpeedTest.o
                0x20001964                FillCircleTest
 .text.ColorTest
                0x20001a20       0xb0 Src\App\appLcdSpeedTest.o
                0x20001a20                ColorTest
 .text.BitmapTest
                0x20001ad0       0x64 Src\App\appLcdSpeedTest.o
                0x20001ad0                BitmapTest
 .text.ReadPixelTest
                0x20001b34       0xe4 Src\App\appLcdSpeedTest.o
                0x20001b34                ReadPixelTest
 .text.ReadImageTest
                0x20001c18       0xbc Src\App\appLcdSpeedTest.o
                0x20001c18                ReadImageTest
 .text.mainApp  0x20001cd4      0x1c0 Src\App\appLcdSpeedTest.o
                0x20001cd4                mainApp
 .text.ili9325_GetLcdPixelWidth
                0x20001e94        0x6 Src\Lcd\ili9325.o
                0x20001e94                ili9325_GetLcdPixelWidth
 .text.ili9325_GetLcdPixelHeight
                0x20001e9a        0x4 Src\Lcd\ili9325.o
                0x20001e9a                ili9325_GetLcdPixelHeight
 *fill*         0x20001e9e        0x2 
 .text.ili9325_Init
                0x20001ea0      0x25c Src\Lcd\ili9325.o
                0x20001ea0                ili9325_Init
 .text.ili9325_DisplayOn
                0x200020fc       0xb6 Src\Lcd\ili9325.o
                0x200020fc                ili9325_DisplayOn
 .text.ili9325_DisplayOff
                0x200021b2       0x5e Src\Lcd\ili9325.o
                0x200021b2                ili9325_DisplayOff
 .text.ili9325_SetCursor
                0x20002210       0x28 Src\Lcd\ili9325.o
                0x20002210                ili9325_SetCursor
 .text.ili9325_WritePixel
                0x20002238       0x38 Src\Lcd\ili9325.o
                0x20002238                ili9325_WritePixel
 .text.ili9325_SetDisplayWindow
                0x20002270       0x54 Src\Lcd\ili9325.o
                0x20002270                ili9325_SetDisplayWindow
 .text.ili9325_ReadID
                0x200022c4       0x30 Src\Lcd\ili9325.o
                0x200022c4                ili9325_ReadID
 .text.ili9325_ReadPixel
                0x200022f4       0x40 Src\Lcd\ili9325.o
                0x200022f4                ili9325_ReadPixel
 .text.ili9325_ReadRGBImage
                0x20002334       0x62 Src\Lcd\ili9325.o
                0x20002334                ili9325_ReadRGBImage
 .text.ili9325_DrawHLine
                0x20002396       0x38 Src\Lcd\ili9325.o
                0x20002396                ili9325_DrawHLine
 .text.ili9325_DrawVLine
                0x200023ce       0x58 Src\Lcd\ili9325.o
                0x200023ce                ili9325_DrawVLine
 .text.ili9325_FillRect
                0x20002426       0x7c Src\Lcd\ili9325.o
                0x20002426                ili9325_FillRect
 .text.ili9325_DrawBitmap
                0x200024a2       0xba Src\Lcd\ili9325.o
                0x200024a2                ili9325_DrawBitmap
 .text.ili9325_DrawRGBImage
                0x2000255c       0x7a Src\Lcd\ili9325.o
                0x2000255c                ili9325_DrawRGBImage
 .text.LCD_Delay
                0x200025d6        0x8 Src\Lcd\lcdts_io8p_fsmc.o
                0x200025d6                LCD_Delay
 *fill*         0x200025de        0x2 
 .text.LCD_IO_Bl_OnOff
                0x200025e0       0x18 Src\Lcd\lcdts_io8p_fsmc.o
                0x200025e0                LCD_IO_Bl_OnOff
 .text.LCD_IO_Init
                0x200025f8       0x84 Src\Lcd\lcdts_io8p_fsmc.o
                0x200025f8                LCD_IO_Init
 .text.LCD_IO_WriteCmd16
                0x2000267c        0x8 Src\Lcd\lcdts_io8p_fsmc.o
                0x2000267c                LCD_IO_WriteCmd16
 .text.LCD_IO_WriteData16
                0x20002684        0xc Src\Lcd\lcdts_io8p_fsmc.o
                0x20002684                LCD_IO_WriteData16
 .text.LCD_IO_WriteCmd16DataFill16
                0x20002690       0x70 Src\Lcd\lcdts_io8p_fsmc.o
                0x20002690                LCD_IO_WriteCmd16DataFill16
 .text.LCD_IO_WriteCmd16MultipleData16
                0x20002700       0x6c Src\Lcd\lcdts_io8p_fsmc.o
                0x20002700                LCD_IO_WriteCmd16MultipleData16
 .text.LCD_IO_ReadCmd16MultipleData16
                0x2000276c       0x74 Src\Lcd\lcdts_io8p_fsmc.o
                0x2000276c                LCD_IO_ReadCmd16MultipleData16
 .text.SetDisplayWindow
                0x200027e0       0x14 Src\Lcd\stm32_adafruit_lcd.o
 .text.BSP_LCD_GetXSize
                0x200027f4       0x10 Src\Lcd\stm32_adafruit_lcd.o
                0x200027f4                BSP_LCD_GetXSize
 .text.BSP_LCD_GetYSize
                0x20002804       0x10 Src\Lcd\stm32_adafruit_lcd.o
                0x20002804                BSP_LCD_GetYSize
 .text.BSP_LCD_SetTextColor
                0x20002814        0xc Src\Lcd\stm32_adafruit_lcd.o
                0x20002814                BSP_LCD_SetTextColor
 .text.BSP_LCD_SetBackColor
                0x20002820        0xc Src\Lcd\stm32_adafruit_lcd.o
                0x20002820                BSP_LCD_SetBackColor
 .text.BSP_LCD_SetFont
                0x2000282c        0xc Src\Lcd\stm32_adafruit_lcd.o
                0x2000282c                BSP_LCD_SetFont
 .text.BSP_LCD_GetFont
                0x20002838        0xc Src\Lcd\stm32_adafruit_lcd.o
                0x20002838                BSP_LCD_GetFont
 .text.BSP_LCD_Clear
                0x20002844       0x2c Src\Lcd\stm32_adafruit_lcd.o
                0x20002844                BSP_LCD_Clear
 .text.BSP_LCD_Init
                0x20002870       0x3c Src\Lcd\stm32_adafruit_lcd.o
                0x20002870                BSP_LCD_Init
 .text.BSP_LCD_DrawPixel
                0x200028ac       0x14 Src\Lcd\stm32_adafruit_lcd.o
                0x200028ac                BSP_LCD_DrawPixel
 .text.BSP_LCD_DrawHLine
                0x200028c0       0x40 Src\Lcd\stm32_adafruit_lcd.o
                0x200028c0                BSP_LCD_DrawHLine
 .text.BSP_LCD_DrawVLine
                0x20002900       0x40 Src\Lcd\stm32_adafruit_lcd.o
                0x20002900                BSP_LCD_DrawVLine
 .text.BSP_LCD_DrawLine
                0x20002940       0xd8 Src\Lcd\stm32_adafruit_lcd.o
                0x20002940                BSP_LCD_DrawLine
 .text.BSP_LCD_DrawCircle
                0x20002a18       0xdc Src\Lcd\stm32_adafruit_lcd.o
                0x20002a18                BSP_LCD_DrawCircle
 .text.BSP_LCD_DrawBitmap
                0x20002af4       0x4c Src\Lcd\stm32_adafruit_lcd.o
                0x20002af4                BSP_LCD_DrawBitmap
 .text.DrawChar
                0x20002b40      0x114 Src\Lcd\stm32_adafruit_lcd.o
 .text.BSP_LCD_DisplayChar
                0x20002c54       0x28 Src\Lcd\stm32_adafruit_lcd.o
                0x20002c54                BSP_LCD_DisplayChar
 .text.BSP_LCD_FillRect
                0x20002c7c       0x20 Src\Lcd\stm32_adafruit_lcd.o
                0x20002c7c                BSP_LCD_FillRect
 .text.BSP_LCD_FillCircle
                0x20002c9c       0xb8 Src\Lcd\stm32_adafruit_lcd.o
                0x20002c9c                BSP_LCD_FillCircle
 .text.BSP_LCD_DisplayOn
                0x20002d54       0x10 Src\Lcd\stm32_adafruit_lcd.o
                0x20002d54                BSP_LCD_DisplayOn
 .text.BSP_LCD_DisplayOff
                0x20002d64       0x10 Src\Lcd\stm32_adafruit_lcd.o
                0x20002d64                BSP_LCD_DisplayOff
 .text.BSP_LCD_ReadID
                0x20002d74       0x18 Src\Lcd\stm32_adafruit_lcd.o
                0x20002d74                BSP_LCD_ReadID
 .text.BSP_LCD_ReadPixel
                0x20002d8c       0x18 Src\Lcd\stm32_adafruit_lcd.o
                0x20002d8c                BSP_LCD_ReadPixel
 .text.BSP_LCD_DrawRGB16Image
                0x20002da4       0x18 Src\Lcd\stm32_adafruit_lcd.o
                0x20002da4                BSP_LCD_DrawRGB16Image
 .text.BSP_LCD_ReadRGB16Image
                0x20002dbc       0x18 Src\Lcd\stm32_adafruit_lcd.o
                0x20002dbc                BSP_LCD_ReadRGB16Image
 .text.MX_GPIO_Init
                0x20002dd4       0x88 Src\main.o
 .text.HAL_TIM_PeriodElapsedCallback
                0x20002e5c       0x18 Src\main.o
                0x20002e5c                HAL_TIM_PeriodElapsedCallback
 .text._Error_Handler
                0x20002e74        0x2 Src\main.o
                0x20002e74                _Error_Handler
 *fill*         0x20002e76        0x2 
 .text.MX_RTC_Init
                0x20002e78       0x38 Src\main.o
 .text.MX_FSMC_Init
                0x20002eb0       0x70 Src\main.o
 .text.SystemClock_Config
                0x20002f20       0xe0 Src\main.o
                0x20002f20                SystemClock_Config
 .text.main     0x20003000       0x1c Src\main.o
                0x20003000                main
 .text.HAL_FSMC_MspInit
                0x2000301c       0x70 Src\stm32f4xx_hal_msp.o
 .text.HAL_MspInit
                0x2000308c       0x94 Src\stm32f4xx_hal_msp.o
                0x2000308c                HAL_MspInit
 .text.HAL_RTC_MspInit
                0x20003120       0x1c Src\stm32f4xx_hal_msp.o
                0x20003120                HAL_RTC_MspInit
 .text.HAL_SRAM_MspInit
                0x2000313c        0x8 Src\stm32f4xx_hal_msp.o
                0x2000313c                HAL_SRAM_MspInit
 .text.HAL_InitTick
                0x20003144       0x7c Src\stm32f4xx_hal_timebase_TIM.o
                0x20003144                HAL_InitTick
 .text.NMI_Handler
                0x200031c0        0x2 Src\stm32f4xx_it.o
                0x200031c0                NMI_Handler
 .text.HardFault_Handler
                0x200031c2        0x2 Src\stm32f4xx_it.o
                0x200031c2                HardFault_Handler
 .text.MemManage_Handler
                0x200031c4        0x2 Src\stm32f4xx_it.o
                0x200031c4                MemManage_Handler
 .text.BusFault_Handler
                0x200031c6        0x2 Src\stm32f4xx_it.o
                0x200031c6                BusFault_Handler
 .text.UsageFault_Handler
                0x200031c8        0x2 Src\stm32f4xx_it.o
                0x200031c8                UsageFault_Handler
 .text.SVC_Handler
                0x200031ca        0x2 Src\stm32f4xx_it.o
                0x200031ca                SVC_Handler
 .text.DebugMon_Handler
                0x200031cc        0x2 Src\stm32f4xx_it.o
                0x200031cc                DebugMon_Handler
 .text.PendSV_Handler
                0x200031ce        0x2 Src\stm32f4xx_it.o
                0x200031ce                PendSV_Handler
 .text.SysTick_Handler
                0x200031d0        0x8 Src\stm32f4xx_it.o
                0x200031d0                SysTick_Handler
 .text.TIM6_DAC_IRQHandler
                0x200031d8       0x10 Src\stm32f4xx_it.o
                0x200031d8                TIM6_DAC_IRQHandler
 .text._write   0x200031e8       0x48 Src\syscalls.o
                0x200031e8                _write
 .text._sbrk    0x20003230       0x24 Src\syscalls.o
                0x20003230                _sbrk
 .text._close   0x20003254       0x10 Src\syscalls.o
                0x20003254                _close
 .text._fstat   0x20003264       0x10 Src\syscalls.o
                0x20003264                _fstat
 .text._isatty  0x20003274       0x10 Src\syscalls.o
                0x20003274                _isatty
 .text._lseek   0x20003284       0x10 Src\syscalls.o
                0x20003284                _lseek
 .text._read    0x20003294       0x10 Src\syscalls.o
                0x20003294                _read
 .text.SystemInit
                0x200032a4       0x4c Src\system_stm32f4xx.o
                0x200032a4                SystemInit
 .text.Reset_Handler
                0x200032f0       0x50 startup\startup_stm32f407xx.o
                0x200032f0                Reset_Handler
 .text.Default_Handler
                0x20003340        0x2 startup\startup_stm32f407xx.o
                0x20003340                RTC_Alarm_IRQHandler
                0x20003340                HASH_RNG_IRQHandler
                0x20003340                EXTI2_IRQHandler
                0x20003340                TIM8_CC_IRQHandler
                0x20003340                TIM1_CC_IRQHandler
                0x20003340                DMA2_Stream5_IRQHandler
                0x20003340                DMA1_Stream5_IRQHandler
                0x20003340                PVD_IRQHandler
                0x20003340                SDIO_IRQHandler
                0x20003340                TAMP_STAMP_IRQHandler
                0x20003340                CAN2_RX1_IRQHandler
                0x20003340                EXTI3_IRQHandler
                0x20003340                TIM8_TRG_COM_TIM14_IRQHandler
                0x20003340                TIM1_UP_TIM10_IRQHandler
                0x20003340                TIM8_UP_TIM13_IRQHandler
                0x20003340                I2C3_ER_IRQHandler
                0x20003340                EXTI0_IRQHandler
                0x20003340                I2C2_EV_IRQHandler
                0x20003340                DMA1_Stream2_IRQHandler
                0x20003340                CAN1_RX0_IRQHandler
                0x20003340                FPU_IRQHandler
                0x20003340                OTG_HS_WKUP_IRQHandler
                0x20003340                CAN2_SCE_IRQHandler
                0x20003340                DMA2_Stream2_IRQHandler
                0x20003340                SPI1_IRQHandler
                0x20003340                TIM1_BRK_TIM9_IRQHandler
                0x20003340                DCMI_IRQHandler
                0x20003340                CAN2_RX0_IRQHandler
                0x20003340                DMA2_Stream3_IRQHandler
                0x20003340                USART6_IRQHandler
                0x20003340                USART3_IRQHandler
                0x20003340                CAN1_RX1_IRQHandler
                0x20003340                UART5_IRQHandler
                0x20003340                DMA2_Stream0_IRQHandler
                0x20003340                TIM4_IRQHandler
                0x20003340                I2C1_EV_IRQHandler
                0x20003340                DMA1_Stream6_IRQHandler
                0x20003340                DMA1_Stream1_IRQHandler
                0x20003340                UART4_IRQHandler
                0x20003340                TIM3_IRQHandler
                0x20003340                RCC_IRQHandler
                0x20003340                TIM8_BRK_TIM12_IRQHandler
                0x20003340                Default_Handler
                0x20003340                EXTI15_10_IRQHandler
                0x20003340                ADC_IRQHandler
                0x20003340                DMA1_Stream7_IRQHandler
                0x20003340                TIM7_IRQHandler
                0x20003340                CAN2_TX_IRQHandler
                0x20003340                TIM5_IRQHandler
                0x20003340                DMA2_Stream7_IRQHandler
                0x20003340                I2C3_EV_IRQHandler
                0x20003340                EXTI9_5_IRQHandler
                0x20003340                RTC_WKUP_IRQHandler
                0x20003340                ETH_WKUP_IRQHandler
                0x20003340                SPI2_IRQHandler
                0x20003340                OTG_HS_EP1_IN_IRQHandler
                0x20003340                DMA1_Stream0_IRQHandler
                0x20003340                CAN1_TX_IRQHandler
                0x20003340                EXTI4_IRQHandler
                0x20003340                FSMC_IRQHandler
                0x20003340                ETH_IRQHandler
                0x20003340                OTG_HS_EP1_OUT_IRQHandler
                0x20003340                WWDG_IRQHandler
                0x20003340                TIM2_IRQHandler
                0x20003340                OTG_FS_WKUP_IRQHandler
                0x20003340                TIM1_TRG_COM_TIM11_IRQHandler
                0x20003340                OTG_HS_IRQHandler
                0x20003340                EXTI1_IRQHandler
                0x20003340                USART2_IRQHandler
                0x20003340                I2C2_ER_IRQHandler
                0x20003340                DMA2_Stream1_IRQHandler
                0x20003340                CAN1_SCE_IRQHandler
                0x20003340                FLASH_IRQHandler
                0x20003340                DMA2_Stream4_IRQHandler
                0x20003340                USART1_IRQHandler
                0x20003340                OTG_FS_IRQHandler
                0x20003340                SPI3_IRQHandler
                0x20003340                DMA1_Stream4_IRQHandler
                0x20003340                I2C1_ER_IRQHandler
                0x20003340                DMA2_Stream6_IRQHandler
                0x20003340                DMA1_Stream3_IRQHandler
 *fill*         0x20003342        0x2 
 .text.__libc_init_array
                0x20003344       0x48 c:/programok/st/truestudio for stm32 9.0.0/armtools/bin/../lib/gcc/arm-atollic-eabi/6.3.1/../../../../arm-atollic-eabi/lib/armv7e-m/fpu\libc_nano.a(lib_a-init.o)
                0x20003344                __libc_init_array
 .text.printf   0x2000338c       0x30 c:/programok/st/truestudio for stm32 9.0.0/armtools/bin/../lib/gcc/arm-atollic-eabi/6.3.1/../../../../arm-atollic-eabi/lib/armv7e-m/fpu\libc_nano.a(lib_a-printf.o)
                0x2000338c                iprintf
                0x2000338c                printf
 .text._puts_r  0x200033bc       0xb8 c:/programok/st/truestudio for stm32 9.0.0/armtools/bin/../lib/gcc/arm-atollic-eabi/6.3.1/../../../../arm-atollic-eabi/lib/armv7e-m/fpu\libc_nano.a(lib_a-puts.o)
                0x200033bc                _puts_r
 .text.puts     0x20003474       0x10 c:/programok/st/truestudio for stm32 9.0.0/armtools/bin/../lib/gcc/arm-atollic-eabi/6.3.1/../../../../arm-atollic-eabi/lib/armv7e-m/fpu\libc_nano.a(lib_a-puts.o)
                0x20003474                puts
 .text.random   0x20003484       0x74 c:/programok/st/truestudio for stm32 9.0.0/armtools/bin/../lib/gcc/arm-atollic-eabi/6.3.1/../../../../arm-atollic-eabi/lib/armv7e-m/fpu\libc_nano.a(lib_a-random.o)
                0x20003484                random
 .text.__swbuf_r
                0x200034f8       0xa4 c:/programok/st/truestudio for stm32 9.0.0/armtools/bin/../lib/gcc/arm-atollic-eabi/6.3.1/../../../../arm-atollic-eabi/lib/armv7e-m/fpu\libc_nano.a(lib_a-wbuf.o)
                0x200034f8                __swbuf_r
 .text.__swsetup_r
                0x2000359c       0xdc c:/programok/st/truestudio for stm32 9.0.0/armtools/bin/../lib/gcc/arm-atollic-eabi/6.3.1/../../../../arm-atollic-eabi/lib/armv7e-m/fpu\libc_nano.a(lib_a-wsetup.o)
                0x2000359c                __swsetup_r
 .text.__sflush_r
                0x20003678      0x110 c:/programok/st/truestudio for stm32 9.0.0/armtools/bin/../lib/gcc/arm-atollic-eabi/6.3.1/../../../../arm-atollic-eabi/lib/armv7e-m/fpu\libc_nano.a(lib_a-fflush.o)
                0x20003678                __sflush_r
 .text._fflush_r
                0x20003788       0x54 c:/programok/st/truestudio for stm32 9.0.0/armtools/bin/../lib/gcc/arm-atollic-eabi/6.3.1/../../../../arm-atollic-eabi/lib/armv7e-m/fpu\libc_nano.a(lib_a-fflush.o)
                0x20003788                _fflush_r
 .text._cleanup_r
                0x200037dc        0xc c:/programok/st/truestudio for stm32 9.0.0/armtools/bin/../lib/gcc/arm-atollic-eabi/6.3.1/../../../../arm-atollic-eabi/lib/armv7e-m/fpu\libc_nano.a(lib_a-findfp.o)
                0x200037dc                _cleanup_r
 .text.std.isra.0
                0x200037e8       0x48 c:/programok/st/truestudio for stm32 9.0.0/armtools/bin/../lib/gcc/arm-atollic-eabi/6.3.1/../../../../arm-atollic-eabi/lib/armv7e-m/fpu\libc_nano.a(lib_a-findfp.o)
 .text.__sfmoreglue
                0x20003830       0x2c c:/programok/st/truestudio for stm32 9.0.0/armtools/bin/../lib/gcc/arm-atollic-eabi/6.3.1/../../../../arm-atollic-eabi/lib/armv7e-m/fpu\libc_nano.a(lib_a-findfp.o)
                0x20003830                __sfmoreglue
 .text.__sinit  0x2000385c       0x60 c:/programok/st/truestudio for stm32 9.0.0/armtools/bin/../lib/gcc/arm-atollic-eabi/6.3.1/../../../../arm-atollic-eabi/lib/armv7e-m/fpu\libc_nano.a(lib_a-findfp.o)
                0x2000385c                __sinit
 .text.__sfp    0x200038bc       0x78 c:/programok/st/truestudio for stm32 9.0.0/armtools/bin/../lib/gcc/arm-atollic-eabi/6.3.1/../../../../arm-atollic-eabi/lib/armv7e-m/fpu\libc_nano.a(lib_a-findfp.o)
                0x200038bc                __sfp
 .text._fwalk_reent
                0x20003934       0x3c c:/programok/st/truestudio for stm32 9.0.0/armtools/bin/../lib/gcc/arm-atollic-eabi/6.3.1/../../../../arm-atollic-eabi/lib/armv7e-m/fpu\libc_nano.a(lib_a-fwalk.o)
                0x20003934                _fwalk_reent
 .text.__swhatbuf_r
                0x20003970       0x48 c:/programok/st/truestudio for stm32 9.0.0/armtools/bin/../lib/gcc/arm-atollic-eabi/6.3.1/../../../../arm-atollic-eabi/lib/armv7e-m/fpu\libc_nano.a(lib_a-makebuf.o)
                0x20003970                __swhatbuf_r
 .text.__smakebuf_r
                0x200039b8       0x80 c:/programok/st/truestudio for stm32 9.0.0/armtools/bin/../lib/gcc/arm-atollic-eabi/6.3.1/../../../../arm-atollic-eabi/lib/armv7e-m/fpu\libc_nano.a(lib_a-makebuf.o)
                0x200039b8                __smakebuf_r
 .text.malloc   0x20003a38       0x10 c:/programok/st/truestudio for stm32 9.0.0/armtools/bin/../lib/gcc/arm-atollic-eabi/6.3.1/../../../../arm-atollic-eabi/lib/armv7e-m/fpu\libc_nano.a(lib_a-malloc.o)
                0x20003a38                malloc
 .text.memset   0x20003a48       0x10 c:/programok/st/truestudio for stm32 9.0.0/armtools/bin/../lib/gcc/arm-atollic-eabi/6.3.1/../../../../arm-atollic-eabi/lib/armv7e-m/fpu\libc_nano.a(lib_a-memset.o)
                0x20003a48                memset
 .text._free_r  0x20003a58       0x9c c:/programok/st/truestudio for stm32 9.0.0/armtools/bin/../lib/gcc/arm-atollic-eabi/6.3.1/../../../../arm-atollic-eabi/lib/armv7e-m/fpu\libc_nano.a(lib_a-nano-freer.o)
                0x20003a58                _free_r
 .text._malloc_r
                0x20003af4       0xbc c:/programok/st/truestudio for stm32 9.0.0/armtools/bin/../lib/gcc/arm-atollic-eabi/6.3.1/../../../../arm-atollic-eabi/lib/armv7e-m/fpu\libc_nano.a(lib_a-nano-mallocr.o)
                0x20003af4                _malloc_r
 .text.__sfputc_r
                0x20003bb0       0x30 c:/programok/st/truestudio for stm32 9.0.0/armtools/bin/../lib/gcc/arm-atollic-eabi/6.3.1/../../../../arm-atollic-eabi/lib/armv7e-m/fpu\libc_nano.a(lib_a-nano-vfprintf.o)
 .text.__sfputs_r
                0x20003be0       0x24 c:/programok/st/truestudio for stm32 9.0.0/armtools/bin/../lib/gcc/arm-atollic-eabi/6.3.1/../../../../arm-atollic-eabi/lib/armv7e-m/fpu\libc_nano.a(lib_a-nano-vfprintf.o)
                0x20003be0                __sfputs_r
 .text._vfprintf_r
                0x20003c04      0x22c c:/programok/st/truestudio for stm32 9.0.0/armtools/bin/../lib/gcc/arm-atollic-eabi/6.3.1/../../../../arm-atollic-eabi/lib/armv7e-m/fpu\libc_nano.a(lib_a-nano-vfprintf.o)
                0x20003c04                _vfprintf_r
                0x20003c04                _vfiprintf_r
 .text._printf_common
                0x20003e30       0xec c:/programok/st/truestudio for stm32 9.0.0/armtools/bin/../lib/gcc/arm-atollic-eabi/6.3.1/../../../../arm-atollic-eabi/lib/armv7e-m/fpu\libc_nano.a(lib_a-nano-vfprintf_i.o)
                0x20003e30                _printf_common
 .text._printf_i
                0x20003f1c      0x240 c:/programok/st/truestudio for stm32 9.0.0/armtools/bin/../lib/gcc/arm-atollic-eabi/6.3.1/../../../../arm-atollic-eabi/lib/armv7e-m/fpu\libc_nano.a(lib_a-nano-vfprintf_i.o)
                0x20003f1c                _printf_i
 .text._sbrk_r  0x2000415c       0x20 c:/programok/st/truestudio for stm32 9.0.0/armtools/bin/../lib/gcc/arm-atollic-eabi/6.3.1/../../../../arm-atollic-eabi/lib/armv7e-m/fpu\libc_nano.a(lib_a-sbrkr.o)
                0x2000415c                _sbrk_r
 .text.__sread  0x2000417c       0x22 c:/programok/st/truestudio for stm32 9.0.0/armtools/bin/../lib/gcc/arm-atollic-eabi/6.3.1/../../../../arm-atollic-eabi/lib/armv7e-m/fpu\libc_nano.a(lib_a-stdio.o)
                0x2000417c                __sread
 .text.__swrite
                0x2000419e       0x38 c:/programok/st/truestudio for stm32 9.0.0/armtools/bin/../lib/gcc/arm-atollic-eabi/6.3.1/../../../../arm-atollic-eabi/lib/armv7e-m/fpu\libc_nano.a(lib_a-stdio.o)
                0x2000419e                __swrite
 .text.__sseek  0x200041d6       0x24 c:/programok/st/truestudio for stm32 9.0.0/armtools/bin/../lib/gcc/arm-atollic-eabi/6.3.1/../../../../arm-atollic-eabi/lib/armv7e-m/fpu\libc_nano.a(lib_a-stdio.o)
                0x200041d6                __sseek
 .text.__sclose
                0x200041fa        0x8 c:/programok/st/truestudio for stm32 9.0.0/armtools/bin/../lib/gcc/arm-atollic-eabi/6.3.1/../../../../arm-atollic-eabi/lib/armv7e-m/fpu\libc_nano.a(lib_a-stdio.o)
                0x200041fa                __sclose
 *fill*         0x20004202        0x2 
 .text._write_r
                0x20004204       0x24 c:/programok/st/truestudio for stm32 9.0.0/armtools/bin/../lib/gcc/arm-atollic-eabi/6.3.1/../../../../arm-atollic-eabi/lib/armv7e-m/fpu\libc_nano.a(lib_a-writer.o)
                0x20004204                _write_r
 .text._close_r
                0x20004228       0x20 c:/programok/st/truestudio for stm32 9.0.0/armtools/bin/../lib/gcc/arm-atollic-eabi/6.3.1/../../../../arm-atollic-eabi/lib/armv7e-m/fpu\libc_nano.a(lib_a-closer.o)
                0x20004228                _close_r
 .text._fstat_r
                0x20004248       0x24 c:/programok/st/truestudio for stm32 9.0.0/armtools/bin/../lib/gcc/arm-atollic-eabi/6.3.1/../../../../arm-atollic-eabi/lib/armv7e-m/fpu\libc_nano.a(lib_a-fstatr.o)
                0x20004248                _fstat_r
 .text._isatty_r
                0x2000426c       0x20 c:/programok/st/truestudio for stm32 9.0.0/armtools/bin/../lib/gcc/arm-atollic-eabi/6.3.1/../../../../arm-atollic-eabi/lib/armv7e-m/fpu\libc_nano.a(lib_a-isattyr.o)
                0x2000426c                _isatty_r
 .text._lseek_r
                0x2000428c       0x24 c:/programok/st/truestudio for stm32 9.0.0/armtools/bin/../lib/gcc/arm-atollic-eabi/6.3.1/../../../../arm-atollic-eabi/lib/armv7e-m/fpu\libc_nano.a(lib_a-lseekr.o)
                0x2000428c                _lseek_r
 .text.__malloc_lock
                0x200042b0        0x2 c:/programok/st/truestudio for stm32 9.0.0/armtools/bin/../lib/gcc/arm-atollic-eabi/6.3.1/../../../../arm-atollic-eabi/lib/armv7e-m/fpu\libc_nano.a(lib_a-mlock.o)
                0x200042b0                __malloc_lock
 .text.__malloc_unlock
                0x200042b2        0x2 c:/programok/st/truestudio for stm32 9.0.0/armtools/bin/../lib/gcc/arm-atollic-eabi/6.3.1/../../../../arm-atollic-eabi/lib/armv7e-m/fpu\libc_nano.a(lib_a-mlock.o)
                0x200042b2                __malloc_unlock
 .text._read_r  0x200042b4       0x24 c:/programok/st/truestudio for stm32 9.0.0/armtools/bin/../lib/gcc/arm-atollic-eabi/6.3.1/../../../../arm-atollic-eabi/lib/armv7e-m/fpu\libc_nano.a(lib_a-readr.o)
                0x200042b4                _read_r
 *(.glue_7)
 .glue_7        0x200042d8        0x0 linker stubs
 *(.glue_7t)
 .glue_7t       0x200042d8        0x0 linker stubs
 *(.eh_frame)
 .eh_frame      0x200042d8        0x0 c:/programok/st/truestudio for stm32 9.0.0/armtools/bin/../lib/gcc/arm-atollic-eabi/6.3.1/armv7e-m/fpu/crtbegin.o
 *(.init)
 .init          0x200042d8        0x4 c:/programok/st/truestudio for stm32 9.0.0/armtools/bin/../lib/gcc/arm-atollic-eabi/6.3.1/armv7e-m/fpu/crti.o
                0x200042d8                _init
 .init          0x200042dc        0x8 c:/programok/st/truestudio for stm32 9.0.0/armtools/bin/../lib/gcc/arm-atollic-eabi/6.3.1/armv7e-m/fpu/crtn.o
 *(.fini)
 .fini          0x200042e4        0x4 c:/programok/st/truestudio for stm32 9.0.0/armtools/bin/../lib/gcc/arm-atollic-eabi/6.3.1/armv7e-m/fpu/crti.o
                0x200042e4                _fini
 .fini          0x200042e8        0x8 c:/programok/st/truestudio for stm32 9.0.0/armtools/bin/../lib/gcc/arm-atollic-eabi/6.3.1/armv7e-m/fpu/crtn.o
                0x200042f0                . = ALIGN (0x4)
                0x200042f0                _etext = .

.vfp11_veneer   0x200042f0        0x0
 .vfp11_veneer  0x200042f0        0x0 linker stubs

.v4_bx          0x200042f0        0x0
 .v4_bx         0x200042f0        0x0 linker stubs

.iplt           0x200042f0        0x0
 .iplt          0x200042f0        0x0 c:/programok/st/truestudio for stm32 9.0.0/armtools/bin/../lib/gcc/arm-atollic-eabi/6.3.1/armv7e-m/fpu/crtbegin.o

.rodata         0x200042f0     0x6dec
                0x200042f0                . = ALIGN (0x4)
 *(.rodata)
 *(.rodata*)
 .rodata.ReadImageTest.str1.4
                0x200042f0       0x1a Src\App\appLcdSpeedTest.o
 *fill*         0x2000430a        0x2 
 .rodata.ReadPixelTest.str1.4
                0x2000430c       0x1a Src\App\appLcdSpeedTest.o
 *fill*         0x20004326        0x2 
 .rodata.mainApp.str1.4
                0x20004328       0xfa Src\App\appLcdSpeedTest.o
                                0x10e (size before relaxing)
 *fill*         0x20004422        0x6 
 .rodata.beer_60x100_16
                0x20004428     0x2f16 Src\App\beer_60x100_16.o
                0x20004428                beer_60x100_16
 *fill*         0x2000733e        0x2 
 .rodata.Font12_Table
                0x20007340      0x474 Src\Lcd\Fonts\font12.o
                0x20007340                Font12_Table
 .rodata.Font16_Table
                0x200077b4      0xbe0 Src\Lcd\Fonts\font16.o
                0x200077b4                Font16_Table
 .rodata.Font20_Table
                0x20008394      0xed8 Src\Lcd\Fonts\font20.o
                0x20008394                Font20_Table
 .rodata.Font24_Table
                0x2000926c     0x1ab8 Src\Lcd\Fonts\font24.o
                0x2000926c                Font24_Table
 .rodata.Font8_Table
                0x2000ad24      0x2f8 Src\Lcd\Fonts\font8.o
                0x2000ad24                Font8_Table
 .rodata.MX_RTC_Init.str1.4
                0x2000b01c       0x10 Src\main.o
                                  0xe (size before relaxing)
 .rodata.AHBPrescTable
                0x2000b02c       0x10 Src\system_stm32f4xx.o
                0x2000b02c                AHBPrescTable
 .rodata.APBPrescTable
                0x2000b03c        0x8 Src\system_stm32f4xx.o
                0x2000b03c                APBPrescTable
 .rodata._global_impure_ptr
                0x2000b044        0x4 c:/programok/st/truestudio for stm32 9.0.0/armtools/bin/../lib/gcc/arm-atollic-eabi/6.3.1/../../../../arm-atollic-eabi/lib/armv7e-m/fpu\libc_nano.a(lib_a-impure.o)
                0x2000b044                _global_impure_ptr
 .rodata.__sf_fake_stderr
                0x2000b048       0x20 c:/programok/st/truestudio for stm32 9.0.0/armtools/bin/../lib/gcc/arm-atollic-eabi/6.3.1/../../../../arm-atollic-eabi/lib/armv7e-m/fpu\libc_nano.a(lib_a-findfp.o)
                0x2000b048                __sf_fake_stderr
 .rodata.__sf_fake_stdin
                0x2000b068       0x20 c:/programok/st/truestudio for stm32 9.0.0/armtools/bin/../lib/gcc/arm-atollic-eabi/6.3.1/../../../../arm-atollic-eabi/lib/armv7e-m/fpu\libc_nano.a(lib_a-findfp.o)
                0x2000b068                __sf_fake_stdin
 .rodata.__sf_fake_stdout
                0x2000b088       0x20 c:/programok/st/truestudio for stm32 9.0.0/armtools/bin/../lib/gcc/arm-atollic-eabi/6.3.1/../../../../arm-atollic-eabi/lib/armv7e-m/fpu\libc_nano.a(lib_a-findfp.o)
                0x2000b088                __sf_fake_stdout
 .rodata._vfprintf_r.str1.1
                0x2000b0a8       0x11 c:/programok/st/truestudio for stm32 9.0.0/armtools/bin/../lib/gcc/arm-atollic-eabi/6.3.1/../../../../arm-atollic-eabi/lib/armv7e-m/fpu\libc_nano.a(lib_a-nano-vfprintf.o)
 .rodata._printf_i.str1.1
                0x2000b0b9       0x22 c:/programok/st/truestudio for stm32 9.0.0/armtools/bin/../lib/gcc/arm-atollic-eabi/6.3.1/../../../../arm-atollic-eabi/lib/armv7e-m/fpu\libc_nano.a(lib_a-nano-vfprintf_i.o)
                0x2000b0dc                . = ALIGN (0x4)
 *fill*         0x2000b0db        0x1 

.ARM.extab
 *(.ARM.extab* .gnu.linkonce.armextab.*)

.ARM            0x2000b0dc        0x8
                0x2000b0dc                __exidx_start = .
 *(.ARM.exidx*)
 .ARM.exidx     0x2000b0dc        0x8 c:/programok/st/truestudio for stm32 9.0.0/armtools/bin/../lib/gcc/arm-atollic-eabi/6.3.1/armv7e-m/fpu\libgcc.a(_udivmoddi4.o)
                0x2000b0e4                __exidx_end = .

.rel.dyn        0x2000b0e4        0x0
 .rel.iplt      0x2000b0e4        0x0 c:/programok/st/truestudio for stm32 9.0.0/armtools/bin/../lib/gcc/arm-atollic-eabi/6.3.1/armv7e-m/fpu/crtbegin.o

.preinit_array  0x2000b0e4        0x0
                0x2000b0e4                PROVIDE (__preinit_array_start, .)
 *(.preinit_array*)
                0x2000b0e4                PROVIDE (__preinit_array_end, .)

.init_array     0x2000b0e4        0x4
                0x2000b0e4                PROVIDE (__init_array_start, .)
 *(SORT(.init_array.*))
 *(.init_array*)
 .init_array    0x2000b0e4        0x4 c:/programok/st/truestudio for stm32 9.0.0/armtools/bin/../lib/gcc/arm-atollic-eabi/6.3.1/armv7e-m/fpu/crtbegin.o
                0x2000b0e8                PROVIDE (__init_array_end, .)

.fini_array     0x2000b0e8        0x4
                [!provide]                PROVIDE (__fini_array_start, .)
 *(SORT(.fini_array.*))
 *(.fini_array*)
 .fini_array    0x2000b0e8        0x4 c:/programok/st/truestudio for stm32 9.0.0/armtools/bin/../lib/gcc/arm-atollic-eabi/6.3.1/armv7e-m/fpu/crtbegin.o
                [!provide]                PROVIDE (__fini_array_end, .)
                0x2000b0ec                _sidata = LOADADDR (.data)

.data           0x20018000       0xd8 load address 0x2000b0ec
                0x20018000                . = ALIGN (0x4)
                0x20018000                _sdata = .
 *(.data)
 *(.data*)
 .data.uwTickFreq
                0x20018000        0x1 Drivers\STM32F4xx_HAL_Driver\Src\stm32f4xx_hal.o
                0x20018000                uwTickFreq
 *fill*         0x20018001        0x3 
 .data.Font12   0x20018004        0x8 Src\Lcd\Fonts\font12.o
                0x20018004                Font12
 .data.Font16   0x2001800c        0x8 Src\Lcd\Fonts\font16.o
                0x2001800c                Font16
 .data.Font20   0x20018014        0x8 Src\Lcd\Fonts\font20.o
                0x20018014                Font20
 .data.Font24   0x2001801c        0x8 Src\Lcd\Fonts\font24.o
                0x2001801c                Font24
 .data.Font8    0x20018024        0x8 Src\Lcd\Fonts\font8.o
                0x20018024                Font8
 .data.ili9325_drv
                0x2001802c       0x40 Src\Lcd\ili9325.o
                0x2001802c                ili9325_drv
 .data.lcd_drv  0x2001806c        0x4 Src\Lcd\ili9325.o
                0x2001806c                lcd_drv
 .data.SystemCoreClock
                0x20018070        0x4 Src\system_stm32f4xx.o
                0x20018070                SystemCoreClock
 .data._impure_ptr
                0x20018074        0x4 c:/programok/st/truestudio for stm32 9.0.0/armtools/bin/../lib/gcc/arm-atollic-eabi/6.3.1/../../../../arm-atollic-eabi/lib/armv7e-m/fpu\libc_nano.a(lib_a-impure.o)
                0x20018074                _impure_ptr
 .data.impure_data
                0x20018078       0x60 c:/programok/st/truestudio for stm32 9.0.0/armtools/bin/../lib/gcc/arm-atollic-eabi/6.3.1/../../../../arm-atollic-eabi/lib/armv7e-m/fpu\libc_nano.a(lib_a-impure.o)
                0x200180d8                . = ALIGN (0x4)
                0x200180d8                _edata = .
                0x2000b1c4                _siccmram = LOADADDR (.ccmram)

.igot.plt       0x200180d8        0x0 load address 0x2000b1c4
 .igot.plt      0x200180d8        0x0 c:/programok/st/truestudio for stm32 9.0.0/armtools/bin/../lib/gcc/arm-atollic-eabi/6.3.1/armv7e-m/fpu/crtbegin.o

.ccmram         0x10000000        0x0 load address 0x2000b1c4
                0x10000000                . = ALIGN (0x4)
                0x10000000                _sccmram = .
 *(.ccmram)
 *(.ccmram*)
                0x10000000                . = ALIGN (0x4)
                0x10000000                _eccmram = .
                0x10000000                . = ALIGN (0x4)

.bss            0x200180d8     0x3338
                0x200180d8                _sbss = .
                0x200180d8                __bss_start__ = _sbss
 *(.bss)
 .bss           0x200180d8       0x1c c:/programok/st/truestudio for stm32 9.0.0/armtools/bin/../lib/gcc/arm-atollic-eabi/6.3.1/armv7e-m/fpu/crtbegin.o
 *(.bss*)
 .bss.Is_ili9325_Initialized
                0x200180f4        0x1 Src\Lcd\ili9325.o
 *fill*         0x200180f5        0x3 
 .bss.bitmap    0x200180f8      0x366 Src\Lcd\stm32_adafruit_lcd.o
 *fill*         0x2001845e        0x2 
 .bss.FSMC_Initialized
                0x20018460        0x4 Src\stm32f4xx_hal_msp.o
 .bss.heap_end.9733
                0x20018464        0x4 Src\syscalls.o
 .bss.__malloc_free_list
                0x20018468        0x4 c:/programok/st/truestudio for stm32 9.0.0/armtools/bin/../lib/gcc/arm-atollic-eabi/6.3.1/../../../../arm-atollic-eabi/lib/armv7e-m/fpu\libc_nano.a(lib_a-nano-mallocr.o)
                0x20018468                __malloc_free_list
 .bss.__malloc_sbrk_start
                0x2001846c        0x4 c:/programok/st/truestudio for stm32 9.0.0/armtools/bin/../lib/gcc/arm-atollic-eabi/6.3.1/../../../../arm-atollic-eabi/lib/armv7e-m/fpu\libc_nano.a(lib_a-nano-mallocr.o)
                0x2001846c                __malloc_sbrk_start
 *(COMMON)
 COMMON         0x20018470        0x4 Drivers\STM32F4xx_HAL_Driver\Src\stm32f4xx_hal.o
                0x20018470                uwTick
 COMMON         0x20018474     0x2ee0 Src\App\appLcdSpeedTest.o
                0x20018474                bitmap
 COMMON         0x2001b354        0xc Src\Lcd\stm32_adafruit_lcd.o
                0x2001b354                DrawProp
 COMMON         0x2001b360       0x70 Src\main.o
                0x2001b360                hsram1
                0x2001b3b0                hrtc
 COMMON         0x2001b3d0       0x3c Src\stm32f4xx_hal_timebase_TIM.o
                0x2001b3d0                htim6
 COMMON         0x2001b40c        0x4 c:/programok/st/truestudio for stm32 9.0.0/armtools/bin/../lib/gcc/arm-atollic-eabi/6.3.1/../../../../arm-atollic-eabi/lib/armv7e-m/fpu\libc_nano.a(lib_a-reent.o)
                0x2001b40c                errno
                0x2001b410                . = ALIGN (0x4)
                0x2001b410                _ebss = .
                0x2001b410                __bss_end__ = _ebss

._user_heap_stack
                0x2001b410      0xa00
                0x2001b410                . = ALIGN (0x4)
                0x2001b410                PROVIDE (end, .)
                [!provide]                PROVIDE (_end, .)
                0x2001b610                . = (. + _Min_Heap_Size)
 *fill*         0x2001b410      0x200 
                0x2001be10                . = (. + _Min_Stack_Size)
 *fill*         0x2001b610      0x800 
                0x2001be10                . = ALIGN (0x4)

/DISCARD/
 libc.a(*)
 libm.a(*)
 libgcc.a(*)

.ARM.attributes
                0x00000000       0x30
 *(.ARM.attributes)
 .ARM.attributes
                0x00000000       0x22 c:/programok/st/truestudio for stm32 9.0.0/armtools/bin/../lib/gcc/arm-atollic-eabi/6.3.1/armv7e-m/fpu/crti.o
 .ARM.attributes
                0x00000022       0x34 c:/programok/st/truestudio for stm32 9.0.0/armtools/bin/../lib/gcc/arm-atollic-eabi/6.3.1/armv7e-m/fpu/crtbegin.o
 .ARM.attributes
                0x00000056       0x39 Drivers\STM32F4xx_HAL_Driver\Src\stm32f4xx_hal.o
 .ARM.attributes
                0x0000008f       0x39 Drivers\STM32F4xx_HAL_Driver\Src\stm32f4xx_hal_cortex.o
 .ARM.attributes
                0x000000c8       0x39 Drivers\STM32F4xx_HAL_Driver\Src\stm32f4xx_hal_gpio.o
 .ARM.attributes
                0x00000101       0x39 Drivers\STM32F4xx_HAL_Driver\Src\stm32f4xx_hal_rcc.o
 .ARM.attributes
                0x0000013a       0x39 Drivers\STM32F4xx_HAL_Driver\Src\stm32f4xx_hal_rcc_ex.o
 .ARM.attributes
                0x00000173       0x39 Drivers\STM32F4xx_HAL_Driver\Src\stm32f4xx_hal_rtc.o
 .ARM.attributes
                0x000001ac       0x39 Drivers\STM32F4xx_HAL_Driver\Src\stm32f4xx_hal_sram.o
 .ARM.attributes
                0x000001e5       0x39 Drivers\STM32F4xx_HAL_Driver\Src\stm32f4xx_hal_tim.o
 .ARM.attributes
                0x0000021e       0x39 Drivers\STM32F4xx_HAL_Driver\Src\stm32f4xx_hal_tim_ex.o
 .ARM.attributes
                0x00000257       0x39 Drivers\STM32F4xx_HAL_Driver\Src\stm32f4xx_ll_fsmc.o
 .ARM.attributes
                0x00000290       0x39 Src\App\appLcdSpeedTest.o
 .ARM.attributes
                0x000002c9       0x39 Src\App\beer_60x100_16.o
 .ARM.attributes
                0x00000302       0x39 Src\Lcd\Fonts\font12.o
 .ARM.attributes
                0x0000033b       0x39 Src\Lcd\Fonts\font16.o
 .ARM.attributes
                0x00000374       0x39 Src\Lcd\Fonts\font20.o
 .ARM.attributes
                0x000003ad       0x39 Src\Lcd\Fonts\font24.o
 .ARM.attributes
                0x000003e6       0x39 Src\Lcd\Fonts\font8.o
 .ARM.attributes
                0x0000041f       0x39 Src\Lcd\ili9325.o
 .ARM.attributes
                0x00000458       0x39 Src\Lcd\lcdts_io8p_fsmc.o
 .ARM.attributes
                0x00000491       0x39 Src\Lcd\stm32_adafruit_lcd.o
 .ARM.attributes
                0x000004ca       0x39 Src\main.o
 .ARM.attributes
                0x00000503       0x39 Src\stm32f4xx_hal_msp.o
 .ARM.attributes
                0x0000053c       0x39 Src\stm32f4xx_hal_timebase_TIM.o
 .ARM.attributes
                0x00000575       0x39 Src\stm32f4xx_it.o
 .ARM.attributes
                0x000005ae       0x39 Src\syscalls.o
 .ARM.attributes
                0x000005e7       0x39 Src\system_stm32f4xx.o
 .ARM.attributes
                0x00000620       0x21 startup\startup_stm32f407xx.o
 .ARM.attributes
                0x00000641       0x34 c:/programok/st/truestudio for stm32 9.0.0/armtools/bin/../lib/gcc/arm-atollic-eabi/6.3.1/../../../../arm-atollic-eabi/lib/armv7e-m/fpu\libc_nano.a(lib_a-impure.o)
 .ARM.attributes
                0x00000675       0x34 c:/programok/st/truestudio for stm32 9.0.0/armtools/bin/../lib/gcc/arm-atollic-eabi/6.3.1/../../../../arm-atollic-eabi/lib/armv7e-m/fpu\libc_nano.a(lib_a-init.o)
 .ARM.attributes
                0x000006a9       0x34 c:/programok/st/truestudio for stm32 9.0.0/armtools/bin/../lib/gcc/arm-atollic-eabi/6.3.1/../../../../arm-atollic-eabi/lib/armv7e-m/fpu\libc_nano.a(lib_a-printf.o)
 .ARM.attributes
                0x000006dd       0x34 c:/programok/st/truestudio for stm32 9.0.0/armtools/bin/../lib/gcc/arm-atollic-eabi/6.3.1/../../../../arm-atollic-eabi/lib/armv7e-m/fpu\libc_nano.a(lib_a-puts.o)
 .ARM.attributes
                0x00000711       0x34 c:/programok/st/truestudio for stm32 9.0.0/armtools/bin/../lib/gcc/arm-atollic-eabi/6.3.1/../../../../arm-atollic-eabi/lib/armv7e-m/fpu\libc_nano.a(lib_a-random.o)
 .ARM.attributes
                0x00000745       0x34 c:/programok/st/truestudio for stm32 9.0.0/armtools/bin/../lib/gcc/arm-atollic-eabi/6.3.1/../../../../arm-atollic-eabi/lib/armv7e-m/fpu\libc_nano.a(lib_a-reent.o)
 .ARM.attributes
                0x00000779       0x34 c:/programok/st/truestudio for stm32 9.0.0/armtools/bin/../lib/gcc/arm-atollic-eabi/6.3.1/../../../../arm-atollic-eabi/lib/armv7e-m/fpu\libc_nano.a(lib_a-wbuf.o)
 .ARM.attributes
                0x000007ad       0x34 c:/programok/st/truestudio for stm32 9.0.0/armtools/bin/../lib/gcc/arm-atollic-eabi/6.3.1/../../../../arm-atollic-eabi/lib/armv7e-m/fpu\libc_nano.a(lib_a-wsetup.o)
 .ARM.attributes
                0x000007e1       0x34 c:/programok/st/truestudio for stm32 9.0.0/armtools/bin/../lib/gcc/arm-atollic-eabi/6.3.1/../../../../arm-atollic-eabi/lib/armv7e-m/fpu\libc_nano.a(lib_a-fflush.o)
 .ARM.attributes
                0x00000815       0x34 c:/programok/st/truestudio for stm32 9.0.0/armtools/bin/../lib/gcc/arm-atollic-eabi/6.3.1/../../../../arm-atollic-eabi/lib/armv7e-m/fpu\libc_nano.a(lib_a-findfp.o)
 .ARM.attributes
                0x00000849       0x34 c:/programok/st/truestudio for stm32 9.0.0/armtools/bin/../lib/gcc/arm-atollic-eabi/6.3.1/../../../../arm-atollic-eabi/lib/armv7e-m/fpu\libc_nano.a(lib_a-fwalk.o)
 .ARM.attributes
                0x0000087d       0x34 c:/programok/st/truestudio for stm32 9.0.0/armtools/bin/../lib/gcc/arm-atollic-eabi/6.3.1/../../../../arm-atollic-eabi/lib/armv7e-m/fpu\libc_nano.a(lib_a-makebuf.o)
 .ARM.attributes
                0x000008b1       0x34 c:/programok/st/truestudio for stm32 9.0.0/armtools/bin/../lib/gcc/arm-atollic-eabi/6.3.1/../../../../arm-atollic-eabi/lib/armv7e-m/fpu\libc_nano.a(lib_a-malloc.o)
 .ARM.attributes
                0x000008e5       0x34 c:/programok/st/truestudio for stm32 9.0.0/armtools/bin/../lib/gcc/arm-atollic-eabi/6.3.1/../../../../arm-atollic-eabi/lib/armv7e-m/fpu\libc_nano.a(lib_a-memset.o)
 .ARM.attributes
                0x00000919       0x34 c:/programok/st/truestudio for stm32 9.0.0/armtools/bin/../lib/gcc/arm-atollic-eabi/6.3.1/../../../../arm-atollic-eabi/lib/armv7e-m/fpu\libc_nano.a(lib_a-nano-freer.o)
 .ARM.attributes
                0x0000094d       0x34 c:/programok/st/truestudio for stm32 9.0.0/armtools/bin/../lib/gcc/arm-atollic-eabi/6.3.1/../../../../arm-atollic-eabi/lib/armv7e-m/fpu\libc_nano.a(lib_a-nano-mallocr.o)
 .ARM.attributes
                0x00000981       0x34 c:/programok/st/truestudio for stm32 9.0.0/armtools/bin/../lib/gcc/arm-atollic-eabi/6.3.1/../../../../arm-atollic-eabi/lib/armv7e-m/fpu\libc_nano.a(lib_a-nano-vfprintf.o)
 .ARM.attributes
                0x000009b5       0x34 c:/programok/st/truestudio for stm32 9.0.0/armtools/bin/../lib/gcc/arm-atollic-eabi/6.3.1/../../../../arm-atollic-eabi/lib/armv7e-m/fpu\libc_nano.a(lib_a-nano-vfprintf_i.o)
 .ARM.attributes
                0x000009e9       0x34 c:/programok/st/truestudio for stm32 9.0.0/armtools/bin/../lib/gcc/arm-atollic-eabi/6.3.1/../../../../arm-atollic-eabi/lib/armv7e-m/fpu\libc_nano.a(lib_a-sbrkr.o)
 .ARM.attributes
                0x00000a1d       0x34 c:/programok/st/truestudio for stm32 9.0.0/armtools/bin/../lib/gcc/arm-atollic-eabi/6.3.1/../../../../arm-atollic-eabi/lib/armv7e-m/fpu\libc_nano.a(lib_a-stdio.o)
 .ARM.attributes
                0x00000a51       0x34 c:/programok/st/truestudio for stm32 9.0.0/armtools/bin/../lib/gcc/arm-atollic-eabi/6.3.1/../../../../arm-atollic-eabi/lib/armv7e-m/fpu\libc_nano.a(lib_a-writer.o)
 .ARM.attributes
                0x00000a85       0x34 c:/programok/st/truestudio for stm32 9.0.0/armtools/bin/../lib/gcc/arm-atollic-eabi/6.3.1/../../../../arm-atollic-eabi/lib/armv7e-m/fpu\libc_nano.a(lib_a-closer.o)
 .ARM.attributes
                0x00000ab9       0x34 c:/programok/st/truestudio for stm32 9.0.0/armtools/bin/../lib/gcc/arm-atollic-eabi/6.3.1/../../../../arm-atollic-eabi/lib/armv7e-m/fpu\libc_nano.a(lib_a-fstatr.o)
 .ARM.attributes
                0x00000aed       0x34 c:/programok/st/truestudio for stm32 9.0.0/armtools/bin/../lib/gcc/arm-atollic-eabi/6.3.1/../../../../arm-atollic-eabi/lib/armv7e-m/fpu\libc_nano.a(lib_a-isattyr.o)
 .ARM.attributes
                0x00000b21       0x34 c:/programok/st/truestudio for stm32 9.0.0/armtools/bin/../lib/gcc/arm-atollic-eabi/6.3.1/../../../../arm-atollic-eabi/lib/armv7e-m/fpu\libc_nano.a(lib_a-lseekr.o)
 .ARM.attributes
                0x00000b55       0x20 c:/programok/st/truestudio for stm32 9.0.0/armtools/bin/../lib/gcc/arm-atollic-eabi/6.3.1/../../../../arm-atollic-eabi/lib/armv7e-m/fpu\libc_nano.a(lib_a-memchr.o)
 .ARM.attributes
                0x00000b75       0x34 c:/programok/st/truestudio for stm32 9.0.0/armtools/bin/../lib/gcc/arm-atollic-eabi/6.3.1/../../../../arm-atollic-eabi/lib/armv7e-m/fpu\libc_nano.a(lib_a-mlock.o)
 .ARM.attributes
                0x00000ba9       0x34 c:/programok/st/truestudio for stm32 9.0.0/armtools/bin/../lib/gcc/arm-atollic-eabi/6.3.1/../../../../arm-atollic-eabi/lib/armv7e-m/fpu\libc_nano.a(lib_a-readr.o)
 .ARM.attributes
                0x00000bdd       0x22 c:/programok/st/truestudio for stm32 9.0.0/armtools/bin/../lib/gcc/arm-atollic-eabi/6.3.1/armv7e-m/fpu\libgcc.a(_aeabi_uldivmod.o)
 .ARM.attributes
                0x00000bff       0x34 c:/programok/st/truestudio for stm32 9.0.0/armtools/bin/../lib/gcc/arm-atollic-eabi/6.3.1/armv7e-m/fpu\libgcc.a(_udivmoddi4.o)
 .ARM.attributes
                0x00000c33       0x22 c:/programok/st/truestudio for stm32 9.0.0/armtools/bin/../lib/gcc/arm-atollic-eabi/6.3.1/armv7e-m/fpu\libgcc.a(_dvmd_tls.o)
 .ARM.attributes
                0x00000c55       0x22 c:/programok/st/truestudio for stm32 9.0.0/armtools/bin/../lib/gcc/arm-atollic-eabi/6.3.1/armv7e-m/fpu/crtn.o
OUTPUT(f407vet_app_fsmc.elf elf32-littlearm)

.debug_info     0x00000000    0x1d6b2
 .debug_info    0x00000000     0x11c8 Drivers\STM32F4xx_HAL_Driver\Src\stm32f4xx_hal.o
 .debug_info    0x000011c8     0x1746 Drivers\STM32F4xx_HAL_Driver\Src\stm32f4xx_hal_cortex.o
 .debug_info    0x0000290e      0xf83 Drivers\STM32F4xx_HAL_Driver\Src\stm32f4xx_hal_gpio.o
 .debug_info    0x00003891     0x124b Drivers\STM32F4xx_HAL_Driver\Src\stm32f4xx_hal_rcc.o
 .debug_info    0x00004adc      0xe7f Drivers\STM32F4xx_HAL_Driver\Src\stm32f4xx_hal_rcc_ex.o
 .debug_info    0x0000595b     0x1640 Drivers\STM32F4xx_HAL_Driver\Src\stm32f4xx_hal_rtc.o
 .debug_info    0x00006f9b     0x13cc Drivers\STM32F4xx_HAL_Driver\Src\stm32f4xx_hal_sram.o
 .debug_info    0x00008367     0x3670 Drivers\STM32F4xx_HAL_Driver\Src\stm32f4xx_hal_tim.o
 .debug_info    0x0000b9d7     0x1b12 Drivers\STM32F4xx_HAL_Driver\Src\stm32f4xx_hal_tim_ex.o
 .debug_info    0x0000d4e9     0x12ad Drivers\STM32F4xx_HAL_Driver\Src\stm32f4xx_ll_fsmc.o
 .debug_info    0x0000e796     0x1ec7 Src\App\appLcdSpeedTest.o
 .debug_info    0x0001065d      0x1e8 Src\App\beer_60x100_16.o
 .debug_info    0x00010845      0x14a Src\Lcd\Fonts\font12.o
 .debug_info    0x0001098f      0x14a Src\Lcd\Fonts\font16.o
 .debug_info    0x00010ad9      0x14a Src\Lcd\Fonts\font20.o
 .debug_info    0x00010c23      0x14a Src\Lcd\Fonts\font24.o
 .debug_info    0x00010d6d      0x14a Src\Lcd\Fonts\font8.o
 .debug_info    0x00010eb7     0x2533 Src\Lcd\ili9325.o
 .debug_info    0x000133ea     0x128f Src\Lcd\lcdts_io8p_fsmc.o
 .debug_info    0x00014679     0x1769 Src\Lcd\stm32_adafruit_lcd.o
 .debug_info    0x00015de2     0x1cf1 Src\main.o
 .debug_info    0x00017ad3     0x1852 Src\stm32f4xx_hal_msp.o
 .debug_info    0x00019325     0x13c1 Src\stm32f4xx_hal_timebase_TIM.o
 .debug_info    0x0001a6e6      0xed0 Src\stm32f4xx_it.o
 .debug_info    0x0001b5b6     0x135c Src\syscalls.o
 .debug_info    0x0001c912      0xd1c Src\system_stm32f4xx.o
 .debug_info    0x0001d62e       0x84 startup\startup_stm32f407xx.o

.debug_abbrev   0x00000000     0x3730
 .debug_abbrev  0x00000000      0x2a8 Drivers\STM32F4xx_HAL_Driver\Src\stm32f4xx_hal.o
 .debug_abbrev  0x000002a8      0x3a8 Drivers\STM32F4xx_HAL_Driver\Src\stm32f4xx_hal_cortex.o
 .debug_abbrev  0x00000650      0x26a Drivers\STM32F4xx_HAL_Driver\Src\stm32f4xx_hal_gpio.o
 .debug_abbrev  0x000008ba      0x2f6 Drivers\STM32F4xx_HAL_Driver\Src\stm32f4xx_hal_rcc.o
 .debug_abbrev  0x00000bb0      0x23e Drivers\STM32F4xx_HAL_Driver\Src\stm32f4xx_hal_rcc_ex.o
 .debug_abbrev  0x00000dee      0x28b Drivers\STM32F4xx_HAL_Driver\Src\stm32f4xx_hal_rtc.o
 .debug_abbrev  0x00001079      0x262 Drivers\STM32F4xx_HAL_Driver\Src\stm32f4xx_hal_sram.o
 .debug_abbrev  0x000012db      0x2a1 Drivers\STM32F4xx_HAL_Driver\Src\stm32f4xx_hal_tim.o
 .debug_abbrev  0x0000157c      0x2a1 Drivers\STM32F4xx_HAL_Driver\Src\stm32f4xx_hal_tim_ex.o
 .debug_abbrev  0x0000181d      0x23c Drivers\STM32F4xx_HAL_Driver\Src\stm32f4xx_ll_fsmc.o
 .debug_abbrev  0x00001a59      0x304 Src\App\appLcdSpeedTest.o
 .debug_abbrev  0x00001d5d       0x79 Src\App\beer_60x100_16.o
 .debug_abbrev  0x00001dd6       0xa2 Src\Lcd\Fonts\font12.o
 .debug_abbrev  0x00001e78       0xa2 Src\Lcd\Fonts\font16.o
 .debug_abbrev  0x00001f1a       0xa2 Src\Lcd\Fonts\font20.o
 .debug_abbrev  0x00001fbc       0xa2 Src\Lcd\Fonts\font24.o
 .debug_abbrev  0x0000205e       0xa2 Src\Lcd\Fonts\font8.o
 .debug_abbrev  0x00002100      0x2d4 Src\Lcd\ili9325.o
 .debug_abbrev  0x000023d4      0x266 Src\Lcd\lcdts_io8p_fsmc.o
 .debug_abbrev  0x0000263a      0x2e1 Src\Lcd\stm32_adafruit_lcd.o
 .debug_abbrev  0x0000291b      0x2a8 Src\main.o
 .debug_abbrev  0x00002bc3      0x249 Src\stm32f4xx_hal_msp.o
 .debug_abbrev  0x00002e0c      0x25a Src\stm32f4xx_hal_timebase_TIM.o
 .debug_abbrev  0x00003066      0x1e2 Src\stm32f4xx_it.o
 .debug_abbrev  0x00003248      0x30c Src\syscalls.o
 .debug_abbrev  0x00003554      0x1ca Src\system_stm32f4xx.o
 .debug_abbrev  0x0000371e       0x12 startup\startup_stm32f407xx.o

.debug_loc      0x00000000     0xac01
 .debug_loc     0x00000000      0x108 Drivers\STM32F4xx_HAL_Driver\Src\stm32f4xx_hal.o
 .debug_loc     0x00000108      0x5ce Drivers\STM32F4xx_HAL_Driver\Src\stm32f4xx_hal_cortex.o
 .debug_loc     0x000006d6      0x3fd Drivers\STM32F4xx_HAL_Driver\Src\stm32f4xx_hal_gpio.o
 .debug_loc     0x00000ad3      0x3e6 Drivers\STM32F4xx_HAL_Driver\Src\stm32f4xx_hal_rcc.o
 .debug_loc     0x00000eb9      0x2fb Drivers\STM32F4xx_HAL_Driver\Src\stm32f4xx_hal_rcc_ex.o
 .debug_loc     0x000011b4      0xb2f Drivers\STM32F4xx_HAL_Driver\Src\stm32f4xx_hal_rtc.o
 .debug_loc     0x00001ce3      0x7c3 Drivers\STM32F4xx_HAL_Driver\Src\stm32f4xx_hal_sram.o
 .debug_loc     0x000024a6     0x34bc Drivers\STM32F4xx_HAL_Driver\Src\stm32f4xx_hal_tim.o
 .debug_loc     0x00005962      0xe78 Drivers\STM32F4xx_HAL_Driver\Src\stm32f4xx_hal_tim_ex.o
 .debug_loc     0x000067da      0x6ab Drivers\STM32F4xx_HAL_Driver\Src\stm32f4xx_ll_fsmc.o
 .debug_loc     0x00006e85      0xa5d Src\App\appLcdSpeedTest.o
 .debug_loc     0x000078e2      0xa58 Src\Lcd\ili9325.o
 .debug_loc     0x0000833a      0x738 Src\Lcd\lcdts_io8p_fsmc.o
 .debug_loc     0x00008a72     0x1bc5 Src\Lcd\stm32_adafruit_lcd.o
 .debug_loc     0x0000a637       0x3a Src\main.o
 .debug_loc     0x0000a671       0x42 Src\stm32f4xx_hal_msp.o
 .debug_loc     0x0000a6b3       0x6a Src\stm32f4xx_hal_timebase_TIM.o
 .debug_loc     0x0000a71d      0x3a6 Src\syscalls.o
 .debug_loc     0x0000aac3      0x13e Src\system_stm32f4xx.o

.debug_aranges  0x00000000      0xf78
 .debug_aranges
                0x00000000       0xe0 Drivers\STM32F4xx_HAL_Driver\Src\stm32f4xx_hal.o
 .debug_aranges
                0x000000e0       0xa8 Drivers\STM32F4xx_HAL_Driver\Src\stm32f4xx_hal_cortex.o
 .debug_aranges
                0x00000188       0x58 Drivers\STM32F4xx_HAL_Driver\Src\stm32f4xx_hal_gpio.o
 .debug_aranges
                0x000001e0       0x88 Drivers\STM32F4xx_HAL_Driver\Src\stm32f4xx_hal_rcc.o
 .debug_aranges
                0x00000268       0x48 Drivers\STM32F4xx_HAL_Driver\Src\stm32f4xx_hal_rcc_ex.o
 .debug_aranges
                0x000002b0       0xb8 Drivers\STM32F4xx_HAL_Driver\Src\stm32f4xx_hal_rtc.o
 .debug_aranges
                0x00000368       0xa0 Drivers\STM32F4xx_HAL_Driver\Src\stm32f4xx_hal_sram.o
 .debug_aranges
                0x00000408      0x368 Drivers\STM32F4xx_HAL_Driver\Src\stm32f4xx_hal_tim.o
 .debug_aranges
                0x00000770      0x140 Drivers\STM32F4xx_HAL_Driver\Src\stm32f4xx_hal_tim_ex.o
 .debug_aranges
                0x000008b0       0xa8 Drivers\STM32F4xx_HAL_Driver\Src\stm32f4xx_ll_fsmc.o
 .debug_aranges
                0x00000958       0x78 Src\App\appLcdSpeedTest.o
 .debug_aranges
                0x000009d0       0x18 Src\App\beer_60x100_16.o
 .debug_aranges
                0x000009e8       0x18 Src\Lcd\Fonts\font12.o
 .debug_aranges
                0x00000a00       0x18 Src\Lcd\Fonts\font16.o
 .debug_aranges
                0x00000a18       0x18 Src\Lcd\Fonts\font20.o
 .debug_aranges
                0x00000a30       0x18 Src\Lcd\Fonts\font24.o
 .debug_aranges
                0x00000a48       0x18 Src\Lcd\Fonts\font8.o
 .debug_aranges
                0x00000a60       0xb0 Src\Lcd\ili9325.o
 .debug_aranges
                0x00000b10       0xe0 Src\Lcd\lcdts_io8p_fsmc.o
 .debug_aranges
                0x00000bf0      0x138 Src\Lcd\stm32_adafruit_lcd.o
 .debug_aranges
                0x00000d28       0x50 Src\main.o
 .debug_aranges
                0x00000d78       0x50 Src\stm32f4xx_hal_msp.o
 .debug_aranges
                0x00000dc8       0x30 Src\stm32f4xx_hal_timebase_TIM.o
 .debug_aranges
                0x00000df8       0x68 Src\stm32f4xx_it.o
 .debug_aranges
                0x00000e60       0xc8 Src\syscalls.o
 .debug_aranges
                0x00000f28       0x28 Src\system_stm32f4xx.o
 .debug_aranges
                0x00000f50       0x28 startup\startup_stm32f407xx.o

.debug_ranges   0x00000000      0xe60
 .debug_ranges  0x00000000       0xd0 Drivers\STM32F4xx_HAL_Driver\Src\stm32f4xx_hal.o
 .debug_ranges  0x000000d0       0xf8 Drivers\STM32F4xx_HAL_Driver\Src\stm32f4xx_hal_cortex.o
 .debug_ranges  0x000001c8       0x48 Drivers\STM32F4xx_HAL_Driver\Src\stm32f4xx_hal_gpio.o
 .debug_ranges  0x00000210       0x90 Drivers\STM32F4xx_HAL_Driver\Src\stm32f4xx_hal_rcc.o
 .debug_ranges  0x000002a0       0x38 Drivers\STM32F4xx_HAL_Driver\Src\stm32f4xx_hal_rcc_ex.o
 .debug_ranges  0x000002d8       0xa8 Drivers\STM32F4xx_HAL_Driver\Src\stm32f4xx_hal_rtc.o
 .debug_ranges  0x00000380       0x90 Drivers\STM32F4xx_HAL_Driver\Src\stm32f4xx_hal_sram.o
 .debug_ranges  0x00000410      0x358 Drivers\STM32F4xx_HAL_Driver\Src\stm32f4xx_hal_tim.o
 .debug_ranges  0x00000768      0x130 Drivers\STM32F4xx_HAL_Driver\Src\stm32f4xx_hal_tim_ex.o
 .debug_ranges  0x00000898       0x98 Drivers\STM32F4xx_HAL_Driver\Src\stm32f4xx_ll_fsmc.o
 .debug_ranges  0x00000930       0x98 Src\App\appLcdSpeedTest.o
 .debug_ranges  0x000009c8       0xa0 Src\Lcd\ili9325.o
 .debug_ranges  0x00000a68       0xd0 Src\Lcd\lcdts_io8p_fsmc.o
 .debug_ranges  0x00000b38      0x128 Src\Lcd\stm32_adafruit_lcd.o
 .debug_ranges  0x00000c60       0x40 Src\main.o
 .debug_ranges  0x00000ca0       0x40 Src\stm32f4xx_hal_msp.o
 .debug_ranges  0x00000ce0       0x20 Src\stm32f4xx_hal_timebase_TIM.o
 .debug_ranges  0x00000d00       0x58 Src\stm32f4xx_it.o
 .debug_ranges  0x00000d58       0xd0 Src\syscalls.o
 .debug_ranges  0x00000e28       0x18 Src\system_stm32f4xx.o
 .debug_ranges  0x00000e40       0x20 startup\startup_stm32f407xx.o

.debug_line     0x00000000     0x7654
 .debug_line    0x00000000      0x46e Drivers\STM32F4xx_HAL_Driver\Src\stm32f4xx_hal.o
 .debug_line    0x0000046e      0x48f Drivers\STM32F4xx_HAL_Driver\Src\stm32f4xx_hal_cortex.o
 .debug_line    0x000008fd      0x409 Drivers\STM32F4xx_HAL_Driver\Src\stm32f4xx_hal_gpio.o
 .debug_line    0x00000d06      0x529 Drivers\STM32F4xx_HAL_Driver\Src\stm32f4xx_hal_rcc.o
 .debug_line    0x0000122f      0x3af Drivers\STM32F4xx_HAL_Driver\Src\stm32f4xx_hal_rcc_ex.o
 .debug_line    0x000015de      0x676 Drivers\STM32F4xx_HAL_Driver\Src\stm32f4xx_hal_rtc.o
 .debug_line    0x00001c54      0x572 Drivers\STM32F4xx_HAL_Driver\Src\stm32f4xx_hal_sram.o
 .debug_line    0x000021c6     0x13da Drivers\STM32F4xx_HAL_Driver\Src\stm32f4xx_hal_tim.o
 .debug_line    0x000035a0      0x865 Drivers\STM32F4xx_HAL_Driver\Src\stm32f4xx_hal_tim_ex.o
 .debug_line    0x00003e05      0x4ed Drivers\STM32F4xx_HAL_Driver\Src\stm32f4xx_ll_fsmc.o
 .debug_line    0x000042f2      0x7f2 Src\App\appLcdSpeedTest.o
 .debug_line    0x00004ae4      0x14c Src\App\beer_60x100_16.o
 .debug_line    0x00004c30      0x10c Src\Lcd\Fonts\font12.o
 .debug_line    0x00004d3c      0x10c Src\Lcd\Fonts\font16.o
 .debug_line    0x00004e48      0x10c Src\Lcd\Fonts\font20.o
 .debug_line    0x00004f54      0x10c Src\Lcd\Fonts\font24.o
 .debug_line    0x00005060      0x10b Src\Lcd\Fonts\font8.o
 .debug_line    0x0000516b      0x537 Src\Lcd\ili9325.o
 .debug_line    0x000056a2      0x5c4 Src\Lcd\lcdts_io8p_fsmc.o
 .debug_line    0x00005c66      0x586 Src\Lcd\stm32_adafruit_lcd.o
 .debug_line    0x000061ec      0x3cc Src\main.o
 .debug_line    0x000065b8      0x37a Src\stm32f4xx_hal_msp.o
 .debug_line    0x00006932      0x2e9 Src\stm32f4xx_hal_timebase_TIM.o
 .debug_line    0x00006c1b      0x325 Src\stm32f4xx_it.o
 .debug_line    0x00006f40      0x450 Src\syscalls.o
 .debug_line    0x00007390      0x245 Src\system_stm32f4xx.o
 .debug_line    0x000075d5       0x7f startup\startup_stm32f407xx.o

.debug_str      0x00000000     0x4c52
 .debug_str     0x00000000      0xf05 Drivers\STM32F4xx_HAL_Driver\Src\stm32f4xx_hal.o
                                0xfc6 (size before relaxing)
 .debug_str     0x00000f05      0x3ca Drivers\STM32F4xx_HAL_Driver\Src\stm32f4xx_hal_cortex.o
                               0x109d (size before relaxing)
 .debug_str     0x000012cf      0x1d7 Drivers\STM32F4xx_HAL_Driver\Src\stm32f4xx_hal_gpio.o
                                0x973 (size before relaxing)
 .debug_str     0x000014a6      0x2e9 Drivers\STM32F4xx_HAL_Driver\Src\stm32f4xx_hal_rcc.o
                                0xb46 (size before relaxing)
 .debug_str     0x0000178f      0x179 Drivers\STM32F4xx_HAL_Driver\Src\stm32f4xx_hal_rcc_ex.o
                                0x93f (size before relaxing)
 .debug_str     0x00001908      0x4e6 Drivers\STM32F4xx_HAL_Driver\Src\stm32f4xx_hal_rtc.o
                                0xbc8 (size before relaxing)
 .debug_str     0x00001dee      0x68b Drivers\STM32F4xx_HAL_Driver\Src\stm32f4xx_hal_sram.o
                                0xdaf (size before relaxing)
 .debug_str     0x00002479      0xefb Drivers\STM32F4xx_HAL_Driver\Src\stm32f4xx_hal_tim.o
                               0x1838 (size before relaxing)
 .debug_str     0x00003374      0x50d Drivers\STM32F4xx_HAL_Driver\Src\stm32f4xx_hal_tim_ex.o
                               0x10f8 (size before relaxing)
 .debug_str     0x00003881      0x2a9 Drivers\STM32F4xx_HAL_Driver\Src\stm32f4xx_ll_fsmc.o
                                0xbc9 (size before relaxing)
 .debug_str     0x00003b2a      0x3d3 Src\App\appLcdSpeedTest.o
                                0xb45 (size before relaxing)
 .debug_str     0x00003efd       0x1c Src\App\beer_60x100_16.o
                                0x317 (size before relaxing)
 .debug_str     0x00003f19       0x27 Src\Lcd\Fonts\font12.o
                                0x222 (size before relaxing)
 .debug_str     0x00003f40       0x27 Src\Lcd\Fonts\font16.o
                                0x222 (size before relaxing)
 .debug_str     0x00003f67       0x27 Src\Lcd\Fonts\font20.o
                                0x222 (size before relaxing)
 .debug_str     0x00003f8e       0x27 Src\Lcd\Fonts\font24.o
                                0x222 (size before relaxing)
 .debug_str     0x00003fb5       0x25 Src\Lcd\Fonts\font8.o
                                0x220 (size before relaxing)
 .debug_str     0x00003fda      0x30d Src\Lcd\ili9325.o
                                0xa71 (size before relaxing)
 .debug_str     0x000042e7      0x194 Src\Lcd\lcdts_io8p_fsmc.o
                                0xa3c (size before relaxing)
 .debug_str     0x0000447b      0x2cd Src\Lcd\stm32_adafruit_lcd.o
                                0x7be (size before relaxing)
 .debug_str     0x00004748       0x76 Src\main.o
                               0x1765 (size before relaxing)
 .debug_str     0x000047be       0x63 Src\stm32f4xx_hal_msp.o
                               0x1395 (size before relaxing)
 .debug_str     0x00004821       0x61 Src\stm32f4xx_hal_timebase_TIM.o
                               0x11dd (size before relaxing)
 .debug_str     0x00004882       0xba Src\stm32f4xx_it.o
                                0xb28 (size before relaxing)
 .debug_str     0x0000493c      0x2d1 Src\syscalls.o
                                0x9ed (size before relaxing)
 .debug_str     0x00004c0d       0x45 Src\system_stm32f4xx.o
                                0x7d7 (size before relaxing)

.comment        0x00000000       0x7c
 .comment       0x00000000       0x7c Drivers\STM32F4xx_HAL_Driver\Src\stm32f4xx_hal.o
                                 0x7d (size before relaxing)
 .comment       0x0000007c       0x7d Drivers\STM32F4xx_HAL_Driver\Src\stm32f4xx_hal_cortex.o
 .comment       0x0000007c       0x7d Drivers\STM32F4xx_HAL_Driver\Src\stm32f4xx_hal_gpio.o
 .comment       0x0000007c       0x7d Drivers\STM32F4xx_HAL_Driver\Src\stm32f4xx_hal_rcc.o
 .comment       0x0000007c       0x7d Drivers\STM32F4xx_HAL_Driver\Src\stm32f4xx_hal_rcc_ex.o
 .comment       0x0000007c       0x7d Drivers\STM32F4xx_HAL_Driver\Src\stm32f4xx_hal_rtc.o
 .comment       0x0000007c       0x7d Drivers\STM32F4xx_HAL_Driver\Src\stm32f4xx_hal_sram.o
 .comment       0x0000007c       0x7d Drivers\STM32F4xx_HAL_Driver\Src\stm32f4xx_hal_tim.o
 .comment       0x0000007c       0x7d Drivers\STM32F4xx_HAL_Driver\Src\stm32f4xx_hal_tim_ex.o
 .comment       0x0000007c       0x7d Drivers\STM32F4xx_HAL_Driver\Src\stm32f4xx_ll_fsmc.o
 .comment       0x0000007c       0x7d Src\App\appLcdSpeedTest.o
 .comment       0x0000007c       0x7d Src\App\beer_60x100_16.o
 .comment       0x0000007c       0x7d Src\Lcd\Fonts\font12.o
 .comment       0x0000007c       0x7d Src\Lcd\Fonts\font16.o
 .comment       0x0000007c       0x7d Src\Lcd\Fonts\font20.o
 .comment       0x0000007c       0x7d Src\Lcd\Fonts\font24.o
 .comment       0x0000007c       0x7d Src\Lcd\Fonts\font8.o
 .comment       0x0000007c       0x7d Src\Lcd\ili9325.o
 .comment       0x0000007c       0x7d Src\Lcd\lcdts_io8p_fsmc.o
 .comment       0x0000007c       0x7d Src\Lcd\stm32_adafruit_lcd.o
 .comment       0x0000007c       0x7d Src\main.o
 .comment       0x0000007c       0x7d Src\stm32f4xx_hal_msp.o
 .comment       0x0000007c       0x7d Src\stm32f4xx_hal_timebase_TIM.o
 .comment       0x0000007c       0x7d Src\stm32f4xx_it.o
 .comment       0x0000007c       0x7d Src\syscalls.o
 .comment       0x0000007c       0x7d Src\system_stm32f4xx.o

.debug_frame    0x00000000     0x2ff0
 .debug_frame   0x00000000      0x1cc Drivers\STM32F4xx_HAL_Driver\Src\stm32f4xx_hal.o
 .debug_frame   0x000001cc      0x15c Drivers\STM32F4xx_HAL_Driver\Src\stm32f4xx_hal_cortex.o
 .debug_frame   0x00000328       0xd0 Drivers\STM32F4xx_HAL_Driver\Src\stm32f4xx_hal_gpio.o
 .debug_frame   0x000003f8      0x174 Drivers\STM32F4xx_HAL_Driver\Src\stm32f4xx_hal_rcc.o
 .debug_frame   0x0000056c       0xa4 Drivers\STM32F4xx_HAL_Driver\Src\stm32f4xx_hal_rcc_ex.o
 .debug_frame   0x00000610      0x208 Drivers\STM32F4xx_HAL_Driver\Src\stm32f4xx_hal_rtc.o
 .debug_frame   0x00000818      0x1b0 Drivers\STM32F4xx_HAL_Driver\Src\stm32f4xx_hal_sram.o
 .debug_frame   0x000009c8      0x9e0 Drivers\STM32F4xx_HAL_Driver\Src\stm32f4xx_hal_tim.o
 .debug_frame   0x000013a8      0x384 Drivers\STM32F4xx_HAL_Driver\Src\stm32f4xx_hal_tim_ex.o
 .debug_frame   0x0000172c      0x1ac Drivers\STM32F4xx_HAL_Driver\Src\stm32f4xx_ll_fsmc.o
 .debug_frame   0x000018d8      0x1d4 Src\App\appLcdSpeedTest.o
 .debug_frame   0x00001aac      0x22c Src\Lcd\ili9325.o
 .debug_frame   0x00001cd8      0x258 Src\Lcd\lcdts_io8p_fsmc.o
 .debug_frame   0x00001f30      0x464 Src\Lcd\stm32_adafruit_lcd.o
 .debug_frame   0x00002394       0xc0 Src\main.o
 .debug_frame   0x00002454       0xbc Src\stm32f4xx_hal_msp.o
 .debug_frame   0x00002510       0x50 Src\stm32f4xx_hal_timebase_TIM.o
 .debug_frame   0x00002560       0xc0 Src\stm32f4xx_it.o
 .debug_frame   0x00002620      0x17c Src\syscalls.o
 .debug_frame   0x0000279c       0x30 Src\system_stm32f4xx.o
 .debug_frame   0x000027cc       0x2c c:/programok/st/truestudio for stm32 9.0.0/armtools/bin/../lib/gcc/arm-atollic-eabi/6.3.1/../../../../arm-atollic-eabi/lib/armv7e-m/fpu\libc_nano.a(lib_a-init.o)
 .debug_frame   0x000027f8       0x74 c:/programok/st/truestudio for stm32 9.0.0/armtools/bin/../lib/gcc/arm-atollic-eabi/6.3.1/../../../../arm-atollic-eabi/lib/armv7e-m/fpu\libc_nano.a(lib_a-printf.o)
 .debug_frame   0x0000286c       0x3c c:/programok/st/truestudio for stm32 9.0.0/armtools/bin/../lib/gcc/arm-atollic-eabi/6.3.1/../../../../arm-atollic-eabi/lib/armv7e-m/fpu\libc_nano.a(lib_a-puts.o)
 .debug_frame   0x000028a8       0x44 c:/programok/st/truestudio for stm32 9.0.0/armtools/bin/../lib/gcc/arm-atollic-eabi/6.3.1/../../../../arm-atollic-eabi/lib/armv7e-m/fpu\libc_nano.a(lib_a-random.o)
 .debug_frame   0x000028ec       0x5c c:/programok/st/truestudio for stm32 9.0.0/armtools/bin/../lib/gcc/arm-atollic-eabi/6.3.1/../../../../arm-atollic-eabi/lib/armv7e-m/fpu\libc_nano.a(lib_a-reent.o)
 .debug_frame   0x00002948       0x40 c:/programok/st/truestudio for stm32 9.0.0/armtools/bin/../lib/gcc/arm-atollic-eabi/6.3.1/../../../../arm-atollic-eabi/lib/armv7e-m/fpu\libc_nano.a(lib_a-wbuf.o)
 .debug_frame   0x00002988       0x2c c:/programok/st/truestudio for stm32 9.0.0/armtools/bin/../lib/gcc/arm-atollic-eabi/6.3.1/../../../../arm-atollic-eabi/lib/armv7e-m/fpu\libc_nano.a(lib_a-wsetup.o)
 .debug_frame   0x000029b4       0x68 c:/programok/st/truestudio for stm32 9.0.0/armtools/bin/../lib/gcc/arm-atollic-eabi/6.3.1/../../../../arm-atollic-eabi/lib/armv7e-m/fpu\libc_nano.a(lib_a-fflush.o)
 .debug_frame   0x00002a1c      0x11c c:/programok/st/truestudio for stm32 9.0.0/armtools/bin/../lib/gcc/arm-atollic-eabi/6.3.1/../../../../arm-atollic-eabi/lib/armv7e-m/fpu\libc_nano.a(lib_a-findfp.o)
 .debug_frame   0x00002b38       0x54 c:/programok/st/truestudio for stm32 9.0.0/armtools/bin/../lib/gcc/arm-atollic-eabi/6.3.1/../../../../arm-atollic-eabi/lib/armv7e-m/fpu\libc_nano.a(lib_a-fwalk.o)
 .debug_frame   0x00002b8c       0x58 c:/programok/st/truestudio for stm32 9.0.0/armtools/bin/../lib/gcc/arm-atollic-eabi/6.3.1/../../../../arm-atollic-eabi/lib/armv7e-m/fpu\libc_nano.a(lib_a-makebuf.o)
 .debug_frame   0x00002be4       0x30 c:/programok/st/truestudio for stm32 9.0.0/armtools/bin/../lib/gcc/arm-atollic-eabi/6.3.1/../../../../arm-atollic-eabi/lib/armv7e-m/fpu\libc_nano.a(lib_a-malloc.o)
 .debug_frame   0x00002c14       0x20 c:/programok/st/truestudio for stm32 9.0.0/armtools/bin/../lib/gcc/arm-atollic-eabi/6.3.1/../../../../arm-atollic-eabi/lib/armv7e-m/fpu\libc_nano.a(lib_a-memset.o)
 .debug_frame   0x00002c34       0x38 c:/programok/st/truestudio for stm32 9.0.0/armtools/bin/../lib/gcc/arm-atollic-eabi/6.3.1/../../../../arm-atollic-eabi/lib/armv7e-m/fpu\libc_nano.a(lib_a-nano-freer.o)
 .debug_frame   0x00002c6c       0x2c c:/programok/st/truestudio for stm32 9.0.0/armtools/bin/../lib/gcc/arm-atollic-eabi/6.3.1/../../../../arm-atollic-eabi/lib/armv7e-m/fpu\libc_nano.a(lib_a-nano-mallocr.o)
 .debug_frame   0x00002c98       0xac c:/programok/st/truestudio for stm32 9.0.0/armtools/bin/../lib/gcc/arm-atollic-eabi/6.3.1/../../../../arm-atollic-eabi/lib/armv7e-m/fpu\libc_nano.a(lib_a-nano-vfprintf.o)
 .debug_frame   0x00002d44       0x60 c:/programok/st/truestudio for stm32 9.0.0/armtools/bin/../lib/gcc/arm-atollic-eabi/6.3.1/../../../../arm-atollic-eabi/lib/armv7e-m/fpu\libc_nano.a(lib_a-nano-vfprintf_i.o)
 .debug_frame   0x00002da4       0x2c c:/programok/st/truestudio for stm32 9.0.0/armtools/bin/../lib/gcc/arm-atollic-eabi/6.3.1/../../../../arm-atollic-eabi/lib/armv7e-m/fpu\libc_nano.a(lib_a-sbrkr.o)
 .debug_frame   0x00002dd0       0x88 c:/programok/st/truestudio for stm32 9.0.0/armtools/bin/../lib/gcc/arm-atollic-eabi/6.3.1/../../../../arm-atollic-eabi/lib/armv7e-m/fpu\libc_nano.a(lib_a-stdio.o)
 .debug_frame   0x00002e58       0x2c c:/programok/st/truestudio for stm32 9.0.0/armtools/bin/../lib/gcc/arm-atollic-eabi/6.3.1/../../../../arm-atollic-eabi/lib/armv7e-m/fpu\libc_nano.a(lib_a-writer.o)
 .debug_frame   0x00002e84       0x2c c:/programok/st/truestudio for stm32 9.0.0/armtools/bin/../lib/gcc/arm-atollic-eabi/6.3.1/../../../../arm-atollic-eabi/lib/armv7e-m/fpu\libc_nano.a(lib_a-closer.o)
 .debug_frame   0x00002eb0       0x2c c:/programok/st/truestudio for stm32 9.0.0/armtools/bin/../lib/gcc/arm-atollic-eabi/6.3.1/../../../../arm-atollic-eabi/lib/armv7e-m/fpu\libc_nano.a(lib_a-fstatr.o)
 .debug_frame   0x00002edc       0x2c c:/programok/st/truestudio for stm32 9.0.0/armtools/bin/../lib/gcc/arm-atollic-eabi/6.3.1/../../../../arm-atollic-eabi/lib/armv7e-m/fpu\libc_nano.a(lib_a-isattyr.o)
 .debug_frame   0x00002f08       0x2c c:/programok/st/truestudio for stm32 9.0.0/armtools/bin/../lib/gcc/arm-atollic-eabi/6.3.1/../../../../arm-atollic-eabi/lib/armv7e-m/fpu\libc_nano.a(lib_a-lseekr.o)
 .debug_frame   0x00002f34       0x30 c:/programok/st/truestudio for stm32 9.0.0/armtools/bin/../lib/gcc/arm-atollic-eabi/6.3.1/../../../../arm-atollic-eabi/lib/armv7e-m/fpu\libc_nano.a(lib_a-mlock.o)
 .debug_frame   0x00002f64       0x2c c:/programok/st/truestudio for stm32 9.0.0/armtools/bin/../lib/gcc/arm-atollic-eabi/6.3.1/../../../../arm-atollic-eabi/lib/armv7e-m/fpu\libc_nano.a(lib_a-readr.o)
 .debug_frame   0x00002f90       0x2c c:/programok/st/truestudio for stm32 9.0.0/armtools/bin/../lib/gcc/arm-atollic-eabi/6.3.1/armv7e-m/fpu\libgcc.a(_aeabi_uldivmod.o)
 .debug_frame   0x00002fbc       0x34 c:/programok/st/truestudio for stm32 9.0.0/armtools/bin/../lib/gcc/arm-atollic-eabi/6.3.1/armv7e-m/fpu\libgcc.a(_udivmoddi4.o)
