Archive member included to satisfy reference by file (symbol)

c:/programok/st/truestudio for stm32 9.0.0/armtools/bin/../lib/gcc/arm-atollic-eabi/6.3.1/../../../../arm-atollic-eabi/lib/armv7e-m/fpu\libc_nano.a(lib_a-impure.o)
                              Src\App\appLcdSpeedTest.o (_impure_ptr)
c:/programok/st/truestudio for stm32 9.0.0/armtools/bin/../lib/gcc/arm-atollic-eabi/6.3.1/../../../../arm-atollic-eabi/lib/armv7e-m/fpu\libc_nano.a(lib_a-init.o)
                              startup\startup_stm32f407xx.o (__libc_init_array)
c:/programok/st/truestudio for stm32 9.0.0/armtools/bin/../lib/gcc/arm-atollic-eabi/6.3.1/../../../../arm-atollic-eabi/lib/armv7e-m/fpu\libc_nano.a(lib_a-memcpy-stub.o)
                              Middlewares\Third_Party\FreeRTOS\Source\queue.o (memcpy)
c:/programok/st/truestudio for stm32 9.0.0/armtools/bin/../lib/gcc/arm-atollic-eabi/6.3.1/../../../../arm-atollic-eabi/lib/armv7e-m/fpu\libc_nano.a(lib_a-printf.o)
                              Src\App\appLcdSpeedTest.o (printf)
c:/programok/st/truestudio for stm32 9.0.0/armtools/bin/../lib/gcc/arm-atollic-eabi/6.3.1/../../../../arm-atollic-eabi/lib/armv7e-m/fpu\libc_nano.a(lib_a-puts.o)
                              Src\App\appLcdSpeedTest.o (puts)
c:/programok/st/truestudio for stm32 9.0.0/armtools/bin/../lib/gcc/arm-atollic-eabi/6.3.1/../../../../arm-atollic-eabi/lib/armv7e-m/fpu\libc_nano.a(lib_a-random.o)
                              Src\App\appLcdSpeedTest.o (random)
c:/programok/st/truestudio for stm32 9.0.0/armtools/bin/../lib/gcc/arm-atollic-eabi/6.3.1/../../../../arm-atollic-eabi/lib/armv7e-m/fpu\libc_nano.a(lib_a-reent.o)
                              Src\syscalls.o (errno)
c:/programok/st/truestudio for stm32 9.0.0/armtools/bin/../lib/gcc/arm-atollic-eabi/6.3.1/../../../../arm-atollic-eabi/lib/armv7e-m/fpu\libc_nano.a(lib_a-wbuf.o)
                              c:/programok/st/truestudio for stm32 9.0.0/armtools/bin/../lib/gcc/arm-atollic-eabi/6.3.1/../../../../arm-atollic-eabi/lib/armv7e-m/fpu\libc_nano.a(lib_a-puts.o) (__swbuf_r)
c:/programok/st/truestudio for stm32 9.0.0/armtools/bin/../lib/gcc/arm-atollic-eabi/6.3.1/../../../../arm-atollic-eabi/lib/armv7e-m/fpu\libc_nano.a(lib_a-wsetup.o)
                              c:/programok/st/truestudio for stm32 9.0.0/armtools/bin/../lib/gcc/arm-atollic-eabi/6.3.1/../../../../arm-atollic-eabi/lib/armv7e-m/fpu\libc_nano.a(lib_a-puts.o) (__swsetup_r)
c:/programok/st/truestudio for stm32 9.0.0/armtools/bin/../lib/gcc/arm-atollic-eabi/6.3.1/../../../../arm-atollic-eabi/lib/armv7e-m/fpu\libc_nano.a(lib_a-fflush.o)
                              c:/programok/st/truestudio for stm32 9.0.0/armtools/bin/../lib/gcc/arm-atollic-eabi/6.3.1/../../../../arm-atollic-eabi/lib/armv7e-m/fpu\libc_nano.a(lib_a-wbuf.o) (_fflush_r)
c:/programok/st/truestudio for stm32 9.0.0/armtools/bin/../lib/gcc/arm-atollic-eabi/6.3.1/../../../../arm-atollic-eabi/lib/armv7e-m/fpu\libc_nano.a(lib_a-findfp.o)
                              c:/programok/st/truestudio for stm32 9.0.0/armtools/bin/../lib/gcc/arm-atollic-eabi/6.3.1/../../../../arm-atollic-eabi/lib/armv7e-m/fpu\libc_nano.a(lib_a-printf.o) (__sinit)
c:/programok/st/truestudio for stm32 9.0.0/armtools/bin/../lib/gcc/arm-atollic-eabi/6.3.1/../../../../arm-atollic-eabi/lib/armv7e-m/fpu\libc_nano.a(lib_a-fwalk.o)
                              c:/programok/st/truestudio for stm32 9.0.0/armtools/bin/../lib/gcc/arm-atollic-eabi/6.3.1/../../../../arm-atollic-eabi/lib/armv7e-m/fpu\libc_nano.a(lib_a-findfp.o) (_fwalk)
c:/programok/st/truestudio for stm32 9.0.0/armtools/bin/../lib/gcc/arm-atollic-eabi/6.3.1/../../../../arm-atollic-eabi/lib/armv7e-m/fpu\libc_nano.a(lib_a-makebuf.o)
                              c:/programok/st/truestudio for stm32 9.0.0/armtools/bin/../lib/gcc/arm-atollic-eabi/6.3.1/../../../../arm-atollic-eabi/lib/armv7e-m/fpu\libc_nano.a(lib_a-wsetup.o) (__smakebuf_r)
c:/programok/st/truestudio for stm32 9.0.0/armtools/bin/../lib/gcc/arm-atollic-eabi/6.3.1/../../../../arm-atollic-eabi/lib/armv7e-m/fpu\libc_nano.a(lib_a-malloc.o)
                              c:/programok/st/truestudio for stm32 9.0.0/armtools/bin/../lib/gcc/arm-atollic-eabi/6.3.1/../../../../arm-atollic-eabi/lib/armv7e-m/fpu\libc_nano.a(lib_a-random.o) (malloc)
c:/programok/st/truestudio for stm32 9.0.0/armtools/bin/../lib/gcc/arm-atollic-eabi/6.3.1/../../../../arm-atollic-eabi/lib/armv7e-m/fpu\libc_nano.a(lib_a-memset.o)
                              c:/programok/st/truestudio for stm32 9.0.0/armtools/bin/../lib/gcc/arm-atollic-eabi/6.3.1/../../../../arm-atollic-eabi/lib/armv7e-m/fpu\libc_nano.a(lib_a-findfp.o) (memset)
c:/programok/st/truestudio for stm32 9.0.0/armtools/bin/../lib/gcc/arm-atollic-eabi/6.3.1/../../../../arm-atollic-eabi/lib/armv7e-m/fpu\libc_nano.a(lib_a-nano-freer.o)
[...]
Memory Configuration

Name             Origin             Length             Attributes
RAM              0x20018000         0x00008000         xrw
CCMRAM           0x10000000         0x00010000         rw
FLASH            0x20000000         0x00018000         xr
*default*        0x00000000         0xffffffff

Linker script and memory map

LOAD c:/programok/st/truestudio for stm32 9.0.0/armtools/bin/../lib/gcc/arm-atollic-eabi/6.3.1/armv7e-m/fpu/crti.o
LOAD c:/programok/st/truestudio for stm32 9.0.0/armtools/bin/../lib/gcc/arm-atollic-eabi/6.3.1/armv7e-m/fpu/crtbegin.o
LOAD Drivers\STM32F4xx_HAL_Driver\Src\stm32f4xx_hal.o
LOAD Drivers\STM32F4xx_HAL_Driver\Src\stm32f4xx_hal_cortex.o
LOAD Drivers\STM32F4xx_HAL_Driver\Src\stm32f4xx_hal_dma.o
LOAD Drivers\STM32F4xx_HAL_Driver\Src\stm32f4xx_hal_dma_ex.o
LOAD Drivers\STM32F4xx_HAL_Driver\Src\stm32f4xx_hal_flash.o
LOAD Drivers\STM32F4xx_HAL_Driver\Src\stm32f4xx_hal_flash_ex.o
LOAD Drivers\STM32F4xx_HAL_Driver\Src\stm32f4xx_hal_flash_ramfunc.o
LOAD Drivers\STM32F4xx_HAL_Driver\Src\stm32f4xx_hal_gpio.o
LOAD Drivers\STM32F4xx_HAL_Driver\Src\stm32f4xx_hal_pwr.o
LOAD Drivers\STM32F4xx_HAL_Driver\Src\stm32f4xx_hal_pwr_ex.o
LOAD Drivers\STM32F4xx_HAL_Driver\Src\stm32f4xx_hal_rcc.o
LOAD Drivers\STM32F4xx_HAL_Driver\Src\stm32f4xx_hal_rcc_ex.o
LOAD Drivers\STM32F4xx_HAL_Driver\Src\stm32f4xx_hal_rtc.o
LOAD Drivers\STM32F4xx_HAL_Driver\Src\stm32f4xx_hal_rtc_ex.o
LOAD Drivers\STM32F4xx_HAL_Driver\Src\stm32f4xx_hal_sram.o
LOAD Drivers\STM32F4xx_HAL_Driver\Src\stm32f4xx_hal_tim.o
LOAD Drivers\STM32F4xx_HAL_Driver\Src\stm32f4xx_hal_tim_ex.o
LOAD Drivers\STM32F4xx_HAL_Driver\Src\stm32f4xx_ll_fsmc.o
LOAD Middlewares\Third_Party\FreeRTOS\Source\CMSIS_RTOS\cmsis_os.o
LOAD Middlewares\Third_Party\FreeRTOS\Source\croutine.o
LOAD Middlewares\Third_Party\FreeRTOS\Source\event_groups.o
LOAD Middlewares\Third_Party\FreeRTOS\Source\list.o
LOAD Middlewares\Third_Party\FreeRTOS\Source\portable\GCC\ARM_CM4F\port.o
LOAD Middlewares\Third_Party\FreeRTOS\Source\portable\MemMang\heap_4.o
LOAD Middlewares\Third_Party\FreeRTOS\Source\queue.o
LOAD Middlewares\Third_Party\FreeRTOS\Source\tasks.o
LOAD Middlewares\Third_Party\FreeRTOS\Source\timers.o
LOAD Src\App\appLcdSpeedTest.o
LOAD Src\App\beer_60x100_16.o
LOAD Src\Lcd\Fonts\font12.o
LOAD Src\Lcd\Fonts\font16.o
LOAD Src\Lcd\Fonts\font20.o
LOAD Src\Lcd\Fonts\font24.o
LOAD Src\Lcd\Fonts\font8.o
LOAD Src\Lcd\ili9325.o
LOAD Src\Lcd\lcdts_io8p_fsmc.o
LOAD Src\Lcd\stm32_adafruit_lcd.o
LOAD Src\freertos.o
LOAD Src\main.o
LOAD Src\stm32f4xx_hal_msp.o
LOAD Src\stm32f4xx_hal_timebase_TIM.o
LOAD Src\stm32f4xx_it.o
LOAD Src\syscalls.o
LOAD Src\system_stm32f4xx.o
LOAD startup\startup_stm32f407xx.o
                0x00000080                malloc_getpagesize_P = 0x80
START GROUP
LOAD c:/programok/st/truestudio for stm32 9.0.0/armtools/bin/../lib/gcc/arm-atollic-eabi/6.3.1/../../../../arm-atollic-eabi/lib/armv7e-m/fpu\libc_nano.a
LOAD c:/programok/st/truestudio for stm32 9.0.0/armtools/bin/../lib/gcc/arm-atollic-eabi/6.3.1/../../../../arm-atollic-eabi/lib/armv7e-m/fpu\libm.a
END GROUP
START GROUP
LOAD c:/programok/st/truestudio for stm32 9.0.0/armtools/bin/../lib/gcc/arm-atollic-eabi/6.3.1/armv7e-m/fpu\libgcc.a
LOAD c:/programok/st/truestudio for stm32 9.0.0/armtools/bin/../lib/gcc/arm-atollic-eabi/6.3.1/../../../../arm-atollic-eabi/lib/armv7e-m/fpu\libc_nano.a
END GROUP
START GROUP
LOAD c:/programok/st/truestudio for stm32 9.0.0/armtools/bin/../lib/gcc/arm-atollic-eabi/6.3.1/armv7e-m/fpu\libgcc.a
LOAD c:/programok/st/truestudio for stm32 9.0.0/armtools/bin/../lib/gcc/arm-atollic-eabi/6.3.1/../../../../arm-atollic-eabi/lib/armv7e-m/fpu\libc_nano.a
LOAD c:/programok/st/truestudio for stm32 9.0.0/armtools/bin/../lib/gcc/arm-atollic-eabi/6.3.1/../../../../arm-atollic-eabi/lib/armv7e-m/fpu\libnosys.a
END GROUP
START GROUP
LOAD c:/programok/st/truestudio for stm32 9.0.0/armtools/bin/../lib/gcc/arm-atollic-eabi/6.3.1/armv7e-m/fpu\libgcc.a
LOAD c:/programok/st/truestudio for stm32 9.0.0/armtools/bin/../lib/gcc/arm-atollic-eabi/6.3.1/../../../../arm-atollic-eabi/lib/armv7e-m/fpu\libc_nano.a
LOAD c:/programok/st/truestudio for stm32 9.0.0/armtools/bin/../lib/gcc/arm-atollic-eabi/6.3.1/../../../../arm-atollic-eabi/lib/armv7e-m/fpu\libnosys.a
END GROUP
LOAD c:/programok/st/truestudio for stm32 9.0.0/armtools/bin/../lib/gcc/arm-atollic-eabi/6.3.1/armv7e-m/fpu/crtend.o
LOAD c:/programok/st/truestudio for stm32 9.0.0/armtools/bin/../lib/gcc/arm-atollic-eabi/6.3.1/armv7e-m/fpu/crtn.o
                0x20020000                _estack = 0x20020000
                0x00000200                _Min_Heap_Size = 0x200
                0x00000800                _Min_Stack_Size = 0x800

.isr_vector     0x20000000      0x188
                0x20000000                . = ALIGN (0x4)
 *(.isr_vector)
 .isr_vector    0x20000000      0x188 startup\startup_stm32f407xx.o
                0x20000000                g_pfnVectors
                0x20000188                . = ALIGN (0x4)

.text           0x20000190     0x621c
                0x20000190                . = ALIGN (0x4)
 *(.text)
 .text          0x20000190       0x40 c:/programok/st/truestudio for stm32 9.0.0/armtools/bin/../lib/gcc/arm-atollic-eabi/6.3.1/armv7e-m/fpu/crtbegin.o
 .text          0x200001d0       0xa0 c:/programok/st/truestudio for stm32 9.0.0/armtools/bin/../lib/gcc/arm-atollic-eabi/6.3.1/../../../../arm-atollic-eabi/lib/armv7e-m/fpu\libc_nano.a(lib_a-memchr.o)
                0x200001d0                memchr
 .text          0x20000270       0x30 c:/programok/st/truestudio for stm32 9.0.0/armtools/bin/../lib/gcc/arm-atollic-eabi/6.3.1/armv7e-m/fpu\libgcc.a(_aeabi_uldivmod.o)
                0x20000270                __aeabi_uldivmod
 .text          0x200002a0      0x2dc c:/programok/st/truestudio for stm32 9.0.0/armtools/bin/../lib/gcc/arm-atollic-eabi/6.3.1/armv7e-m/fpu\libgcc.a(_udivmoddi4.o)
                0x200002a0                __udivmoddi4
 .text          0x2000057c        0x4 c:/programok/st/truestudio for stm32 9.0.0/armtools/bin/../lib/gcc/arm-atollic-eabi/6.3.1/armv7e-m/fpu\libgcc.a(_dvmd_tls.o)
                0x2000057c                __aeabi_idiv0
                0x2000057c                __aeabi_ldiv0
 *(.text*)
 .text.HAL_Init
                0x20000580       0x34 Drivers\STM32F4xx_HAL_Driver\Src\stm32f4xx_hal.o
                0x20000580                HAL_Init
 .text.HAL_IncTick
                0x200005b4       0x18 Drivers\STM32F4xx_HAL_Driver\Src\stm32f4xx_hal.o
                0x200005b4                HAL_IncTick
 .text.HAL_GetTick
                0x200005cc        0xc Drivers\STM32F4xx_HAL_Driver\Src\stm32f4xx_hal.o
                0x200005cc                HAL_GetTick
 .text.HAL_Delay
                0x200005d8       0x28 Drivers\STM32F4xx_HAL_Driver\Src\stm32f4xx_hal.o
                0x200005d8                HAL_Delay
 .text.HAL_NVIC_SetPriorityGrouping
                0x20000600       0x24 Drivers\STM32F4xx_HAL_Driver\Src\stm32f4xx_hal_cortex.o
                0x20000600                HAL_NVIC_SetPriorityGrouping
 .text.HAL_NVIC_SetPriority
                0x20000624       0x64 Drivers\STM32F4xx_HAL_Driver\Src\stm32f4xx_hal_cortex.o
                0x20000624                HAL_NVIC_SetPriority
 .text.HAL_NVIC_EnableIRQ
                0x20000688       0x18 Drivers\STM32F4xx_HAL_Driver\Src\stm32f4xx_hal_cortex.o
                0x20000688                HAL_NVIC_EnableIRQ
 .text.HAL_SYSTICK_Config
                0x200006a0       0x2c Drivers\STM32F4xx_HAL_Driver\Src\stm32f4xx_hal_cortex.o
                0x200006a0                HAL_SYSTICK_Config
 .text.HAL_SYSTICK_CLKSourceConfig
                0x200006cc       0x20 Drivers\STM32F4xx_HAL_Driver\Src\stm32f4xx_hal_cortex.o
                0x200006cc                HAL_SYSTICK_CLKSourceConfig
 .text.HAL_GPIO_Init
                0x200006ec      0x1cc Drivers\STM32F4xx_HAL_Driver\Src\stm32f4xx_hal_gpio.o
                0x200006ec                HAL_GPIO_Init
 .text.HAL_RCC_OscConfig
                0x200008b8      0x398 Drivers\STM32F4xx_HAL_Driver\Src\stm32f4xx_hal_rcc.o
                0x200008b8                HAL_RCC_OscConfig
 .text.HAL_RCC_GetSysClockFreq
                0x20000c50       0xd4 Drivers\STM32F4xx_HAL_Driver\Src\stm32f4xx_hal_rcc.o
                0x20000c50                HAL_RCC_GetSysClockFreq
 .text.HAL_RCC_ClockConfig
                0x20000d24      0x158 Drivers\STM32F4xx_HAL_Driver\Src\stm32f4xx_hal_rcc.o
                0x20000d24                HAL_RCC_ClockConfig
 .text.HAL_RCC_GetHCLKFreq
                0x20000e7c        0xc Drivers\STM32F4xx_HAL_Driver\Src\stm32f4xx_hal_rcc.o
                0x20000e7c                HAL_RCC_GetHCLKFreq
 .text.HAL_RCC_GetPCLK1Freq
                0x20000e88       0x20 Drivers\STM32F4xx_HAL_Driver\Src\stm32f4xx_hal_rcc.o
                0x20000e88                HAL_RCC_GetPCLK1Freq
 .text.HAL_RCC_GetClockConfig
                0x20000ea8       0x3c Drivers\STM32F4xx_HAL_Driver\Src\stm32f4xx_hal_rcc.o
                0x20000ea8                HAL_RCC_GetClockConfig
 .text.HAL_RCCEx_PeriphCLKConfig
                0x20000ee4      0x154 Drivers\STM32F4xx_HAL_Driver\Src\stm32f4xx_hal_rcc_ex.o
                0x20000ee4                HAL_RCCEx_PeriphCLKConfig
 .text.HAL_RTC_WaitForSynchro
                0x20001038       0x32 Drivers\STM32F4xx_HAL_Driver\Src\stm32f4xx_hal_rtc.o
                0x20001038                HAL_RTC_WaitForSynchro
 .text.RTC_EnterInitMode
                0x2000106a       0x3c Drivers\STM32F4xx_HAL_Driver\Src\stm32f4xx_hal_rtc.o
                0x2000106a                RTC_EnterInitMode
 .text.HAL_RTC_Init
                0x200010a6       0xc4 Drivers\STM32F4xx_HAL_Driver\Src\stm32f4xx_hal_rtc.o
                0x200010a6                HAL_RTC_Init
 .text.HAL_SRAM_Init
                0x2000116a       0x52 Drivers\STM32F4xx_HAL_Driver\Src\stm32f4xx_hal_sram.o
                0x2000116a                HAL_SRAM_Init
 .text.HAL_TIM_Base_MspInit
                0x200011bc        0x2 Drivers\STM32F4xx_HAL_Driver\Src\stm32f4xx_hal_tim.o
                0x200011bc                HAL_TIM_Base_MspInit
 .text.HAL_TIM_Base_Start_IT
                0x200011be       0x18 Drivers\STM32F4xx_HAL_Driver\Src\stm32f4xx_hal_tim.o
                0x200011be                HAL_TIM_Base_Start_IT
 .text.HAL_TIM_OC_DelayElapsedCallback
                0x200011d6        0x2 Drivers\STM32F4xx_HAL_Driver\Src\stm32f4xx_hal_tim.o
                0x200011d6                HAL_TIM_OC_DelayElapsedCallback
 .text.HAL_TIM_IC_CaptureCallback
                0x200011d8        0x2 Drivers\STM32F4xx_HAL_Driver\Src\stm32f4xx_hal_tim.o
                0x200011d8                HAL_TIM_IC_CaptureCallback
 .text.HAL_TIM_PWM_PulseFinishedCallback
                0x200011da        0x2 Drivers\STM32F4xx_HAL_Driver\Src\stm32f4xx_hal_tim.o
                0x200011da                HAL_TIM_PWM_PulseFinishedCallback
 .text.HAL_TIM_TriggerCallback
                0x200011dc        0x2 Drivers\STM32F4xx_HAL_Driver\Src\stm32f4xx_hal_tim.o
                0x200011dc                HAL_TIM_TriggerCallback
 .text.HAL_TIM_IRQHandler
                0x200011de      0x17a Drivers\STM32F4xx_HAL_Driver\Src\stm32f4xx_hal_tim.o
                0x200011de                HAL_TIM_IRQHandler
 .text.TIM_Base_SetConfig
                0x20001358      0x11c Drivers\STM32F4xx_HAL_Driver\Src\stm32f4xx_hal_tim.o
                0x20001358                TIM_Base_SetConfig
 .text.HAL_TIM_Base_Init
                0x20001474       0x32 Drivers\STM32F4xx_HAL_Driver\Src\stm32f4xx_hal_tim.o
                0x20001474                HAL_TIM_Base_Init
 .text.HAL_TIMEx_CommutationCallback
                0x200014a6        0x2 Drivers\STM32F4xx_HAL_Driver\Src\stm32f4xx_hal_tim_ex.o
                0x200014a6                HAL_TIMEx_CommutationCallback
 .text.HAL_TIMEx_BreakCallback
                0x200014a8        0x2 Drivers\STM32F4xx_HAL_Driver\Src\stm32f4xx_hal_tim_ex.o
                0x200014a8                HAL_TIMEx_BreakCallback
 *fill*         0x200014aa        0x2 
 .text.FSMC_NORSRAM_Init
                0x200014ac       0x58 Drivers\STM32F4xx_HAL_Driver\Src\stm32f4xx_ll_fsmc.o
                0x200014ac                FSMC_NORSRAM_Init
 .text.FSMC_NORSRAM_Timing_Init
                0x20001504       0x40 Drivers\STM32F4xx_HAL_Driver\Src\stm32f4xx_ll_fsmc.o
                0x20001504                FSMC_NORSRAM_Timing_Init
 .text.FSMC_NORSRAM_Extended_Timing_Init
                0x20001544       0x44 Drivers\STM32F4xx_HAL_Driver\Src\stm32f4xx_ll_fsmc.o
                0x20001544                FSMC_NORSRAM_Extended_Timing_Init
 .text.makeFreeRtosPriority
                0x20001588        0xc Middlewares\Third_Party\FreeRTOS\Source\CMSIS_RTOS\cmsis_os.o
 .text.inHandlerMode
                0x20001594        0xc Middlewares\Third_Party\FreeRTOS\Source\CMSIS_RTOS\cmsis_os.o
 .text.osKernelStart
                0x200015a0        0xa Middlewares\Third_Party\FreeRTOS\Source\CMSIS_RTOS\cmsis_os.o
                0x200015a0                osKernelStart
 .text.osKernelSysTick
                0x200015aa       0x14 Middlewares\Third_Party\FreeRTOS\Source\CMSIS_RTOS\cmsis_os.o
                0x200015aa                osKernelSysTick
 .text.osThreadCreate
                0x200015be       0x34 Middlewares\Third_Party\FreeRTOS\Source\CMSIS_RTOS\cmsis_os.o
                0x200015be                osThreadCreate
 .text.osDelay  0x200015f2       0x12 Middlewares\Third_Party\FreeRTOS\Source\CMSIS_RTOS\cmsis_os.o
                0x200015f2                osDelay
 .text.osTimerCreate
                0x20001604       0x28 Middlewares\Third_Party\FreeRTOS\Source\CMSIS_RTOS\cmsis_os.o
                0x20001604                osTimerCreate
 .text.osTimerStart
                0x2000162c       0x6c Middlewares\Third_Party\FreeRTOS\Source\CMSIS_RTOS\cmsis_os.o
                0x2000162c                osTimerStart
 .text.osMutexCreate
                0x20001698        0xa Middlewares\Third_Party\FreeRTOS\Source\CMSIS_RTOS\cmsis_os.o
                0x20001698                osMutexCreate
 .text.osSemaphoreCreate
                0x200016a2       0x26 Middlewares\Third_Party\FreeRTOS\Source\CMSIS_RTOS\cmsis_os.o
                0x200016a2                osSemaphoreCreate
 .text.osSemaphoreWait
                0x200016c8       0x74 Middlewares\Third_Party\FreeRTOS\Source\CMSIS_RTOS\cmsis_os.o
                0x200016c8                osSemaphoreWait
 .text.osSemaphoreRelease
                0x2000173c       0x5c Middlewares\Third_Party\FreeRTOS\Source\CMSIS_RTOS\cmsis_os.o
                0x2000173c                osSemaphoreRelease
 .text.osSystickHandler
                0x20001798       0x10 Middlewares\Third_Party\FreeRTOS\Source\CMSIS_RTOS\cmsis_os.o
                0x20001798                osSystickHandler
 .text.vListInitialise
                0x200017a8       0x16 Middlewares\Third_Party\FreeRTOS\Source\list.o
                0x200017a8                vListInitialise
 .text.vListInitialiseItem
                0x200017be        0x6 Middlewares\Third_Party\FreeRTOS\Source\list.o
                0x200017be                vListInitialiseItem
 .text.vListInsertEnd
                0x200017c4       0x18 Middlewares\Third_Party\FreeRTOS\Source\list.o
                0x200017c4                vListInsertEnd
 .text.vListInsert
                0x200017dc       0x34 Middlewares\Third_Party\FreeRTOS\Source\list.o
                0x200017dc                vListInsert
 .text.uxListRemove
                0x20001810       0x26 Middlewares\Third_Party\FreeRTOS\Source\list.o
                0x20001810                uxListRemove
 *fill*         0x20001836        0x2 
 .text.prvTaskExitError
                0x20001838       0x34 Middlewares\Third_Party\FreeRTOS\Source\portable\GCC\ARM_CM4F\port.o
 .text.prvPortStartFirstTask
                0x2000186c       0x20 Middlewares\Third_Party\FreeRTOS\Source\portable\GCC\ARM_CM4F\port.o
 .text.vPortEnableVFP
                0x2000188c       0x14 Middlewares\Third_Party\FreeRTOS\Source\portable\GCC\ARM_CM4F\port.o
 .text.pxPortInitialiseStack
                0x200018a0       0x2c Middlewares\Third_Party\FreeRTOS\Source\portable\GCC\ARM_CM4F\port.o
                0x200018a0                pxPortInitialiseStack
 *fill*         0x200018cc        0x4 
 .text.SVC_Handler
                0x200018d0       0x24 Middlewares\Third_Party\FreeRTOS\Source\portable\GCC\ARM_CM4F\port.o
                0x200018d0                SVC_Handler
 .text.vPortEnterCritical
                0x200018f4       0x44 Middlewares\Third_Party\FreeRTOS\Source\portable\GCC\ARM_CM4F\port.o
                0x200018f4                vPortEnterCritical
 .text.vPortExitCritical
                0x20001938       0x2c Middlewares\Third_Party\FreeRTOS\Source\portable\GCC\ARM_CM4F\port.o
                0x20001938                vPortExitCritical
 *fill*         0x20001964        0xc 
 .text.PendSV_Handler
                0x20001970       0x64 Middlewares\Third_Party\FreeRTOS\Source\portable\GCC\ARM_CM4F\port.o
                0x20001970                PendSV_Handler
 .text.xPortSysTickHandler
                0x200019d4       0x2c Middlewares\Third_Party\FreeRTOS\Source\portable\GCC\ARM_CM4F\port.o
                0x200019d4                xPortSysTickHandler
 .text.vPortSetupTimerInterrupt
                0x20001a00       0x2c Middlewares\Third_Party\FreeRTOS\Source\portable\GCC\ARM_CM4F\port.o
                0x20001a00                vPortSetupTimerInterrupt
 .text.xPortStartScheduler
                0x20001a2c       0xec Middlewares\Third_Party\FreeRTOS\Source\portable\GCC\ARM_CM4F\port.o
                0x20001a2c                xPortStartScheduler
 .text.vPortValidateInterruptPriority
                0x20001b18       0x5c Middlewares\Third_Party\FreeRTOS\Source\portable\GCC\ARM_CM4F\port.o
                0x20001b18                vPortValidateInterruptPriority
 .text.prvHeapInit
                0x20001b74       0x64 Middlewares\Third_Party\FreeRTOS\Source\portable\MemMang\heap_4.o
 .text.prvInsertBlockIntoFreeList
                0x20001bd8       0x58 Middlewares\Third_Party\FreeRTOS\Source\portable\MemMang\heap_4.o
 .text.pvPortMalloc
                0x20001c30      0x108 Middlewares\Third_Party\FreeRTOS\Source\portable\MemMang\heap_4.o
                0x20001c30                pvPortMalloc
 .text.vPortFree
                0x20001d38       0x70 Middlewares\Third_Party\FreeRTOS\Source\portable\MemMang\heap_4.o
                0x20001d38                vPortFree
 .text.prvIsQueueFull
                0x20001da8       0x1e Middlewares\Third_Party\FreeRTOS\Source\queue.o
 .text.prvIsQueueEmpty
                0x20001dc6       0x1a Middlewares\Third_Party\FreeRTOS\Source\queue.o
 .text.prvCopyDataToQueue
                0x20001de0       0x76 Middlewares\Third_Party\FreeRTOS\Source\queue.o
 .text.prvCopyDataFromQueue
                0x20001e56       0x24 Middlewares\Third_Party\FreeRTOS\Source\queue.o
 .text.prvUnlockQueue
                0x20001e7a       0x6e Middlewares\Third_Party\FreeRTOS\Source\queue.o
 .text.xQueueGenericReset
                0x20001ee8       0x80 Middlewares\Third_Party\FreeRTOS\Source\queue.o
                0x20001ee8                xQueueGenericReset
 .text.prvInitialiseNewQueue
                0x20001f68       0x1c Middlewares\Third_Party\FreeRTOS\Source\queue.o
 .text.xQueueGenericCreate
                0x20001f84       0x48 Middlewares\Third_Party\FreeRTOS\Source\queue.o
                0x20001f84                xQueueGenericCreate
 .text.xQueueGenericSend
                0x20001fcc      0x188 Middlewares\Third_Party\FreeRTOS\Source\queue.o
                0x20001fcc                xQueueGenericSend
 .text.prvInitialiseMutex
                0x20002154       0x18 Middlewares\Third_Party\FreeRTOS\Source\queue.o
 .text.xQueueCreateMutex
                0x2000216c       0x16 Middlewares\Third_Party\FreeRTOS\Source\queue.o
                0x2000216c                xQueueCreateMutex
 .text.xQueueGenericSendFromISR
                0x20002182       0xde Middlewares\Third_Party\FreeRTOS\Source\queue.o
                0x20002182                xQueueGenericSendFromISR
 .text.xQueueGiveFromISR
                0x20002260       0xbc Middlewares\Third_Party\FreeRTOS\Source\queue.o
                0x20002260                xQueueGiveFromISR
 .text.xQueueGenericReceive
                0x2000231c      0x1b0 Middlewares\Third_Party\FreeRTOS\Source\queue.o
                0x2000231c                xQueueGenericReceive
 .text.xQueueReceiveFromISR
                0x200024cc       0xb6 Middlewares\Third_Party\FreeRTOS\Source\queue.o
                0x200024cc                xQueueReceiveFromISR
 *fill*         0x20002582        0x2 
 .text.vQueueAddToRegistry
                0x20002584       0x28 Middlewares\Third_Party\FreeRTOS\Source\queue.o
                0x20002584                vQueueAddToRegistry
 .text.vQueueWaitForMessageRestricted
                0x200025ac       0x52 Middlewares\Third_Party\FreeRTOS\Source\queue.o
                0x200025ac                vQueueWaitForMessageRestricted
 *fill*         0x200025fe        0x2 
 .text.prvResetNextTaskUnblockTime
                0x20002600       0x34 Middlewares\Third_Party\FreeRTOS\Source\tasks.o
 .text.prvDeleteTCB
                0x20002634       0x12 Middlewares\Third_Party\FreeRTOS\Source\tasks.o
 .text.prvInitialiseNewTask
                0x20002646       0x80 Middlewares\Third_Party\FreeRTOS\Source\tasks.o
 *fill*         0x200026c6        0x2 
 .text.prvInitialiseTaskLists
                0x200026c8       0x68 Middlewares\Third_Party\FreeRTOS\Source\tasks.o
 .text.prvAddNewTaskToReadyList
                0x20002730       0xa8 Middlewares\Third_Party\FreeRTOS\Source\tasks.o
 .text.prvAddCurrentTaskToDelayedList
                0x200027d8       0x98 Middlewares\Third_Party\FreeRTOS\Source\tasks.o
 .text.xTaskCreate
                0x20002870       0x62 Middlewares\Third_Party\FreeRTOS\Source\tasks.o
                0x20002870                xTaskCreate
 *fill*         0x200028d2        0x2 
 .text.vTaskStartScheduler
                0x200028d4       0x84 Middlewares\Third_Party\FreeRTOS\Source\tasks.o
                0x200028d4                vTaskStartScheduler
 .text.vTaskSuspendAll
                0x20002958       0x10 Middlewares\Third_Party\FreeRTOS\Source\tasks.o
                0x20002958                vTaskSuspendAll
 .text.xTaskGetTickCount
                0x20002968        0xc Middlewares\Third_Party\FreeRTOS\Source\tasks.o
                0x20002968                xTaskGetTickCount
 .text.xTaskGetTickCountFromISR
                0x20002974       0x10 Middlewares\Third_Party\FreeRTOS\Source\tasks.o
                0x20002974                xTaskGetTickCountFromISR
 .text.xTaskIncrementTick
                0x20002984      0x120 Middlewares\Third_Party\FreeRTOS\Source\tasks.o
                0x20002984                xTaskIncrementTick
 .text.xTaskResumeAll
                0x20002aa4       0xfc Middlewares\Third_Party\FreeRTOS\Source\tasks.o
                0x20002aa4                xTaskResumeAll
 .text.vTaskDelay
                0x20002ba0       0x50 Middlewares\Third_Party\FreeRTOS\Source\tasks.o
                0x20002ba0                vTaskDelay
 .text.prvCheckTasksWaitingTermination
                0x20002bf0       0x5c Middlewares\Third_Party\FreeRTOS\Source\tasks.o
 .text.prvIdleTask
                0x20002c4c       0x28 Middlewares\Third_Party\FreeRTOS\Source\tasks.o
 .text.vTaskSwitchContext
                0x20002c74       0x9c Middlewares\Third_Party\FreeRTOS\Source\tasks.o
                0x20002c74                vTaskSwitchContext
 .text.vTaskPlaceOnEventList
                0x20002d10       0x30 Middlewares\Third_Party\FreeRTOS\Source\tasks.o
                0x20002d10                vTaskPlaceOnEventList
 .text.vTaskPlaceOnEventListRestricted
                0x20002d40       0x38 Middlewares\Third_Party\FreeRTOS\Source\tasks.o
                0x20002d40                vTaskPlaceOnEventListRestricted
 .text.xTaskRemoveFromEventList
                0x20002d78       0x8c Middlewares\Third_Party\FreeRTOS\Source\tasks.o
                0x20002d78                xTaskRemoveFromEventList
 .text.vTaskSetTimeOutState
                0x20002e04       0x2c Middlewares\Third_Party\FreeRTOS\Source\tasks.o
                0x20002e04                vTaskSetTimeOutState
 .text.xTaskCheckForTimeOut
                0x20002e30       0x80 Middlewares\Third_Party\FreeRTOS\Source\tasks.o
                0x20002e30                xTaskCheckForTimeOut
 .text.vTaskMissedYield
                0x20002eb0        0xc Middlewares\Third_Party\FreeRTOS\Source\tasks.o
                0x20002eb0                vTaskMissedYield
 .text.xTaskGetSchedulerState
                0x20002ebc       0x20 Middlewares\Third_Party\FreeRTOS\Source\tasks.o
                0x20002ebc                xTaskGetSchedulerState
 .text.vTaskPriorityInherit
                0x20002edc       0xa4 Middlewares\Third_Party\FreeRTOS\Source\tasks.o
                0x20002edc                vTaskPriorityInherit
 .text.xTaskPriorityDisinherit
                0x20002f80       0xb4 Middlewares\Third_Party\FreeRTOS\Source\tasks.o
                0x20002f80                xTaskPriorityDisinherit
 .text.pvTaskIncrementMutexHeldCount
                0x20003034       0x1c Middlewares\Third_Party\FreeRTOS\Source\tasks.o
                0x20003034                pvTaskIncrementMutexHeldCount
 .text.prvGetNextExpireTime
                0x20003050       0x20 Middlewares\Third_Party\FreeRTOS\Source\timers.o
 .text.prvInsertTimerInActiveList
                0x20003070       0x48 Middlewares\Third_Party\FreeRTOS\Source\timers.o
 .text.prvCheckForValidListAndQueue
                0x200030b8       0x5c Middlewares\Third_Party\FreeRTOS\Source\timers.o
 .text.prvInitialiseNewTimer
                0x20003114       0x40 Middlewares\Third_Party\FreeRTOS\Source\timers.o
 .text.xTimerCreateTimerTask
                0x20003154       0x54 Middlewares\Third_Party\FreeRTOS\Source\timers.o
                0x20003154                xTimerCreateTimerTask
 .text.xTimerCreate
                0x200031a8       0x32 Middlewares\Third_Party\FreeRTOS\Source\timers.o
                0x200031a8                xTimerCreate
 *fill*         0x200031da        0x2 
 .text.xTimerGenericCommand
                0x200031dc       0x6c Middlewares\Third_Party\FreeRTOS\Source\timers.o
                0x200031dc                xTimerGenericCommand
 .text.prvSwitchTimerLists
                0x20003248       0x78 Middlewares\Third_Party\FreeRTOS\Source\timers.o
 .text.prvSampleTimeNow
                0x200032c0       0x2c Middlewares\Third_Party\FreeRTOS\Source\timers.o
 .text.prvProcessExpiredTimer
                0x200032ec       0x60 Middlewares\Third_Party\FreeRTOS\Source\timers.o
 .text.prvProcessTimerOrBlockTask
                0x2000334c       0x74 Middlewares\Third_Party\FreeRTOS\Source\timers.o
 .text.prvProcessReceivedCommands
                0x200033c0       0xe4 Middlewares\Third_Party\FreeRTOS\Source\timers.o
 .text.prvTimerTask
                0x200034a4       0x16 Middlewares\Third_Party\FreeRTOS\Source\timers.o
 *fill*         0x200034ba        0x2 
 .text.cbTimer  0x200034bc       0x98 Src\App\appLcdSpeedTest.o
                0x200034bc                cbTimer
 .text.ClearTest
                0x20003554       0x16 Src\App\appLcdSpeedTest.o
                0x20003554                ClearTest
 *fill*         0x2000356a        0x2 
 .text.PixelTest
                0x2000356c       0x70 Src\App\appLcdSpeedTest.o
                0x2000356c                PixelTest
 .text.LineTest
                0x200035dc       0xa8 Src\App\appLcdSpeedTest.o
                0x200035dc                LineTest
 .text.FillRectTest
                0x20003684       0xb4 Src\App\appLcdSpeedTest.o
                0x20003684                FillRectTest
 .text.CharTest
                0x20003738      0x130 Src\App\appLcdSpeedTest.o
                0x20003738                CharTest
 .text.CircleTest
                0x20003868       0xbc Src\App\appLcdSpeedTest.o
                0x20003868                CircleTest
 .text.FillCircleTest
                0x20003924       0xbc Src\App\appLcdSpeedTest.o
                0x20003924                FillCircleTest
 .text.ColorTest
                0x200039e0       0xb0 Src\App\appLcdSpeedTest.o
                0x200039e0                ColorTest
 .text.BitmapTest
                0x20003a90       0x64 Src\App\appLcdSpeedTest.o
                0x20003a90                BitmapTest
 .text.ReadPixelTest
                0x20003af4       0xe4 Src\App\appLcdSpeedTest.o
                0x20003af4                ReadPixelTest
 .text.ReadImageTest
                0x20003bd8       0xbc Src\App\appLcdSpeedTest.o
                0x20003bd8                ReadImageTest
 .text.StartDefaultTask
                0x20003c94      0x1c0 Src\App\appLcdSpeedTest.o
                0x20003c94                StartDefaultTask
 .text.ili9325_GetLcdPixelWidth
                0x20003e54        0x6 Src\Lcd\ili9325.o
                0x20003e54                ili9325_GetLcdPixelWidth
 .text.ili9325_GetLcdPixelHeight
                0x20003e5a        0x4 Src\Lcd\ili9325.o
                0x20003e5a                ili9325_GetLcdPixelHeight
 *fill*         0x20003e5e        0x2 
 .text.ili9325_Init
                0x20003e60      0x25c Src\Lcd\ili9325.o
                0x20003e60                ili9325_Init
 .text.ili9325_DisplayOn
                0x200040bc       0xb6 Src\Lcd\ili9325.o
                0x200040bc                ili9325_DisplayOn
 .text.ili9325_DisplayOff
                0x20004172       0x5e Src\Lcd\ili9325.o
                0x20004172                ili9325_DisplayOff
 .text.ili9325_SetCursor
                0x200041d0       0x28 Src\Lcd\ili9325.o
                0x200041d0                ili9325_SetCursor
 .text.ili9325_WritePixel
                0x200041f8       0x38 Src\Lcd\ili9325.o
                0x200041f8                ili9325_WritePixel
 .text.ili9325_SetDisplayWindow
                0x20004230       0x54 Src\Lcd\ili9325.o
                0x20004230                ili9325_SetDisplayWindow
 .text.ili9325_ReadID
                0x20004284       0x30 Src\Lcd\ili9325.o
                0x20004284                ili9325_ReadID
 .text.ili9325_ReadPixel
                0x200042b4       0x40 Src\Lcd\ili9325.o
                0x200042b4                ili9325_ReadPixel
 .text.ili9325_ReadRGBImage
                0x200042f4       0x62 Src\Lcd\ili9325.o
                0x200042f4                ili9325_ReadRGBImage
 .text.ili9325_DrawHLine
                0x20004356       0x38 Src\Lcd\ili9325.o
                0x20004356                ili9325_DrawHLine
 .text.ili9325_DrawVLine
                0x2000438e       0x58 Src\Lcd\ili9325.o
                0x2000438e                ili9325_DrawVLine
 .text.ili9325_FillRect
                0x200043e6       0x7c Src\Lcd\ili9325.o
                0x200043e6                ili9325_FillRect
 .text.ili9325_DrawBitmap
                0x20004462       0xba Src\Lcd\ili9325.o
                0x20004462                ili9325_DrawBitmap
 .text.ili9325_DrawRGBImage
                0x2000451c       0x7a Src\Lcd\ili9325.o
                0x2000451c                ili9325_DrawRGBImage
 *fill*         0x20004596        0x2 
 .text.DMA2_Stream7_IRQHandler
                0x20004598       0x28 Src\Lcd\lcdts_io8p_fsmc.o
                0x20004598                DMA2_Stream7_IRQHandler
 .text.LCD_Delay
                0x200045c0        0x8 Src\Lcd\lcdts_io8p_fsmc.o
                0x200045c0                LCD_Delay
 .text.LCD_IO_Bl_OnOff
                0x200045c8       0x18 Src\Lcd\lcdts_io8p_fsmc.o
                0x200045c8                LCD_IO_Bl_OnOff
 .text.LCD_IO_Init
                0x200045e0       0xa8 Src\Lcd\lcdts_io8p_fsmc.o
                0x200045e0                LCD_IO_Init
 .text.LCD_IO_WriteCmd16
                0x20004688        0x8 Src\Lcd\lcdts_io8p_fsmc.o
                0x20004688                LCD_IO_WriteCmd16
 .text.LCD_IO_WriteData16
                0x20004690        0xc Src\Lcd\lcdts_io8p_fsmc.o
                0x20004690                LCD_IO_WriteData16
 .text.LCD_IO_WriteCmd16DataFill16
                0x2000469c       0x78 Src\Lcd\lcdts_io8p_fsmc.o
                0x2000469c                LCD_IO_WriteCmd16DataFill16
 .text.LCD_IO_WriteCmd16MultipleData16
                0x20004714       0x70 Src\Lcd\lcdts_io8p_fsmc.o
                0x20004714                LCD_IO_WriteCmd16MultipleData16
 .text.LCD_IO_ReadCmd16MultipleData16
                0x20004784       0x80 Src\Lcd\lcdts_io8p_fsmc.o
                0x20004784                LCD_IO_ReadCmd16MultipleData16
 .text.SetDisplayWindow
                0x20004804       0x14 Src\Lcd\stm32_adafruit_lcd.o
 .text.BSP_LCD_GetXSize
                0x20004818       0x10 Src\Lcd\stm32_adafruit_lcd.o
                0x20004818                BSP_LCD_GetXSize
 .text.BSP_LCD_GetYSize
                0x20004828       0x10 Src\Lcd\stm32_adafruit_lcd.o
                0x20004828                BSP_LCD_GetYSize
 .text.BSP_LCD_SetTextColor
                0x20004838        0xc Src\Lcd\stm32_adafruit_lcd.o
                0x20004838                BSP_LCD_SetTextColor
 .text.BSP_LCD_SetBackColor
                0x20004844        0xc Src\Lcd\stm32_adafruit_lcd.o
                0x20004844                BSP_LCD_SetBackColor
 .text.BSP_LCD_SetFont
                0x20004850        0xc Src\Lcd\stm32_adafruit_lcd.o
                0x20004850                BSP_LCD_SetFont
 .text.BSP_LCD_GetFont
                0x2000485c        0xc Src\Lcd\stm32_adafruit_lcd.o
                0x2000485c                BSP_LCD_GetFont
 .text.BSP_LCD_Clear
                0x20004868       0x2c Src\Lcd\stm32_adafruit_lcd.o
                0x20004868                BSP_LCD_Clear
 .text.BSP_LCD_Init
                0x20004894       0x3c Src\Lcd\stm32_adafruit_lcd.o
                0x20004894                BSP_LCD_Init
 .text.BSP_LCD_DrawPixel
                0x200048d0       0x14 Src\Lcd\stm32_adafruit_lcd.o
                0x200048d0                BSP_LCD_DrawPixel
 .text.BSP_LCD_DrawHLine
                0x200048e4       0x40 Src\Lcd\stm32_adafruit_lcd.o
                0x200048e4                BSP_LCD_DrawHLine
 .text.BSP_LCD_DrawVLine
                0x20004924       0x40 Src\Lcd\stm32_adafruit_lcd.o
                0x20004924                BSP_LCD_DrawVLine
 .text.BSP_LCD_DrawLine
                0x20004964       0xd8 Src\Lcd\stm32_adafruit_lcd.o
                0x20004964                BSP_LCD_DrawLine
 .text.BSP_LCD_DrawCircle
                0x20004a3c       0xdc Src\Lcd\stm32_adafruit_lcd.o
                0x20004a3c                BSP_LCD_DrawCircle
 .text.BSP_LCD_DrawBitmap
                0x20004b18       0x4c Src\Lcd\stm32_adafruit_lcd.o
                0x20004b18                BSP_LCD_DrawBitmap
 .text.DrawChar
                0x20004b64      0x114 Src\Lcd\stm32_adafruit_lcd.o
 .text.BSP_LCD_DisplayChar
                0x20004c78       0x28 Src\Lcd\stm32_adafruit_lcd.o
                0x20004c78                BSP_LCD_DisplayChar
 .text.BSP_LCD_FillRect
                0x20004ca0       0x20 Src\Lcd\stm32_adafruit_lcd.o
                0x20004ca0                BSP_LCD_FillRect
 .text.BSP_LCD_FillCircle
                0x20004cc0       0xb8 Src\Lcd\stm32_adafruit_lcd.o
                0x20004cc0                BSP_LCD_FillCircle
 .text.BSP_LCD_DisplayOn
                0x20004d78       0x10 Src\Lcd\stm32_adafruit_lcd.o
                0x20004d78                BSP_LCD_DisplayOn
 .text.BSP_LCD_DisplayOff
                0x20004d88       0x10 Src\Lcd\stm32_adafruit_lcd.o
                0x20004d88                BSP_LCD_DisplayOff
 .text.BSP_LCD_ReadID
                0x20004d98       0x18 Src\Lcd\stm32_adafruit_lcd.o
                0x20004d98                BSP_LCD_ReadID
 .text.BSP_LCD_ReadPixel
                0x20004db0       0x18 Src\Lcd\stm32_adafruit_lcd.o
                0x20004db0                BSP_LCD_ReadPixel
 .text.BSP_LCD_DrawRGB16Image
                0x20004dc8       0x18 Src\Lcd\stm32_adafruit_lcd.o
                0x20004dc8                BSP_LCD_DrawRGB16Image
 .text.BSP_LCD_ReadRGB16Image
                0x20004de0       0x18 Src\Lcd\stm32_adafruit_lcd.o
                0x20004de0                BSP_LCD_ReadRGB16Image
 .text.MX_GPIO_Init
                0x20004df8       0x88 Src\main.o
 .text.StartLopriority
                0x20004e80        0xa Src\main.o
                0x20004e80                StartLopriority
 *fill*         0x20004e8a        0x2 
 .text.HAL_TIM_PeriodElapsedCallback
                0x20004e8c       0x18 Src\main.o
                0x20004e8c                HAL_TIM_PeriodElapsedCallback
 .text._Error_Handler
                0x20004ea4        0x2 Src\main.o
                0x20004ea4                _Error_Handler
 *fill*         0x20004ea6        0x2 
 .text.MX_RTC_Init
                0x20004ea8       0x38 Src\main.o
 .text.MX_FSMC_Init
                0x20004ee0       0x70 Src\main.o
 .text.SystemClock_Config
                0x20004f50       0xe0 Src\main.o
                0x20004f50                SystemClock_Config
 .text.main     0x20005030       0x94 Src\main.o
                0x20005030                main
 .text.HAL_FSMC_MspInit
                0x200050c4       0x70 Src\stm32f4xx_hal_msp.o
 .text.HAL_MspInit
                0x20005134       0x94 Src\stm32f4xx_hal_msp.o
                0x20005134                HAL_MspInit
 .text.HAL_RTC_MspInit
                0x200051c8       0x1c Src\stm32f4xx_hal_msp.o
                0x200051c8                HAL_RTC_MspInit
 .text.HAL_SRAM_MspInit
                0x200051e4        0x8 Src\stm32f4xx_hal_msp.o
                0x200051e4                HAL_SRAM_MspInit
 .text.HAL_InitTick
                0x200051ec       0x7c Src\stm32f4xx_hal_timebase_TIM.o
                0x200051ec                HAL_InitTick
 .text.NMI_Handler
                0x20005268        0x2 Src\stm32f4xx_it.o
                0x20005268                NMI_Handler
 .text.HardFault_Handler
                0x2000526a        0x2 Src\stm32f4xx_it.o
                0x2000526a                HardFault_Handler
 .text.MemManage_Handler
                0x2000526c        0x2 Src\stm32f4xx_it.o
                0x2000526c                MemManage_Handler
 .text.BusFault_Handler
                0x2000526e        0x2 Src\stm32f4xx_it.o
                0x2000526e                BusFault_Handler
 .text.UsageFault_Handler
                0x20005270        0x2 Src\stm32f4xx_it.o
                0x20005270                UsageFault_Handler
 .text.DebugMon_Handler
                0x20005272        0x2 Src\stm32f4xx_it.o
                0x20005272                DebugMon_Handler
 .text.SysTick_Handler
                0x20005274        0x8 Src\stm32f4xx_it.o
                0x20005274                SysTick_Handler
 .text.TIM6_DAC_IRQHandler
                0x2000527c       0x10 Src\stm32f4xx_it.o
                0x2000527c                TIM6_DAC_IRQHandler
 .text._write   0x2000528c       0x48 Src\syscalls.o
                0x2000528c                _write
 .text._sbrk    0x200052d4       0x24 Src\syscalls.o
                0x200052d4                _sbrk
 .text._close   0x200052f8       0x10 Src\syscalls.o
                0x200052f8                _close
 .text._fstat   0x20005308       0x10 Src\syscalls.o
                0x20005308                _fstat
 .text._isatty  0x20005318       0x10 Src\syscalls.o
                0x20005318                _isatty
 .text._lseek   0x20005328       0x10 Src\syscalls.o
                0x20005328                _lseek
 .text._read    0x20005338       0x10 Src\syscalls.o
                0x20005338                _read
 .text.SystemInit
                0x20005348       0x4c Src\system_stm32f4xx.o
                0x20005348                SystemInit
 .text.Reset_Handler
                0x20005394       0x50 startup\startup_stm32f407xx.o
                0x20005394                Reset_Handler
 .text.Default_Handler
                0x200053e4        0x2 startup\startup_stm32f407xx.o
                0x200053e4                RTC_Alarm_IRQHandler
                0x200053e4                HASH_RNG_IRQHandler
                0x200053e4                EXTI2_IRQHandler
                0x200053e4                TIM8_CC_IRQHandler
                0x200053e4                TIM1_CC_IRQHandler
                0x200053e4                DMA2_Stream5_IRQHandler
                0x200053e4                DMA1_Stream5_IRQHandler
                0x200053e4                PVD_IRQHandler
                0x200053e4                SDIO_IRQHandler
                0x200053e4                TAMP_STAMP_IRQHandler
                0x200053e4                CAN2_RX1_IRQHandler
                0x200053e4                EXTI3_IRQHandler
                0x200053e4                TIM8_TRG_COM_TIM14_IRQHandler
                0x200053e4                TIM1_UP_TIM10_IRQHandler
                0x200053e4                TIM8_UP_TIM13_IRQHandler
                0x200053e4                I2C3_ER_IRQHandler
                0x200053e4                EXTI0_IRQHandler
                0x200053e4                I2C2_EV_IRQHandler
                0x200053e4                DMA1_Stream2_IRQHandler
                0x200053e4                CAN1_RX0_IRQHandler
                0x200053e4                FPU_IRQHandler
                0x200053e4                OTG_HS_WKUP_IRQHandler
                0x200053e4                CAN2_SCE_IRQHandler
                0x200053e4                DMA2_Stream2_IRQHandler
                0x200053e4                SPI1_IRQHandler
                0x200053e4                TIM1_BRK_TIM9_IRQHandler
                0x200053e4                DCMI_IRQHandler
                0x200053e4                CAN2_RX0_IRQHandler
                0x200053e4                DMA2_Stream3_IRQHandler
                0x200053e4                USART6_IRQHandler
                0x200053e4                USART3_IRQHandler
                0x200053e4                CAN1_RX1_IRQHandler
                0x200053e4                UART5_IRQHandler
                0x200053e4                DMA2_Stream0_IRQHandler
                0x200053e4                TIM4_IRQHandler
                0x200053e4                I2C1_EV_IRQHandler
                0x200053e4                DMA1_Stream6_IRQHandler
                0x200053e4                DMA1_Stream1_IRQHandler
                0x200053e4                UART4_IRQHandler
                0x200053e4                TIM3_IRQHandler
                0x200053e4                RCC_IRQHandler
                0x200053e4                TIM8_BRK_TIM12_IRQHandler
                0x200053e4                Default_Handler
                0x200053e4                EXTI15_10_IRQHandler
                0x200053e4                ADC_IRQHandler
                0x200053e4                DMA1_Stream7_IRQHandler
                0x200053e4                TIM7_IRQHandler
                0x200053e4                CAN2_TX_IRQHandler
                0x200053e4                TIM5_IRQHandler
                0x200053e4                I2C3_EV_IRQHandler
                0x200053e4                EXTI9_5_IRQHandler
                0x200053e4                RTC_WKUP_IRQHandler
                0x200053e4                ETH_WKUP_IRQHandler
                0x200053e4                SPI2_IRQHandler
                0x200053e4                OTG_HS_EP1_IN_IRQHandler
                0x200053e4                DMA1_Stream0_IRQHandler
                0x200053e4                CAN1_TX_IRQHandler
                0x200053e4                EXTI4_IRQHandler
                0x200053e4                FSMC_IRQHandler
                0x200053e4                ETH_IRQHandler
                0x200053e4                OTG_HS_EP1_OUT_IRQHandler
                0x200053e4                WWDG_IRQHandler
                0x200053e4                TIM2_IRQHandler
                0x200053e4                OTG_FS_WKUP_IRQHandler
                0x200053e4                TIM1_TRG_COM_TIM11_IRQHandler
                0x200053e4                OTG_HS_IRQHandler
                0x200053e4                EXTI1_IRQHandler
                0x200053e4                USART2_IRQHandler
                0x200053e4                I2C2_ER_IRQHandler
                0x200053e4                DMA2_Stream1_IRQHandler
                0x200053e4                CAN1_SCE_IRQHandler
                0x200053e4                FLASH_IRQHandler
                0x200053e4                DMA2_Stream4_IRQHandler
                0x200053e4                USART1_IRQHandler
                0x200053e4                OTG_FS_IRQHandler
                0x200053e4                SPI3_IRQHandler
                0x200053e4                DMA1_Stream4_IRQHandler
                0x200053e4                I2C1_ER_IRQHandler
                0x200053e4                DMA2_Stream6_IRQHandler
                0x200053e4                DMA1_Stream3_IRQHandler
 *fill*         0x200053e6        0x2 
 .text.__libc_init_array
                0x200053e8       0x48 c:/programok/st/truestudio for stm32 9.0.0/armtools/bin/../lib/gcc/arm-atollic-eabi/6.3.1/../../../../arm-atollic-eabi/lib/armv7e-m/fpu\libc_nano.a(lib_a-init.o)
                0x200053e8                __libc_init_array
 .text.memcpy   0x20005430       0x16 c:/programok/st/truestudio for stm32 9.0.0/armtools/bin/../lib/gcc/arm-atollic-eabi/6.3.1/../../../../arm-atollic-eabi/lib/armv7e-m/fpu\libc_nano.a(lib_a-memcpy-stub.o)
                0x20005430                memcpy
 *fill*         0x20005446        0x2 
 .text.printf   0x20005448       0x30 c:/programok/st/truestudio for stm32 9.0.0/armtools/bin/../lib/gcc/arm-atollic-eabi/6.3.1/../../../../arm-atollic-eabi/lib/armv7e-m/fpu\libc_nano.a(lib_a-printf.o)
                0x20005448                iprintf
                0x20005448                printf
 .text._puts_r  0x20005478       0xb8 c:/programok/st/truestudio for stm32 9.0.0/armtools/bin/../lib/gcc/arm-atollic-eabi/6.3.1/../../../../arm-atollic-eabi/lib/armv7e-m/fpu\libc_nano.a(lib_a-puts.o)
                0x20005478                _puts_r
 .text.puts     0x20005530       0x10 c:/programok/st/truestudio for stm32 9.0.0/armtools/bin/../lib/gcc/arm-atollic-eabi/6.3.1/../../../../arm-atollic-eabi/lib/armv7e-m/fpu\libc_nano.a(lib_a-puts.o)
                0x20005530                puts
 .text.random   0x20005540       0x74 c:/programok/st/truestudio for stm32 9.0.0/armtools/bin/../lib/gcc/arm-atollic-eabi/6.3.1/../../../../arm-atollic-eabi/lib/armv7e-m/fpu\libc_nano.a(lib_a-random.o)
                0x20005540                random
 .text.__swbuf_r
                0x200055b4       0xa4 c:/programok/st/truestudio for stm32 9.0.0/armtools/bin/../lib/gcc/arm-atollic-eabi/6.3.1/../../../../arm-atollic-eabi/lib/armv7e-m/fpu\libc_nano.a(lib_a-wbuf.o)
                0x200055b4                __swbuf_r
 .text.__swsetup_r
                0x20005658       0xdc c:/programok/st/truestudio for stm32 9.0.0/armtools/bin/../lib/gcc/arm-atollic-eabi/6.3.1/../../../../arm-atollic-eabi/lib/armv7e-m/fpu\libc_nano.a(lib_a-wsetup.o)
                0x20005658                __swsetup_r
 .text.__sflush_r
                0x20005734      0x110 c:/programok/st/truestudio for stm32 9.0.0/armtools/bin/../lib/gcc/arm-atollic-eabi/6.3.1/../../../../arm-atollic-eabi/lib/armv7e-m/fpu\libc_nano.a(lib_a-fflush.o)
                0x20005734                __sflush_r
 .text._fflush_r
                0x20005844       0x54 c:/programok/st/truestudio for stm32 9.0.0/armtools/bin/../lib/gcc/arm-atollic-eabi/6.3.1/../../../../arm-atollic-eabi/lib/armv7e-m/fpu\libc_nano.a(lib_a-fflush.o)
                0x20005844                _fflush_r
 .text._cleanup_r
                0x20005898        0xc c:/programok/st/truestudio for stm32 9.0.0/armtools/bin/../lib/gcc/arm-atollic-eabi/6.3.1/../../../../arm-atollic-eabi/lib/armv7e-m/fpu\libc_nano.a(lib_a-findfp.o)
                0x20005898                _cleanup_r
 .text.std.isra.0
                0x200058a4       0x48 c:/programok/st/truestudio for stm32 9.0.0/armtools/bin/../lib/gcc/arm-atollic-eabi/6.3.1/../../../../arm-atollic-eabi/lib/armv7e-m/fpu\libc_nano.a(lib_a-findfp.o)
 .text.__sfmoreglue
                0x200058ec       0x2c c:/programok/st/truestudio for stm32 9.0.0/armtools/bin/../lib/gcc/arm-atollic-eabi/6.3.1/../../../../arm-atollic-eabi/lib/armv7e-m/fpu\libc_nano.a(lib_a-findfp.o)
                0x200058ec                __sfmoreglue
 .text.__sinit  0x20005918       0x60 c:/programok/st/truestudio for stm32 9.0.0/armtools/bin/../lib/gcc/arm-atollic-eabi/6.3.1/../../../../arm-atollic-eabi/lib/armv7e-m/fpu\libc_nano.a(lib_a-findfp.o)
                0x20005918                __sinit
 .text.__sfp    0x20005978       0x78 c:/programok/st/truestudio for stm32 9.0.0/armtools/bin/../lib/gcc/arm-atollic-eabi/6.3.1/../../../../arm-atollic-eabi/lib/armv7e-m/fpu\libc_nano.a(lib_a-findfp.o)
                0x20005978                __sfp
 .text._fwalk_reent
                0x200059f0       0x3c c:/programok/st/truestudio for stm32 9.0.0/armtools/bin/../lib/gcc/arm-atollic-eabi/6.3.1/../../../../arm-atollic-eabi/lib/armv7e-m/fpu\libc_nano.a(lib_a-fwalk.o)
                0x200059f0                _fwalk_reent
 .text.__swhatbuf_r
                0x20005a2c       0x48 c:/programok/st/truestudio for stm32 9.0.0/armtools/bin/../lib/gcc/arm-atollic-eabi/6.3.1/../../../../arm-atollic-eabi/lib/armv7e-m/fpu\libc_nano.a(lib_a-makebuf.o)
                0x20005a2c                __swhatbuf_r
 .text.__smakebuf_r
                0x20005a74       0x80 c:/programok/st/truestudio for stm32 9.0.0/armtools/bin/../lib/gcc/arm-atollic-eabi/6.3.1/../../../../arm-atollic-eabi/lib/armv7e-m/fpu\libc_nano.a(lib_a-makebuf.o)
                0x20005a74                __smakebuf_r
 .text.malloc   0x20005af4       0x10 c:/programok/st/truestudio for stm32 9.0.0/armtools/bin/../lib/gcc/arm-atollic-eabi/6.3.1/../../../../arm-atollic-eabi/lib/armv7e-m/fpu\libc_nano.a(lib_a-malloc.o)
                0x20005af4                malloc
 .text.memset   0x20005b04       0x10 c:/programok/st/truestudio for stm32 9.0.0/armtools/bin/../lib/gcc/arm-atollic-eabi/6.3.1/../../../../arm-atollic-eabi/lib/armv7e-m/fpu\libc_nano.a(lib_a-memset.o)
                0x20005b04                memset
 .text._free_r  0x20005b14       0x9c c:/programok/st/truestudio for stm32 9.0.0/armtools/bin/../lib/gcc/arm-atollic-eabi/6.3.1/../../../../arm-atollic-eabi/lib/armv7e-m/fpu\libc_nano.a(lib_a-nano-freer.o)
                0x20005b14                _free_r
 .text._malloc_r
                0x20005bb0       0xbc c:/programok/st/truestudio for stm32 9.0.0/armtools/bin/../lib/gcc/arm-atollic-eabi/6.3.1/../../../../arm-atollic-eabi/lib/armv7e-m/fpu\libc_nano.a(lib_a-nano-mallocr.o)
                0x20005bb0                _malloc_r
 .text.__sfputc_r
                0x20005c6c       0x30 c:/programok/st/truestudio for stm32 9.0.0/armtools/bin/../lib/gcc/arm-atollic-eabi/6.3.1/../../../../arm-atollic-eabi/lib/armv7e-m/fpu\libc_nano.a(lib_a-nano-vfprintf.o)
 .text.__sfputs_r
                0x20005c9c       0x24 c:/programok/st/truestudio for stm32 9.0.0/armtools/bin/../lib/gcc/arm-atollic-eabi/6.3.1/../../../../arm-atollic-eabi/lib/armv7e-m/fpu\libc_nano.a(lib_a-nano-vfprintf.o)
                0x20005c9c                __sfputs_r
 .text._vfprintf_r
                0x20005cc0      0x22c c:/programok/st/truestudio for stm32 9.0.0/armtools/bin/../lib/gcc/arm-atollic-eabi/6.3.1/../../../../arm-atollic-eabi/lib/armv7e-m/fpu\libc_nano.a(lib_a-nano-vfprintf.o)
                0x20005cc0                _vfprintf_r
                0x20005cc0                _vfiprintf_r
 .text._printf_common
                0x20005eec       0xec c:/programok/st/truestudio for stm32 9.0.0/armtools/bin/../lib/gcc/arm-atollic-eabi/6.3.1/../../../../arm-atollic-eabi/lib/armv7e-m/fpu\libc_nano.a(lib_a-nano-vfprintf_i.o)
                0x20005eec                _printf_common
 .text._printf_i
                0x20005fd8      0x240 c:/programok/st/truestudio for stm32 9.0.0/armtools/bin/../lib/gcc/arm-atollic-eabi/6.3.1/../../../../arm-atollic-eabi/lib/armv7e-m/fpu\libc_nano.a(lib_a-nano-vfprintf_i.o)
                0x20005fd8                _printf_i
 .text._sbrk_r  0x20006218       0x20 c:/programok/st/truestudio for stm32 9.0.0/armtools/bin/../lib/gcc/arm-atollic-eabi/6.3.1/../../../../arm-atollic-eabi/lib/armv7e-m/fpu\libc_nano.a(lib_a-sbrkr.o)
                0x20006218                _sbrk_r
 .text.__sread  0x20006238       0x22 c:/programok/st/truestudio for stm32 9.0.0/armtools/bin/../lib/gcc/arm-atollic-eabi/6.3.1/../../../../arm-atollic-eabi/lib/armv7e-m/fpu\libc_nano.a(lib_a-stdio.o)
                0x20006238                __sread
 .text.__swrite
                0x2000625a       0x38 c:/programok/st/truestudio for stm32 9.0.0/armtools/bin/../lib/gcc/arm-atollic-eabi/6.3.1/../../../../arm-atollic-eabi/lib/armv7e-m/fpu\libc_nano.a(lib_a-stdio.o)
                0x2000625a                __swrite
 .text.__sseek  0x20006292       0x24 c:/programok/st/truestudio for stm32 9.0.0/armtools/bin/../lib/gcc/arm-atollic-eabi/6.3.1/../../../../arm-atollic-eabi/lib/armv7e-m/fpu\libc_nano.a(lib_a-stdio.o)
                0x20006292                __sseek
 .text.__sclose
                0x200062b6        0x8 c:/programok/st/truestudio for stm32 9.0.0/armtools/bin/../lib/gcc/arm-atollic-eabi/6.3.1/../../../../arm-atollic-eabi/lib/armv7e-m/fpu\libc_nano.a(lib_a-stdio.o)
                0x200062b6                __sclose
 *fill*         0x200062be        0x2 
 .text._write_r
                0x200062c0       0x24 c:/programok/st/truestudio for stm32 9.0.0/armtools/bin/../lib/gcc/arm-atollic-eabi/6.3.1/../../../../arm-atollic-eabi/lib/armv7e-m/fpu\libc_nano.a(lib_a-writer.o)
                0x200062c0                _write_r
 .text._close_r
                0x200062e4       0x20 c:/programok/st/truestudio for stm32 9.0.0/armtools/bin/../lib/gcc/arm-atollic-eabi/6.3.1/../../../../arm-atollic-eabi/lib/armv7e-m/fpu\libc_nano.a(lib_a-closer.o)
                0x200062e4                _close_r
 .text._fstat_r
                0x20006304       0x24 c:/programok/st/truestudio for stm32 9.0.0/armtools/bin/../lib/gcc/arm-atollic-eabi/6.3.1/../../../../arm-atollic-eabi/lib/armv7e-m/fpu\libc_nano.a(lib_a-fstatr.o)
                0x20006304                _fstat_r
 .text._isatty_r
                0x20006328       0x20 c:/programok/st/truestudio for stm32 9.0.0/armtools/bin/../lib/gcc/arm-atollic-eabi/6.3.1/../../../../arm-atollic-eabi/lib/armv7e-m/fpu\libc_nano.a(lib_a-isattyr.o)
                0x20006328                _isatty_r
 .text._lseek_r
                0x20006348       0x24 c:/programok/st/truestudio for stm32 9.0.0/armtools/bin/../lib/gcc/arm-atollic-eabi/6.3.1/../../../../arm-atollic-eabi/lib/armv7e-m/fpu\libc_nano.a(lib_a-lseekr.o)
                0x20006348                _lseek_r
 .text.__malloc_lock
                0x2000636c        0x2 c:/programok/st/truestudio for stm32 9.0.0/armtools/bin/../lib/gcc/arm-atollic-eabi/6.3.1/../../../../arm-atollic-eabi/lib/armv7e-m/fpu\libc_nano.a(lib_a-mlock.o)
                0x2000636c                __malloc_lock
 .text.__malloc_unlock
                0x2000636e        0x2 c:/programok/st/truestudio for stm32 9.0.0/armtools/bin/../lib/gcc/arm-atollic-eabi/6.3.1/../../../../arm-atollic-eabi/lib/armv7e-m/fpu\libc_nano.a(lib_a-mlock.o)
                0x2000636e                __malloc_unlock
 .text._read_r  0x20006370       0x24 c:/programok/st/truestudio for stm32 9.0.0/armtools/bin/../lib/gcc/arm-atollic-eabi/6.3.1/../../../../arm-atollic-eabi/lib/armv7e-m/fpu\libc_nano.a(lib_a-readr.o)
                0x20006370                _read_r
 *(.glue_7)
 .glue_7        0x20006394        0x0 linker stubs
 *(.glue_7t)
 .glue_7t       0x20006394        0x0 linker stubs
 *(.eh_frame)
 .eh_frame      0x20006394        0x0 c:/programok/st/truestudio for stm32 9.0.0/armtools/bin/../lib/gcc/arm-atollic-eabi/6.3.1/armv7e-m/fpu/crtbegin.o
 *(.init)
 .init          0x20006394        0x4 c:/programok/st/truestudio for stm32 9.0.0/armtools/bin/../lib/gcc/arm-atollic-eabi/6.3.1/armv7e-m/fpu/crti.o
                0x20006394                _init
 .init          0x20006398        0x8 c:/programok/st/truestudio for stm32 9.0.0/armtools/bin/../lib/gcc/arm-atollic-eabi/6.3.1/armv7e-m/fpu/crtn.o
 *(.fini)
 .fini          0x200063a0        0x4 c:/programok/st/truestudio for stm32 9.0.0/armtools/bin/../lib/gcc/arm-atollic-eabi/6.3.1/armv7e-m/fpu/crti.o
                0x200063a0                _fini
 .fini          0x200063a4        0x8 c:/programok/st/truestudio for stm32 9.0.0/armtools/bin/../lib/gcc/arm-atollic-eabi/6.3.1/armv7e-m/fpu/crtn.o
                0x200063ac                . = ALIGN (0x4)
                0x200063ac                _etext = .

.vfp11_veneer   0x200063ac        0x0
 .vfp11_veneer  0x200063ac        0x0 linker stubs

.v4_bx          0x200063ac        0x0
 .v4_bx         0x200063ac        0x0 linker stubs

.iplt           0x200063ac        0x0
 .iplt          0x200063ac        0x0 c:/programok/st/truestudio for stm32 9.0.0/armtools/bin/../lib/gcc/arm-atollic-eabi/6.3.1/armv7e-m/fpu/crtbegin.o

.rodata         0x200063b0     0x6e48
                0x200063b0                . = ALIGN (0x4)
 *(.rodata)
 .rodata        0x200063b0       0x28 Src\main.o
 *(.rodata*)
 .rodata.osTimerCreate.str1.4
                0x200063d8        0x0 Middlewares\Third_Party\FreeRTOS\Source\CMSIS_RTOS\cmsis_os.o
                                  0x1 (size before relaxing)
 .rodata.vTaskStartScheduler.str1.4
                0x200063d8        0x5 Middlewares\Third_Party\FreeRTOS\Source\tasks.o
 *fill*         0x200063dd        0x3 
 .rodata.prvCheckForValidListAndQueue.str1.4
                0x200063e0        0x5 Middlewares\Third_Party\FreeRTOS\Source\timers.o
 *fill*         0x200063e5        0x3 
 .rodata.xTimerCreateTimerTask.str1.4
                0x200063e8        0x8 Middlewares\Third_Party\FreeRTOS\Source\timers.o
 .rodata.ReadImageTest.str1.4
                0x200063f0       0x1a Src\App\appLcdSpeedTest.o
 *fill*         0x2000640a        0x2 
 .rodata.ReadPixelTest.str1.4
                0x2000640c       0x1a Src\App\appLcdSpeedTest.o
 *fill*         0x20006426        0x2 
 .rodata.StartDefaultTask.str1.4
                0x20006428       0xfa Src\App\appLcdSpeedTest.o
                                0x10e (size before relaxing)
 *fill*         0x20006522        0x6 
 .rodata.beer_60x100_16
                0x20006528     0x2f16 Src\App\beer_60x100_16.o
                0x20006528                beer_60x100_16
 *fill*         0x2000943e        0x2 
 .rodata.Font12_Table
                0x20009440      0x474 Src\Lcd\Fonts\font12.o
                0x20009440                Font12_Table
 .rodata.Font16_Table
                0x200098b4      0xbe0 Src\Lcd\Fonts\font16.o
                0x200098b4                Font16_Table
 .rodata.Font20_Table
                0x2000a494      0xed8 Src\Lcd\Fonts\font20.o
                0x2000a494                Font20_Table
 .rodata.Font24_Table
                0x2000b36c     0x1ab8 Src\Lcd\Fonts\font24.o
                0x2000b36c                Font24_Table
 .rodata.Font8_Table
                0x2000ce24      0x2f8 Src\Lcd\Fonts\font8.o
                0x2000ce24                Font8_Table
 .rodata.MX_RTC_Init.str1.4
                0x2000d11c        0xe Src\main.o
 *fill*         0x2000d12a        0x2 
 .rodata.str1.4
                0x2000d12c       0x1c Src\main.o
 .rodata.AHBPrescTable
                0x2000d148       0x10 Src\system_stm32f4xx.o
                0x2000d148                AHBPrescTable
 .rodata.APBPrescTable
                0x2000d158        0x8 Src\system_stm32f4xx.o
                0x2000d158                APBPrescTable
 .rodata._global_impure_ptr
                0x2000d160        0x4 c:/programok/st/truestudio for stm32 9.0.0/armtools/bin/../lib/gcc/arm-atollic-eabi/6.3.1/../../../../arm-atollic-eabi/lib/armv7e-m/fpu\libc_nano.a(lib_a-impure.o)
                0x2000d160                _global_impure_ptr
 .rodata.__sf_fake_stderr
                0x2000d164       0x20 c:/programok/st/truestudio for stm32 9.0.0/armtools/bin/../lib/gcc/arm-atollic-eabi/6.3.1/../../../../arm-atollic-eabi/lib/armv7e-m/fpu\libc_nano.a(lib_a-findfp.o)
                0x2000d164                __sf_fake_stderr
 .rodata.__sf_fake_stdin
                0x2000d184       0x20 c:/programok/st/truestudio for stm32 9.0.0/armtools/bin/../lib/gcc/arm-atollic-eabi/6.3.1/../../../../arm-atollic-eabi/lib/armv7e-m/fpu\libc_nano.a(lib_a-findfp.o)
                0x2000d184                __sf_fake_stdin
 .rodata.__sf_fake_stdout
                0x2000d1a4       0x20 c:/programok/st/truestudio for stm32 9.0.0/armtools/bin/../lib/gcc/arm-atollic-eabi/6.3.1/../../../../arm-atollic-eabi/lib/armv7e-m/fpu\libc_nano.a(lib_a-findfp.o)
                0x2000d1a4                __sf_fake_stdout
 .rodata._vfprintf_r.str1.1
                0x2000d1c4       0x11 c:/programok/st/truestudio for stm32 9.0.0/armtools/bin/../lib/gcc/arm-atollic-eabi/6.3.1/../../../../arm-atollic-eabi/lib/armv7e-m/fpu\libc_nano.a(lib_a-nano-vfprintf.o)
 .rodata._printf_i.str1.1
                0x2000d1d5       0x22 c:/programok/st/truestudio for stm32 9.0.0/armtools/bin/../lib/gcc/arm-atollic-eabi/6.3.1/../../../../arm-atollic-eabi/lib/armv7e-m/fpu\libc_nano.a(lib_a-nano-vfprintf_i.o)
                0x2000d1f8                . = ALIGN (0x4)
 *fill*         0x2000d1f7        0x1 

.ARM.extab
 *(.ARM.extab* .gnu.linkonce.armextab.*)

.ARM            0x2000d1f8        0x8
                0x2000d1f8                __exidx_start = .
 *(.ARM.exidx*)
 .ARM.exidx     0x2000d1f8        0x8 c:/programok/st/truestudio for stm32 9.0.0/armtools/bin/../lib/gcc/arm-atollic-eabi/6.3.1/armv7e-m/fpu\libgcc.a(_udivmoddi4.o)
                0x2000d200                __exidx_end = .

.rel.dyn        0x2000d200        0x0
 .rel.iplt      0x2000d200        0x0 c:/programok/st/truestudio for stm32 9.0.0/armtools/bin/../lib/gcc/arm-atollic-eabi/6.3.1/armv7e-m/fpu/crtbegin.o

.preinit_array  0x2000d200        0x0
                0x2000d200                PROVIDE (__preinit_array_start, .)
 *(.preinit_array*)
                0x2000d200                PROVIDE (__preinit_array_end, .)

.init_array     0x2000d200        0x4
                0x2000d200                PROVIDE (__init_array_start, .)
 *(SORT(.init_array.*))
 *(.init_array*)
 .init_array    0x2000d200        0x4 c:/programok/st/truestudio for stm32 9.0.0/armtools/bin/../lib/gcc/arm-atollic-eabi/6.3.1/armv7e-m/fpu/crtbegin.o
                0x2000d204                PROVIDE (__init_array_end, .)

.fini_array     0x2000d204        0x4
                [!provide]                PROVIDE (__fini_array_start, .)
 *(SORT(.fini_array.*))
 *(.fini_array*)
 .fini_array    0x2000d204        0x4 c:/programok/st/truestudio for stm32 9.0.0/armtools/bin/../lib/gcc/arm-atollic-eabi/6.3.1/armv7e-m/fpu/crtbegin.o
                [!provide]                PROVIDE (__fini_array_end, .)
                0x2000d208                _sidata = LOADADDR (.data)

.data           0x20018000       0xe0 load address 0x2000d208
                0x20018000                . = ALIGN (0x4)
                0x20018000                _sdata = .
 *(.data)
 *(.data*)
 .data.uwTickFreq
                0x20018000        0x1 Drivers\STM32F4xx_HAL_Driver\Src\stm32f4xx_hal.o
                0x20018000                uwTickFreq
 *fill*         0x20018001        0x3 
 .data.uxCriticalNesting
                0x20018004        0x4 Middlewares\Third_Party\FreeRTOS\Source\portable\GCC\ARM_CM4F\port.o
 .data.task02_measurenum.10701
                0x20018008        0x4 Src\App\appLcdSpeedTest.o
 .data.Font12   0x2001800c        0x8 Src\Lcd\Fonts\font12.o
                0x2001800c                Font12
 .data.Font16   0x20018014        0x8 Src\Lcd\Fonts\font16.o
                0x20018014                Font16
 .data.Font20   0x2001801c        0x8 Src\Lcd\Fonts\font20.o
                0x2001801c                Font20
 .data.Font24   0x20018024        0x8 Src\Lcd\Fonts\font24.o
                0x20018024                Font24
 .data.Font8    0x2001802c        0x8 Src\Lcd\Fonts\font8.o
                0x2001802c                Font8
 .data.ili9325_drv
                0x20018034       0x40 Src\Lcd\ili9325.o
                0x20018034                ili9325_drv
 .data.lcd_drv  0x20018074        0x4 Src\Lcd\ili9325.o
                0x20018074                lcd_drv
 .data.SystemCoreClock
                0x20018078        0x4 Src\system_stm32f4xx.o
                0x20018078                SystemCoreClock
 .data._impure_ptr
                0x2001807c        0x4 c:/programok/st/truestudio for stm32 9.0.0/armtools/bin/../lib/gcc/arm-atollic-eabi/6.3.1/../../../../arm-atollic-eabi/lib/armv7e-m/fpu\libc_nano.a(lib_a-impure.o)
                0x2001807c                _impure_ptr
 .data.impure_data
                0x20018080       0x60 c:/programok/st/truestudio for stm32 9.0.0/armtools/bin/../lib/gcc/arm-atollic-eabi/6.3.1/../../../../arm-atollic-eabi/lib/armv7e-m/fpu\libc_nano.a(lib_a-impure.o)
                0x200180e0                . = ALIGN (0x4)
                0x200180e0                _edata = .
                0x2000d2e8                _siccmram = LOADADDR (.ccmram)

.igot.plt       0x200180e0        0x0 load address 0x2000d2e8
 .igot.plt      0x200180e0        0x0 c:/programok/st/truestudio for stm32 9.0.0/armtools/bin/../lib/gcc/arm-atollic-eabi/6.3.1/armv7e-m/fpu/crtbegin.o

.ccmram         0x10000000        0x0 load address 0x2000d2e8
                0x10000000                . = ALIGN (0x4)
                0x10000000                _sccmram = .
 *(.ccmram)
 *(.ccmram*)
                0x10000000                . = ALIGN (0x4)
                0x10000000                _eccmram = .
                0x10000000                . = ALIGN (0x4)

.bss            0x200180e0     0x7134
                0x200180e0                _sbss = .
                0x200180e0                __bss_start__ = _sbss
 *(.bss)
 .bss           0x200180e0       0x1c c:/programok/st/truestudio for stm32 9.0.0/armtools/bin/../lib/gcc/arm-atollic-eabi/6.3.1/armv7e-m/fpu/crtbegin.o
 *(.bss*)
 .bss.ucMaxSysCallPriority
                0x200180fc        0x1 Middlewares\Third_Party\FreeRTOS\Source\portable\GCC\ARM_CM4F\port.o
 *fill*         0x200180fd        0x3 
 .bss.ulMaxPRIGROUPValue
                0x20018100        0x4 Middlewares\Third_Party\FreeRTOS\Source\portable\GCC\ARM_CM4F\port.o
 .bss.pxEnd     0x20018104        0x4 Middlewares\Third_Party\FreeRTOS\Source\portable\MemMang\heap_4.o
 .bss.ucHeap    0x20018108     0x3c00 Middlewares\Third_Party\FreeRTOS\Source\portable\MemMang\heap_4.o
 .bss.xBlockAllocatedBit
                0x2001bd08        0x4 Middlewares\Third_Party\FreeRTOS\Source\portable\MemMang\heap_4.o
 .bss.xFreeBytesRemaining
                0x2001bd0c        0x4 Middlewares\Third_Party\FreeRTOS\Source\portable\MemMang\heap_4.o
 .bss.xMinimumEverFreeBytesRemaining
                0x2001bd10        0x4 Middlewares\Third_Party\FreeRTOS\Source\portable\MemMang\heap_4.o
 .bss.xStart    0x2001bd14        0x8 Middlewares\Third_Party\FreeRTOS\Source\portable\MemMang\heap_4.o
 .bss.pxCurrentTCB
                0x2001bd1c        0x4 Middlewares\Third_Party\FreeRTOS\Source\tasks.o
                0x2001bd1c                pxCurrentTCB
 .bss.pxDelayedTaskList
                0x2001bd20        0x4 Middlewares\Third_Party\FreeRTOS\Source\tasks.o
 .bss.pxOverflowDelayedTaskList
                0x2001bd24        0x4 Middlewares\Third_Party\FreeRTOS\Source\tasks.o
 .bss.pxReadyTasksLists
                0x2001bd28       0x8c Middlewares\Third_Party\FreeRTOS\Source\tasks.o
 .bss.uxCurrentNumberOfTasks
                0x2001bdb4        0x4 Middlewares\Third_Party\FreeRTOS\Source\tasks.o
 .bss.uxDeletedTasksWaitingCleanUp
                0x2001bdb8        0x4 Middlewares\Third_Party\FreeRTOS\Source\tasks.o
 .bss.uxPendedTicks
                0x2001bdbc        0x4 Middlewares\Third_Party\FreeRTOS\Source\tasks.o
 .bss.uxSchedulerSuspended
                0x2001bdc0        0x4 Middlewares\Third_Party\FreeRTOS\Source\tasks.o
 .bss.uxTaskNumber
                0x2001bdc4        0x4 Middlewares\Third_Party\FreeRTOS\Source\tasks.o
 .bss.uxTopReadyPriority
                0x2001bdc8        0x4 Middlewares\Third_Party\FreeRTOS\Source\tasks.o
 .bss.xDelayedTaskList1
                0x2001bdcc       0x14 Middlewares\Third_Party\FreeRTOS\Source\tasks.o
 .bss.xDelayedTaskList2
                0x2001bde0       0x14 Middlewares\Third_Party\FreeRTOS\Source\tasks.o
 .bss.xIdleTaskHandle
                0x2001bdf4        0x4 Middlewares\Third_Party\FreeRTOS\Source\tasks.o
 .bss.xNextTaskUnblockTime
                0x2001bdf8        0x4 Middlewares\Third_Party\FreeRTOS\Source\tasks.o
 .bss.xNumOfOverflows
                0x2001bdfc        0x4 Middlewares\Third_Party\FreeRTOS\Source\tasks.o
 .bss.xPendingReadyList
                0x2001be00       0x14 Middlewares\Third_Party\FreeRTOS\Source\tasks.o
 .bss.xSchedulerRunning
                0x2001be14        0x4 Middlewares\Third_Party\FreeRTOS\Source\tasks.o
 .bss.xSuspendedTaskList
                0x2001be18       0x14 Middlewares\Third_Party\FreeRTOS\Source\tasks.o
 .bss.xTasksWaitingTermination
                0x2001be2c       0x14 Middlewares\Third_Party\FreeRTOS\Source\tasks.o
 .bss.xTickCount
                0x2001be40        0x4 Middlewares\Third_Party\FreeRTOS\Source\tasks.o
 .bss.xYieldPending
                0x2001be44        0x4 Middlewares\Third_Party\FreeRTOS\Source\tasks.o
 .bss.pxCurrentTimerList
                0x2001be48        0x4 Middlewares\Third_Party\FreeRTOS\Source\timers.o
 .bss.pxOverflowTimerList
                0x2001be4c        0x4 Middlewares\Third_Party\FreeRTOS\Source\timers.o
 .bss.xActiveTimerList1
                0x2001be50       0x14 Middlewares\Third_Party\FreeRTOS\Source\timers.o
 .bss.xActiveTimerList2
                0x2001be64       0x14 Middlewares\Third_Party\FreeRTOS\Source\timers.o
 .bss.xLastTime.6512
                0x2001be78        0x4 Middlewares\Third_Party\FreeRTOS\Source\timers.o
 .bss.xTimerQueue
                0x2001be7c        0x4 Middlewares\Third_Party\FreeRTOS\Source\timers.o
 .bss.xTimerTaskHandle
                0x2001be80        0x4 Middlewares\Third_Party\FreeRTOS\Source\timers.o
 .bss.task02_count
                0x2001be84        0x4 Src\App\appLcdSpeedTest.o
                0x2001be84                task02_count
 .bss.task02_power.10700
                0x2001be88        0x8 Src\App\appLcdSpeedTest.o
 .bss.task02_poweravg
                0x2001be90        0x4 Src\App\appLcdSpeedTest.o
                0x2001be90                task02_poweravg
 .bss.task02_powermax
                0x2001be94        0x4 Src\App\appLcdSpeedTest.o
                0x2001be94                task02_powermax
 .bss.task02_powermin
                0x2001be98        0x4 Src\App\appLcdSpeedTest.o
                0x2001be98                task02_powermin
 .bss.task02_reset
                0x2001be9c        0x4 Src\App\appLcdSpeedTest.o
                0x2001be9c                task02_reset
 .bss.task02_run
                0x2001bea0        0x4 Src\App\appLcdSpeedTest.o
                0x2001bea0                task02_run
 .bss.Is_ili9325_Initialized
                0x2001bea4        0x1 Src\Lcd\ili9325.o
 *fill*         0x2001bea5        0x3 
 .bss.bitmap    0x2001bea8      0x366 Src\Lcd\stm32_adafruit_lcd.o
 *fill*         0x2001c20e        0x2 
 .bss.FSMC_Initialized
                0x2001c210        0x4 Src\stm32f4xx_hal_msp.o
 .bss.heap_end.10474
                0x2001c214        0x4 Src\syscalls.o
 .bss.__malloc_free_list
                0x2001c218        0x4 c:/programok/st/truestudio for stm32 9.0.0/armtools/bin/../lib/gcc/arm-atollic-eabi/6.3.1/../../../../arm-atollic-eabi/lib/armv7e-m/fpu\libc_nano.a(lib_a-nano-mallocr.o)
                0x2001c218                __malloc_free_list
 .bss.__malloc_sbrk_start
                0x2001c21c        0x4 c:/programok/st/truestudio for stm32 9.0.0/armtools/bin/../lib/gcc/arm-atollic-eabi/6.3.1/../../../../arm-atollic-eabi/lib/armv7e-m/fpu\libc_nano.a(lib_a-nano-mallocr.o)
                0x2001c21c                __malloc_sbrk_start
 *(COMMON)
 COMMON         0x2001c220        0x4 Drivers\STM32F4xx_HAL_Driver\Src\stm32f4xx_hal.o
                0x2001c220                uwTick
 COMMON         0x2001c224       0x40 Middlewares\Third_Party\FreeRTOS\Source\queue.o
                0x2001c224                xQueueRegistry
 COMMON         0x2001c264     0x2ee4 Src\App\appLcdSpeedTest.o
                0x2001c264                bitmap
                0x2001f144                myTimer01Handle
 COMMON         0x2001f148        0x4 Src\Lcd\lcdts_io8p_fsmc.o
                0x2001f148                BinarySemDmaHandle
 COMMON         0x2001f14c        0xc Src\Lcd\stm32_adafruit_lcd.o
                0x2001f14c                DrawProp
 COMMON         0x2001f158       0x7c Src\main.o
                0x2001f158                defaultTaskHandle
                0x2001f15c                hsram1
                0x2001f1ac                myLcdDmaHandle
                0x2001f1b0                hrtc
                0x2001f1d0                myLopriorityHandle
 COMMON         0x2001f1d4       0x3c Src\stm32f4xx_hal_timebase_TIM.o
                0x2001f1d4                htim6
 COMMON         0x2001f210        0x4 c:/programok/st/truestudio for stm32 9.0.0/armtools/bin/../lib/gcc/arm-atollic-eabi/6.3.1/../../../../arm-atollic-eabi/lib/armv7e-m/fpu\libc_nano.a(lib_a-reent.o)
                0x2001f210                errno
                0x2001f214                . = ALIGN (0x4)
                0x2001f214                _ebss = .
                0x2001f214                __bss_end__ = _ebss

._user_heap_stack
                0x2001f214      0xa00
                0x2001f214                . = ALIGN (0x4)
                0x2001f214                PROVIDE (end, .)
                [!provide]                PROVIDE (_end, .)
                0x2001f414                . = (. + _Min_Heap_Size)
 *fill*         0x2001f214      0x200 
                0x2001fc14                . = (. + _Min_Stack_Size)
 *fill*         0x2001f414      0x800 
                0x2001fc14                . = ALIGN (0x4)

/DISCARD/
 libc.a(*)
 libm.a(*)
 libgcc.a(*)

.ARM.attributes
                0x00000000       0x30
 *(.ARM.attributes)
 .ARM.attributes
                0x00000000       0x22 c:/programok/st/truestudio for stm32 9.0.0/armtools/bin/../lib/gcc/arm-atollic-eabi/6.3.1/armv7e-m/fpu/crti.o
 .ARM.attributes
                0x00000022       0x34 c:/programok/st/truestudio for stm32 9.0.0/armtools/bin/../lib/gcc/arm-atollic-eabi/6.3.1/armv7e-m/fpu/crtbegin.o
 .ARM.attributes
                0x00000056       0x39 Drivers\STM32F4xx_HAL_Driver\Src\stm32f4xx_hal.o
 .ARM.attributes
                0x0000008f       0x39 Drivers\STM32F4xx_HAL_Driver\Src\stm32f4xx_hal_cortex.o
 .ARM.attributes
                0x000000c8       0x39 Drivers\STM32F4xx_HAL_Driver\Src\stm32f4xx_hal_gpio.o
 .ARM.attributes
                0x00000101       0x39 Drivers\STM32F4xx_HAL_Driver\Src\stm32f4xx_hal_rcc.o
 .ARM.attributes
                0x0000013a       0x39 Drivers\STM32F4xx_HAL_Driver\Src\stm32f4xx_hal_rcc_ex.o
 .ARM.attributes
                0x00000173       0x39 Drivers\STM32F4xx_HAL_Driver\Src\stm32f4xx_hal_rtc.o
 .ARM.attributes
                0x000001ac       0x39 Drivers\STM32F4xx_HAL_Driver\Src\stm32f4xx_hal_sram.o
 .ARM.attributes
                0x000001e5       0x39 Drivers\STM32F4xx_HAL_Driver\Src\stm32f4xx_hal_tim.o
 .ARM.attributes
                0x0000021e       0x39 Drivers\STM32F4xx_HAL_Driver\Src\stm32f4xx_hal_tim_ex.o
 .ARM.attributes
                0x00000257       0x39 Drivers\STM32F4xx_HAL_Driver\Src\stm32f4xx_ll_fsmc.o
 .ARM.attributes
                0x00000290       0x39 Middlewares\Third_Party\FreeRTOS\Source\CMSIS_RTOS\cmsis_os.o
 .ARM.attributes
                0x000002c9       0x39 Middlewares\Third_Party\FreeRTOS\Source\list.o
 .ARM.attributes
                0x00000302       0x39 Middlewares\Third_Party\FreeRTOS\Source\portable\GCC\ARM_CM4F\port.o
 .ARM.attributes
                0x0000033b       0x39 Middlewares\Third_Party\FreeRTOS\Source\portable\MemMang\heap_4.o
 .ARM.attributes
                0x00000374       0x39 Middlewares\Third_Party\FreeRTOS\Source\queue.o
 .ARM.attributes
                0x000003ad       0x39 Middlewares\Third_Party\FreeRTOS\Source\tasks.o
 .ARM.attributes
                0x000003e6       0x39 Middlewares\Third_Party\FreeRTOS\Source\timers.o
 .ARM.attributes
                0x0000041f       0x39 Src\App\appLcdSpeedTest.o
 .ARM.attributes
                0x00000458       0x39 Src\App\beer_60x100_16.o
 .ARM.attributes
                0x00000491       0x39 Src\Lcd\Fonts\font12.o
 .ARM.attributes
                0x000004ca       0x39 Src\Lcd\Fonts\font16.o
 .ARM.attributes
                0x00000503       0x39 Src\Lcd\Fonts\font20.o
 .ARM.attributes
                0x0000053c       0x39 Src\Lcd\Fonts\font24.o
 .ARM.attributes
                0x00000575       0x39 Src\Lcd\Fonts\font8.o
 .ARM.attributes
                0x000005ae       0x39 Src\Lcd\ili9325.o
 .ARM.attributes
                0x000005e7       0x39 Src\Lcd\lcdts_io8p_fsmc.o
 .ARM.attributes
                0x00000620       0x39 Src\Lcd\stm32_adafruit_lcd.o
 .ARM.attributes
                0x00000659       0x39 Src\main.o
 .ARM.attributes
                0x00000692       0x39 Src\stm32f4xx_hal_msp.o
 .ARM.attributes
                0x000006cb       0x39 Src\stm32f4xx_hal_timebase_TIM.o
 .ARM.attributes
                0x00000704       0x39 Src\stm32f4xx_it.o
 .ARM.attributes
                0x0000073d       0x39 Src\syscalls.o
 .ARM.attributes
                0x00000776       0x39 Src\system_stm32f4xx.o
 .ARM.attributes
                0x000007af       0x21 startup\startup_stm32f407xx.o
 .ARM.attributes
                0x000007d0       0x34 c:/programok/st/truestudio for stm32 9.0.0/armtools/bin/../lib/gcc/arm-atollic-eabi/6.3.1/../../../../arm-atollic-eabi/lib/armv7e-m/fpu\libc_nano.a(lib_a-impure.o)
 .ARM.attributes
                0x00000804       0x34 c:/programok/st/truestudio for stm32 9.0.0/armtools/bin/../lib/gcc/arm-atollic-eabi/6.3.1/../../../../arm-atollic-eabi/lib/armv7e-m/fpu\libc_nano.a(lib_a-init.o)
 .ARM.attributes
                0x00000838       0x34 c:/programok/st/truestudio for stm32 9.0.0/armtools/bin/../lib/gcc/arm-atollic-eabi/6.3.1/../../../../arm-atollic-eabi/lib/armv7e-m/fpu\libc_nano.a(lib_a-memcpy-stub.o)
 .ARM.attributes
                0x0000086c       0x34 c:/programok/st/truestudio for stm32 9.0.0/armtools/bin/../lib/gcc/arm-atollic-eabi/6.3.1/../../../../arm-atollic-eabi/lib/armv7e-m/fpu\libc_nano.a(lib_a-printf.o)
 .ARM.attributes
                0x000008a0       0x34 c:/programok/st/truestudio for stm32 9.0.0/armtools/bin/../lib/gcc/arm-atollic-eabi/6.3.1/../../../../arm-atollic-eabi/lib/armv7e-m/fpu\libc_nano.a(lib_a-puts.o)
 .ARM.attributes
                0x000008d4       0x34 c:/programok/st/truestudio for stm32 9.0.0/armtools/bin/../lib/gcc/arm-atollic-eabi/6.3.1/../../../../arm-atollic-eabi/lib/armv7e-m/fpu\libc_nano.a(lib_a-random.o)
 .ARM.attributes
                0x00000908       0x34 c:/programok/st/truestudio for stm32 9.0.0/armtools/bin/../lib/gcc/arm-atollic-eabi/6.3.1/../../../../arm-atollic-eabi/lib/armv7e-m/fpu\libc_nano.a(lib_a-reent.o)
 .ARM.attributes
                0x0000093c       0x34 c:/programok/st/truestudio for stm32 9.0.0/armtools/bin/../lib/gcc/arm-atollic-eabi/6.3.1/../../../../arm-atollic-eabi/lib/armv7e-m/fpu\libc_nano.a(lib_a-wbuf.o)
 .ARM.attributes
                0x00000970       0x34 c:/programok/st/truestudio for stm32 9.0.0/armtools/bin/../lib/gcc/arm-atollic-eabi/6.3.1/../../../../arm-atollic-eabi/lib/armv7e-m/fpu\libc_nano.a(lib_a-wsetup.o)
 .ARM.attributes
                0x000009a4       0x34 c:/programok/st/truestudio for stm32 9.0.0/armtools/bin/../lib/gcc/arm-atollic-eabi/6.3.1/../../../../arm-atollic-eabi/lib/armv7e-m/fpu\libc_nano.a(lib_a-fflush.o)
 .ARM.attributes
                0x000009d8       0x34 c:/programok/st/truestudio for stm32 9.0.0/armtools/bin/../lib/gcc/arm-atollic-eabi/6.3.1/../../../../arm-atollic-eabi/lib/armv7e-m/fpu\libc_nano.a(lib_a-findfp.o)
 .ARM.attributes
                0x00000a0c       0x34 c:/programok/st/truestudio for stm32 9.0.0/armtools/bin/../lib/gcc/arm-atollic-eabi/6.3.1/../../../../arm-atollic-eabi/lib/armv7e-m/fpu\libc_nano.a(lib_a-fwalk.o)
 .ARM.attributes
                0x00000a40       0x34 c:/programok/st/truestudio for stm32 9.0.0/armtools/bin/../lib/gcc/arm-atollic-eabi/6.3.1/../../../../arm-atollic-eabi/lib/armv7e-m/fpu\libc_nano.a(lib_a-makebuf.o)
 .ARM.attributes
                0x00000a74       0x34 c:/programok/st/truestudio for stm32 9.0.0/armtools/bin/../lib/gcc/arm-atollic-eabi/6.3.1/../../../../arm-atollic-eabi/lib/armv7e-m/fpu\libc_nano.a(lib_a-malloc.o)
 .ARM.attributes
                0x00000aa8       0x34 c:/programok/st/truestudio for stm32 9.0.0/armtools/bin/../lib/gcc/arm-atollic-eabi/6.3.1/../../../../arm-atollic-eabi/lib/armv7e-m/fpu\libc_nano.a(lib_a-memset.o)
 .ARM.attributes
                0x00000adc       0x34 c:/programok/st/truestudio for stm32 9.0.0/armtools/bin/../lib/gcc/arm-atollic-eabi/6.3.1/../../../../arm-atollic-eabi/lib/armv7e-m/fpu\libc_nano.a(lib_a-nano-freer.o)
 .ARM.attributes
                0x00000b10       0x34 c:/programok/st/truestudio for stm32 9.0.0/armtools/bin/../lib/gcc/arm-atollic-eabi/6.3.1/../../../../arm-atollic-eabi/lib/armv7e-m/fpu\libc_nano.a(lib_a-nano-mallocr.o)
 .ARM.attributes
                0x00000b44       0x34 c:/programok/st/truestudio for stm32 9.0.0/armtools/bin/../lib/gcc/arm-atollic-eabi/6.3.1/../../../../arm-atollic-eabi/lib/armv7e-m/fpu\libc_nano.a(lib_a-nano-vfprintf.o)
 .ARM.attributes
                0x00000b78       0x34 c:/programok/st/truestudio for stm32 9.0.0/armtools/bin/../lib/gcc/arm-atollic-eabi/6.3.1/../../../../arm-atollic-eabi/lib/armv7e-m/fpu\libc_nano.a(lib_a-nano-vfprintf_i.o)
 .ARM.attributes
                0x00000bac       0x34 c:/programok/st/truestudio for stm32 9.0.0/armtools/bin/../lib/gcc/arm-atollic-eabi/6.3.1/../../../../arm-atollic-eabi/lib/armv7e-m/fpu\libc_nano.a(lib_a-sbrkr.o)
 .ARM.attributes
                0x00000be0       0x34 c:/programok/st/truestudio for stm32 9.0.0/armtools/bin/../lib/gcc/arm-atollic-eabi/6.3.1/../../../../arm-atollic-eabi/lib/armv7e-m/fpu\libc_nano.a(lib_a-stdio.o)
 .ARM.attributes
                0x00000c14       0x34 c:/programok/st/truestudio for stm32 9.0.0/armtools/bin/../lib/gcc/arm-atollic-eabi/6.3.1/../../../../arm-atollic-eabi/lib/armv7e-m/fpu\libc_nano.a(lib_a-writer.o)
 .ARM.attributes
                0x00000c48       0x34 c:/programok/st/truestudio for stm32 9.0.0/armtools/bin/../lib/gcc/arm-atollic-eabi/6.3.1/../../../../arm-atollic-eabi/lib/armv7e-m/fpu\libc_nano.a(lib_a-closer.o)
 .ARM.attributes
                0x00000c7c       0x34 c:/programok/st/truestudio for stm32 9.0.0/armtools/bin/../lib/gcc/arm-atollic-eabi/6.3.1/../../../../arm-atollic-eabi/lib/armv7e-m/fpu\libc_nano.a(lib_a-fstatr.o)
 .ARM.attributes
                0x00000cb0       0x34 c:/programok/st/truestudio for stm32 9.0.0/armtools/bin/../lib/gcc/arm-atollic-eabi/6.3.1/../../../../arm-atollic-eabi/lib/armv7e-m/fpu\libc_nano.a(lib_a-isattyr.o)
 .ARM.attributes
                0x00000ce4       0x34 c:/programok/st/truestudio for stm32 9.0.0/armtools/bin/../lib/gcc/arm-atollic-eabi/6.3.1/../../../../arm-atollic-eabi/lib/armv7e-m/fpu\libc_nano.a(lib_a-lseekr.o)
 .ARM.attributes
                0x00000d18       0x20 c:/programok/st/truestudio for stm32 9.0.0/armtools/bin/../lib/gcc/arm-atollic-eabi/6.3.1/../../../../arm-atollic-eabi/lib/armv7e-m/fpu\libc_nano.a(lib_a-memchr.o)
 .ARM.attributes
                0x00000d38       0x34 c:/programok/st/truestudio for stm32 9.0.0/armtools/bin/../lib/gcc/arm-atollic-eabi/6.3.1/../../../../arm-atollic-eabi/lib/armv7e-m/fpu\libc_nano.a(lib_a-mlock.o)
 .ARM.attributes
                0x00000d6c       0x34 c:/programok/st/truestudio for stm32 9.0.0/armtools/bin/../lib/gcc/arm-atollic-eabi/6.3.1/../../../../arm-atollic-eabi/lib/armv7e-m/fpu\libc_nano.a(lib_a-readr.o)
 .ARM.attributes
                0x00000da0       0x22 c:/programok/st/truestudio for stm32 9.0.0/armtools/bin/../lib/gcc/arm-atollic-eabi/6.3.1/armv7e-m/fpu\libgcc.a(_aeabi_uldivmod.o)
 .ARM.attributes
                0x00000dc2       0x34 c:/programok/st/truestudio for stm32 9.0.0/armtools/bin/../lib/gcc/arm-atollic-eabi/6.3.1/armv7e-m/fpu\libgcc.a(_udivmoddi4.o)
 .ARM.attributes
                0x00000df6       0x22 c:/programok/st/truestudio for stm32 9.0.0/armtools/bin/../lib/gcc/arm-atollic-eabi/6.3.1/armv7e-m/fpu\libgcc.a(_dvmd_tls.o)
 .ARM.attributes
                0x00000e18       0x22 c:/programok/st/truestudio for stm32 9.0.0/armtools/bin/../lib/gcc/arm-atollic-eabi/6.3.1/armv7e-m/fpu/crtn.o
OUTPUT(f407vet_app_rtos_fsmc.elf elf32-littlearm)

.debug_info     0x00000000    0x282ec
 .debug_info    0x00000000     0x11c8 Drivers\STM32F4xx_HAL_Driver\Src\stm32f4xx_hal.o
 .debug_info    0x000011c8     0x1746 Drivers\STM32F4xx_HAL_Driver\Src\stm32f4xx_hal_cortex.o
 .debug_info    0x0000290e      0xf83 Drivers\STM32F4xx_HAL_Driver\Src\stm32f4xx_hal_gpio.o
 .debug_info    0x00003891     0x124b Drivers\STM32F4xx_HAL_Driver\Src\stm32f4xx_hal_rcc.o
 .debug_info    0x00004adc      0xe7f Drivers\STM32F4xx_HAL_Driver\Src\stm32f4xx_hal_rcc_ex.o
 .debug_info    0x0000595b     0x1640 Drivers\STM32F4xx_HAL_Driver\Src\stm32f4xx_hal_rtc.o
 .debug_info    0x00006f9b     0x13cc Drivers\STM32F4xx_HAL_Driver\Src\stm32f4xx_hal_sram.o
 .debug_info    0x00008367     0x3670 Drivers\STM32F4xx_HAL_Driver\Src\stm32f4xx_hal_tim.o
 .debug_info    0x0000b9d7     0x1b12 Drivers\STM32F4xx_HAL_Driver\Src\stm32f4xx_hal_tim_ex.o
 .debug_info    0x0000d4e9     0x12ad Drivers\STM32F4xx_HAL_Driver\Src\stm32f4xx_ll_fsmc.o
 .debug_info    0x0000e796     0x2455 Middlewares\Third_Party\FreeRTOS\Source\CMSIS_RTOS\cmsis_os.o
 .debug_info    0x00010beb      0xac0 Middlewares\Third_Party\FreeRTOS\Source\list.o
 .debug_info    0x000116ab      0x530 Middlewares\Third_Party\FreeRTOS\Source\portable\GCC\ARM_CM4F\port.o
 .debug_info    0x00011bdb      0xc64 Middlewares\Third_Party\FreeRTOS\Source\portable\MemMang\heap_4.o
 .debug_info    0x0001283f     0x2027 Middlewares\Third_Party\FreeRTOS\Source\queue.o
 .debug_info    0x00014866     0x29c2 Middlewares\Third_Party\FreeRTOS\Source\tasks.o
 .debug_info    0x00017228     0x1863 Middlewares\Third_Party\FreeRTOS\Source\timers.o
 .debug_info    0x00018a8b     0x20c3 Src\App\appLcdSpeedTest.o
 .debug_info    0x0001ab4e      0x1e8 Src\App\beer_60x100_16.o
 .debug_info    0x0001ad36      0x14a Src\Lcd\Fonts\font12.o
 .debug_info    0x0001ae80      0x14a Src\Lcd\Fonts\font16.o
 .debug_info    0x0001afca      0x14a Src\Lcd\Fonts\font20.o
 .debug_info    0x0001b114      0x14a Src\Lcd\Fonts\font24.o
 .debug_info    0x0001b25e      0x14a Src\Lcd\Fonts\font8.o
 .debug_info    0x0001b3a8     0x2534 Src\Lcd\ili9325.o
 .debug_info    0x0001d8dc     0x168e Src\Lcd\lcdts_io8p_fsmc.o
 .debug_info    0x0001ef6a     0x1768 Src\Lcd\stm32_adafruit_lcd.o
 .debug_info    0x000206d2     0x205a Src\main.o
 .debug_info    0x0002272c     0x1850 Src\stm32f4xx_hal_msp.o
 .debug_info    0x00023f7c     0x13c1 Src\stm32f4xx_hal_timebase_TIM.o
 .debug_info    0x0002533d      0xeae Src\stm32f4xx_it.o
 .debug_info    0x000261eb     0x135c Src\syscalls.o
 .debug_info    0x00027547      0xd1c Src\system_stm32f4xx.o
 .debug_info    0x00028263       0x89 startup\startup_stm32f407xx.o

.debug_abbrev   0x00000000     0x4c24
 .debug_abbrev  0x00000000      0x2a8 Drivers\STM32F4xx_HAL_Driver\Src\stm32f4xx_hal.o
 .debug_abbrev  0x000002a8      0x3a8 Drivers\STM32F4xx_HAL_Driver\Src\stm32f4xx_hal_cortex.o
 .debug_abbrev  0x00000650      0x26a Drivers\STM32F4xx_HAL_Driver\Src\stm32f4xx_hal_gpio.o
 .debug_abbrev  0x000008ba      0x2f6 Drivers\STM32F4xx_HAL_Driver\Src\stm32f4xx_hal_rcc.o
 .debug_abbrev  0x00000bb0      0x23e Drivers\STM32F4xx_HAL_Driver\Src\stm32f4xx_hal_rcc_ex.o
 .debug_abbrev  0x00000dee      0x28b Drivers\STM32F4xx_HAL_Driver\Src\stm32f4xx_hal_rtc.o
 .debug_abbrev  0x00001079      0x262 Drivers\STM32F4xx_HAL_Driver\Src\stm32f4xx_hal_sram.o
 .debug_abbrev  0x000012db      0x2a1 Drivers\STM32F4xx_HAL_Driver\Src\stm32f4xx_hal_tim.o
 .debug_abbrev  0x0000157c      0x2a1 Drivers\STM32F4xx_HAL_Driver\Src\stm32f4xx_hal_tim_ex.o
 .debug_abbrev  0x0000181d      0x23c Drivers\STM32F4xx_HAL_Driver\Src\stm32f4xx_ll_fsmc.o
 .debug_abbrev  0x00001a59      0x3af Middlewares\Third_Party\FreeRTOS\Source\CMSIS_RTOS\cmsis_os.o
 .debug_abbrev  0x00001e08      0x1e3 Middlewares\Third_Party\FreeRTOS\Source\list.o
 .debug_abbrev  0x00001feb      0x202 Middlewares\Third_Party\FreeRTOS\Source\portable\GCC\ARM_CM4F\port.o
 .debug_abbrev  0x000021ed      0x2df Middlewares\Third_Party\FreeRTOS\Source\portable\MemMang\heap_4.o
 .debug_abbrev  0x000024cc      0x346 Middlewares\Third_Party\FreeRTOS\Source\queue.o
 .debug_abbrev  0x00002812      0x394 Middlewares\Third_Party\FreeRTOS\Source\tasks.o
 .debug_abbrev  0x00002ba6      0x2b6 Middlewares\Third_Party\FreeRTOS\Source\timers.o
 .debug_abbrev  0x00002e5c      0x35b Src\App\appLcdSpeedTest.o
 .debug_abbrev  0x000031b7       0x79 Src\App\beer_60x100_16.o
 .debug_abbrev  0x00003230       0xa2 Src\Lcd\Fonts\font12.o
 .debug_abbrev  0x000032d2       0xa2 Src\Lcd\Fonts\font16.o
 .debug_abbrev  0x00003374       0xa2 Src\Lcd\Fonts\font20.o
 .debug_abbrev  0x00003416       0xa2 Src\Lcd\Fonts\font24.o
 .debug_abbrev  0x000034b8       0xa2 Src\Lcd\Fonts\font8.o
 .debug_abbrev  0x0000355a      0x2e5 Src\Lcd\ili9325.o
 .debug_abbrev  0x0000383f      0x2c3 Src\Lcd\lcdts_io8p_fsmc.o
 .debug_abbrev  0x00003b02      0x2e1 Src\Lcd\stm32_adafruit_lcd.o
 .debug_abbrev  0x00003de3      0x2d4 Src\main.o
 .debug_abbrev  0x000040b7      0x249 Src\stm32f4xx_hal_msp.o
 .debug_abbrev  0x00004300      0x25a Src\stm32f4xx_hal_timebase_TIM.o
 .debug_abbrev  0x0000455a      0x1e2 Src\stm32f4xx_it.o
 .debug_abbrev  0x0000473c      0x30c Src\syscalls.o
 .debug_abbrev  0x00004a48      0x1ca Src\system_stm32f4xx.o
 .debug_abbrev  0x00004c12       0x12 startup\startup_stm32f407xx.o

.debug_loc      0x00000000     0xf124
 .debug_loc     0x00000000      0x108 Drivers\STM32F4xx_HAL_Driver\Src\stm32f4xx_hal.o
 .debug_loc     0x00000108      0x5ce Drivers\STM32F4xx_HAL_Driver\Src\stm32f4xx_hal_cortex.o
 .debug_loc     0x000006d6      0x3fd Drivers\STM32F4xx_HAL_Driver\Src\stm32f4xx_hal_gpio.o
 .debug_loc     0x00000ad3      0x3e6 Drivers\STM32F4xx_HAL_Driver\Src\stm32f4xx_hal_rcc.o
 .debug_loc     0x00000eb9      0x2fb Drivers\STM32F4xx_HAL_Driver\Src\stm32f4xx_hal_rcc_ex.o
 .debug_loc     0x000011b4      0xb2f Drivers\STM32F4xx_HAL_Driver\Src\stm32f4xx_hal_rtc.o
 .debug_loc     0x00001ce3      0x7c3 Drivers\STM32F4xx_HAL_Driver\Src\stm32f4xx_hal_sram.o
 .debug_loc     0x000024a6     0x34bc Drivers\STM32F4xx_HAL_Driver\Src\stm32f4xx_hal_tim.o
 .debug_loc     0x00005962      0xe78 Drivers\STM32F4xx_HAL_Driver\Src\stm32f4xx_hal_tim_ex.o
 .debug_loc     0x000067da      0x6ab Drivers\STM32F4xx_HAL_Driver\Src\stm32f4xx_ll_fsmc.o
 .debug_loc     0x00006e85     0x10ca Middlewares\Third_Party\FreeRTOS\Source\CMSIS_RTOS\cmsis_os.o
 .debug_loc     0x00007f4f       0x70 Middlewares\Third_Party\FreeRTOS\Source\list.o
 .debug_loc     0x00007fbf      0x104 Middlewares\Third_Party\FreeRTOS\Source\portable\GCC\ARM_CM4F\port.o
 .debug_loc     0x000080c3      0x2a0 Middlewares\Third_Party\FreeRTOS\Source\portable\MemMang\heap_4.o
 .debug_loc     0x00008363      0xec6 Middlewares\Third_Party\FreeRTOS\Source\queue.o
 .debug_loc     0x00009229     0x159b Middlewares\Third_Party\FreeRTOS\Source\tasks.o
 .debug_loc     0x0000a7c4      0x980 Middlewares\Third_Party\FreeRTOS\Source\timers.o
 .debug_loc     0x0000b144      0xaec Src\App\appLcdSpeedTest.o
 .debug_loc     0x0000bc30      0xa58 Src\Lcd\ili9325.o
 .debug_loc     0x0000c688      0x8cb Src\Lcd\lcdts_io8p_fsmc.o
 .debug_loc     0x0000cf53     0x1bc5 Src\Lcd\stm32_adafruit_lcd.o
 .debug_loc     0x0000eb18       0x7c Src\main.o
 .debug_loc     0x0000eb94       0x42 Src\stm32f4xx_hal_msp.o
 .debug_loc     0x0000ebd6       0x6a Src\stm32f4xx_hal_timebase_TIM.o
 .debug_loc     0x0000ec40      0x3a6 Src\syscalls.o
 .debug_loc     0x0000efe6      0x13e Src\system_stm32f4xx.o

.debug_aranges  0x00000000     0x15b8
 .debug_aranges
                0x00000000       0xe0 Drivers\STM32F4xx_HAL_Driver\Src\stm32f4xx_hal.o
 .debug_aranges
                0x000000e0       0xa8 Drivers\STM32F4xx_HAL_Driver\Src\stm32f4xx_hal_cortex.o
 .debug_aranges
                0x00000188       0x58 Drivers\STM32F4xx_HAL_Driver\Src\stm32f4xx_hal_gpio.o
 .debug_aranges
                0x000001e0       0x88 Drivers\STM32F4xx_HAL_Driver\Src\stm32f4xx_hal_rcc.o
 .debug_aranges
                0x00000268       0x48 Drivers\STM32F4xx_HAL_Driver\Src\stm32f4xx_hal_rcc_ex.o
 .debug_aranges
                0x000002b0       0xb8 Drivers\STM32F4xx_HAL_Driver\Src\stm32f4xx_hal_rtc.o
 .debug_aranges
                0x00000368       0xa0 Drivers\STM32F4xx_HAL_Driver\Src\stm32f4xx_hal_sram.o
 .debug_aranges
                0x00000408      0x368 Drivers\STM32F4xx_HAL_Driver\Src\stm32f4xx_hal_tim.o
 .debug_aranges
                0x00000770      0x140 Drivers\STM32F4xx_HAL_Driver\Src\stm32f4xx_hal_tim_ex.o
 .debug_aranges
                0x000008b0       0xa8 Drivers\STM32F4xx_HAL_Driver\Src\stm32f4xx_ll_fsmc.o
 .debug_aranges
                0x00000958      0x1d8 Middlewares\Third_Party\FreeRTOS\Source\CMSIS_RTOS\cmsis_os.o
 .debug_aranges
                0x00000b30       0x40 Middlewares\Third_Party\FreeRTOS\Source\list.o
 .debug_aranges
                0x00000b70       0x80 Middlewares\Third_Party\FreeRTOS\Source\portable\GCC\ARM_CM4F\port.o
 .debug_aranges
                0x00000bf0       0x50 Middlewares\Third_Party\FreeRTOS\Source\portable\MemMang\heap_4.o
 .debug_aranges
                0x00000c40       0xe8 Middlewares\Third_Party\FreeRTOS\Source\queue.o
 .debug_aranges
                0x00000d28      0x198 Middlewares\Third_Party\FreeRTOS\Source\tasks.o
 .debug_aranges
                0x00000ec0       0xb8 Middlewares\Third_Party\FreeRTOS\Source\timers.o
 .debug_aranges